Archive member included because of file (symbol)

C:\sloeber\arduinoPlugin\packages\arduino\hardware\sam\1.6.11\variants\arduino_due_x/libsam_sam3x8e_gcc_rel.a(startup_sam3xa.o)
                              (Reset_Handler)
C:\sloeber\arduinoPlugin\packages\arduino\hardware\sam\1.6.11\variants\arduino_due_x/libsam_sam3x8e_gcc_rel.a(uotghs.o)
                              C:\sloeber\arduinoPlugin\packages\arduino\hardware\sam\1.6.11\variants\arduino_due_x/libsam_sam3x8e_gcc_rel.a(startup_sam3xa.o) (UOTGHS_Handler)
C:/Users/Labtop/Documents/sloeber-workspace/Thesis_ReaderCodeArduinoDue/Release/arduino.ar(variant.cpp.o)
                              C:\sloeber\arduinoPlugin\packages\arduino\hardware\sam\1.6.11\variants\arduino_due_x/libsam_sam3x8e_gcc_rel.a(startup_sam3xa.o) (UART_Handler)
C:/Users/Labtop/Documents/sloeber-workspace/Thesis_ReaderCodeArduinoDue/Release/arduino.ar(Print.cpp.o)
                              .\sloeber.ino.cpp.o (Print::print(char const*))
C:/Users/Labtop/Documents/sloeber-workspace/Thesis_ReaderCodeArduinoDue/Release/arduino.ar(RingBuffer.cpp.o)
                              C:/Users/Labtop/Documents/sloeber-workspace/Thesis_ReaderCodeArduinoDue/Release/arduino.ar(variant.cpp.o) (RingBuffer::RingBuffer())
C:/Users/Labtop/Documents/sloeber-workspace/Thesis_ReaderCodeArduinoDue/Release/arduino.ar(UARTClass.cpp.o)
                              C:/Users/Labtop/Documents/sloeber-workspace/Thesis_ReaderCodeArduinoDue/Release/arduino.ar(variant.cpp.o) (UARTClass::available())
C:/Users/Labtop/Documents/sloeber-workspace/Thesis_ReaderCodeArduinoDue/Release/arduino.ar(USARTClass.cpp.o)
                              C:/Users/Labtop/Documents/sloeber-workspace/Thesis_ReaderCodeArduinoDue/Release/arduino.ar(variant.cpp.o) (USARTClass::USARTClass(Usart*, IRQn, unsigned long, RingBuffer*, RingBuffer*))
C:/Users/Labtop/Documents/sloeber-workspace/Thesis_ReaderCodeArduinoDue/Release/arduino.ar(WInterrupts.c.o)
                              C:\sloeber\arduinoPlugin\packages\arduino\hardware\sam\1.6.11\variants\arduino_due_x/libsam_sam3x8e_gcc_rel.a(startup_sam3xa.o) (PIOA_Handler)
C:/Users/Labtop/Documents/sloeber-workspace/Thesis_ReaderCodeArduinoDue/Release/arduino.ar(abi.cpp.o)
                              C:/Users/Labtop/Documents/sloeber-workspace/Thesis_ReaderCodeArduinoDue/Release/arduino.ar(Print.cpp.o) (__cxa_pure_virtual)
C:/Users/Labtop/Documents/sloeber-workspace/Thesis_ReaderCodeArduinoDue/Release/arduino.ar(cortex_handlers.c.o)
                              C:\sloeber\arduinoPlugin\packages\arduino\hardware\sam\1.6.11\variants\arduino_due_x/libsam_sam3x8e_gcc_rel.a(startup_sam3xa.o) (NMI_Handler)
C:/Users/Labtop/Documents/sloeber-workspace/Thesis_ReaderCodeArduinoDue/Release/arduino.ar(hooks.c.o)
                              C:/Users/Labtop/Documents/sloeber-workspace/Thesis_ReaderCodeArduinoDue/Release/arduino.ar(cortex_handlers.c.o) (sysTickHook)
C:/Users/Labtop/Documents/sloeber-workspace/Thesis_ReaderCodeArduinoDue/Release/arduino.ar(main.cpp.o)
                              c:/sloeber/arduinoplugin/packages/arduino/tools/arm-none-eabi-gcc/4.8.3-2014q1/bin/../lib/gcc/arm-none-eabi/4.8.3/../../../../arm-none-eabi/lib/armv7-m/crt0.o (main)
C:/Users/Labtop/Documents/sloeber-workspace/Thesis_ReaderCodeArduinoDue/Release/arduino.ar(syscalls_sam3.c.o)
                              (_sbrk)
C:/Users/Labtop/Documents/sloeber-workspace/Thesis_ReaderCodeArduinoDue/Release/arduino.ar(watchdog.cpp.o)
                              C:/Users/Labtop/Documents/sloeber-workspace/Thesis_ReaderCodeArduinoDue/Release/arduino.ar(main.cpp.o) (watchdogSetup())
C:/Users/Labtop/Documents/sloeber-workspace/Thesis_ReaderCodeArduinoDue/Release/arduino.ar(wiring.c.o)
                              .\sloeber.ino.cpp.o (micros)
C:/Users/Labtop/Documents/sloeber-workspace/Thesis_ReaderCodeArduinoDue/Release/arduino.ar(wiring_analog.c.o)
                              .\sloeber.ino.cpp.o (analogReadResolution)
C:/Users/Labtop/Documents/sloeber-workspace/Thesis_ReaderCodeArduinoDue/Release/arduino.ar(wiring_digital.c.o)
                              .\sloeber.ino.cpp.o (pinMode)
C:/Users/Labtop/Documents/sloeber-workspace/Thesis_ReaderCodeArduinoDue/Release/arduino.ar(USBCore.cpp.o)
                              C:/Users/Labtop/Documents/sloeber-workspace/Thesis_ReaderCodeArduinoDue/Release/arduino.ar(main.cpp.o) (USBDevice_::attach())
C:/Users/Labtop/Documents/sloeber-workspace/Thesis_ReaderCodeArduinoDue/Release/arduino.ar(Reset.cpp.o)
                              C:/Users/Labtop/Documents/sloeber-workspace/Thesis_ReaderCodeArduinoDue/Release/arduino.ar(cortex_handlers.c.o) (tickReset)
C:/Users/Labtop/Documents/sloeber-workspace/Thesis_ReaderCodeArduinoDue/Release/arduino.ar(CDC.cpp.o)
                              C:/Users/Labtop/Documents/sloeber-workspace/Thesis_ReaderCodeArduinoDue/Release/arduino.ar(USBCore.cpp.o) (Serial_::accept())
[...]
Memory Configuration

Name             Origin             Length             Attributes
rom              0x00080000         0x00080000         xr
sram0            0x20000000         0x00010000         xrw
sram1            0x20080000         0x00008000         xrw
ram              0x20070000         0x00018000         xrw
*default*        0x00000000         0xffffffff

Linker script and memory map

LOAD c:/sloeber/arduinoplugin/packages/arduino/tools/arm-none-eabi-gcc/4.8.3-2014q1/bin/../lib/gcc/arm-none-eabi/4.8.3/armv7-m/crti.o
LOAD c:/sloeber/arduinoplugin/packages/arduino/tools/arm-none-eabi-gcc/4.8.3-2014q1/bin/../lib/gcc/arm-none-eabi/4.8.3/armv7-m/crtbegin.o
LOAD c:/sloeber/arduinoplugin/packages/arduino/tools/arm-none-eabi-gcc/4.8.3-2014q1/bin/../lib/gcc/arm-none-eabi/4.8.3/../../../../arm-none-eabi/lib/armv7-m/crt0.o
START GROUP
LOAD .\sloeber.ino.cpp.o
LOAD C:\sloeber\arduinoPlugin\packages\arduino\hardware\sam\1.6.11\variants\arduino_due_x/libsam_sam3x8e_gcc_rel.a
LOAD C:/Users/Labtop/Documents/sloeber-workspace/Thesis_ReaderCodeArduinoDue/Release/arduino.ar
END GROUP
LOAD c:/sloeber/arduinoplugin/packages/arduino/tools/arm-none-eabi-gcc/4.8.3-2014q1/bin/../lib/gcc/arm-none-eabi/4.8.3/../../../../arm-none-eabi/lib/armv7-m\libm.a
START GROUP
LOAD c:/sloeber/arduinoplugin/packages/arduino/tools/arm-none-eabi-gcc/4.8.3-2014q1/bin/../lib/gcc/arm-none-eabi/4.8.3/armv7-m\libgcc.a
LOAD c:/sloeber/arduinoplugin/packages/arduino/tools/arm-none-eabi-gcc/4.8.3-2014q1/bin/../lib/gcc/arm-none-eabi/4.8.3/../../../../arm-none-eabi/lib/armv7-m\libg.a
LOAD c:/sloeber/arduinoplugin/packages/arduino/tools/arm-none-eabi-gcc/4.8.3-2014q1/bin/../lib/gcc/arm-none-eabi/4.8.3/../../../../arm-none-eabi/lib/armv7-m\libc.a
END GROUP
LOAD c:/sloeber/arduinoplugin/packages/arduino/tools/arm-none-eabi-gcc/4.8.3-2014q1/bin/../lib/gcc/arm-none-eabi/4.8.3/armv7-m/crtend.o
LOAD c:/sloeber/arduinoplugin/packages/arduino/tools/arm-none-eabi-gcc/4.8.3-2014q1/bin/../lib/gcc/arm-none-eabi/4.8.3/armv7-m/crtn.o

.text           0x00080000     0x6b14
                0x00080000                . = ALIGN (0x4)
                0x00080000                _sfixed = .
 *(.vectors .vectors.*)
 .vectors       0x00080000       0xf4 C:\sloeber\arduinoPlugin\packages\arduino\hardware\sam\1.6.11\variants\arduino_due_x/libsam_sam3x8e_gcc_rel.a(startup_sam3xa.o)
                0x00080000                exception_table
 *(.text .text.* .gnu.linkonce.t.*)
 .text          0x000800f4       0x54 c:/sloeber/arduinoplugin/packages/arduino/tools/arm-none-eabi-gcc/4.8.3-2014q1/bin/../lib/gcc/arm-none-eabi/4.8.3/armv7-m/crtbegin.o
 .text._Z13waitForRisingv
                0x00080148       0x34 .\sloeber.ino.cpp.o
                0x00080148                waitForRising()
 .text._Z10getAveragePji
                0x0008017c       0x44 .\sloeber.ino.cpp.o
                0x0008017c                getAverage(unsigned int*, int)
 .text._Z11getVariancePji
                0x000801c0       0x68 .\sloeber.ino.cpp.o
                0x000801c0                getVariance(unsigned int*, int)
 .text._Z8readDatav
                0x00080228       0xf8 .\sloeber.ino.cpp.o
                0x00080228                readData()
 .text._Z11checkErrorsi
                0x00080320      0x168 .\sloeber.ino.cpp.o
                0x00080320                checkErrors(int)
 .text._Z17printReceivedDatav
                0x00080488       0x60 .\sloeber.ino.cpp.o
                0x00080488                printReceivedData()
 .text._Z9sendPoweri
                0x000804e8       0x2e .\sloeber.ino.cpp.o
                0x000804e8                sendPower(int)
 *fill*         0x00080516        0x2 
 .text._Z7BERTestv
                0x00080518      0x1b0 .\sloeber.ino.cpp.o
                0x00080518                BERTest()
 .text.loop     0x000806c8       0x5c .\sloeber.ino.cpp.o
                0x000806c8                loop
 .text.setup    0x00080724       0x44 .\sloeber.ino.cpp.o
                0x00080724                setup
 .text.Reset_Handler
                0x00080768       0x78 C:\sloeber\arduinoPlugin\packages\arduino\hardware\sam\1.6.11\variants\arduino_due_x/libsam_sam3x8e_gcc_rel.a(startup_sam3xa.o)
                0x00080768                Reset_Handler
 .text.UOTGHS_Handler
                0x000807e0       0x10 C:\sloeber\arduinoPlugin\packages\arduino\hardware\sam\1.6.11\variants\arduino_due_x/libsam_sam3x8e_gcc_rel.a(uotghs.o)
                0x000807e0                UOTGHS_Handler
 .text._Z11serialEventv
                0x000807f0        0x2 C:/Users/Labtop/Documents/sloeber-workspace/Thesis_ReaderCodeArduinoDue/Release/arduino.ar(variant.cpp.o)
                0x000807f0                serialEvent()
 *fill*         0x000807f2        0x2 
 .text.UART_Handler
                0x000807f4        0xc C:/Users/Labtop/Documents/sloeber-workspace/Thesis_ReaderCodeArduinoDue/Release/arduino.ar(variant.cpp.o)
                0x000807f4                UART_Handler
 .text._Z12serialEvent1v
                0x00080800        0x2 C:/Users/Labtop/Documents/sloeber-workspace/Thesis_ReaderCodeArduinoDue/Release/arduino.ar(variant.cpp.o)
                0x00080800                serialEvent1()
 .text._Z12serialEvent2v
                0x00080802        0x2 C:/Users/Labtop/Documents/sloeber-workspace/Thesis_ReaderCodeArduinoDue/Release/arduino.ar(variant.cpp.o)
                0x00080802                serialEvent2()
 .text._Z12serialEvent3v
                0x00080804        0x2 C:/Users/Labtop/Documents/sloeber-workspace/Thesis_ReaderCodeArduinoDue/Release/arduino.ar(variant.cpp.o)
                0x00080804                serialEvent3()
 *fill*         0x00080806        0x2 
 .text.USART0_Handler
                0x00080808        0xc C:/Users/Labtop/Documents/sloeber-workspace/Thesis_ReaderCodeArduinoDue/Release/arduino.ar(variant.cpp.o)
                0x00080808                USART0_Handler
 .text.USART1_Handler
                0x00080814        0xc C:/Users/Labtop/Documents/sloeber-workspace/Thesis_ReaderCodeArduinoDue/Release/arduino.ar(variant.cpp.o)
                0x00080814                USART1_Handler
 .text.USART3_Handler
                0x00080820        0xc C:/Users/Labtop/Documents/sloeber-workspace/Thesis_ReaderCodeArduinoDue/Release/arduino.ar(variant.cpp.o)
                0x00080820                USART3_Handler
 .text.init     0x0008082c      0x128 C:/Users/Labtop/Documents/sloeber-workspace/Thesis_ReaderCodeArduinoDue/Release/arduino.ar(variant.cpp.o)
                0x0008082c                init
 .text.startup._GLOBAL__sub_I_g_APinDescription
                0x00080954       0xd4 C:/Users/Labtop/Documents/sloeber-workspace/Thesis_ReaderCodeArduinoDue/Release/arduino.ar(variant.cpp.o)
 .text._Z14serialEventRunv
                0x00080a28       0x44 C:/Users/Labtop/Documents/sloeber-workspace/Thesis_ReaderCodeArduinoDue/Release/arduino.ar(variant.cpp.o)
                0x00080a28                serialEventRun()
 .text._ZN5Print5writeEPKhj
                0x00080a6c       0x22 C:/Users/Labtop/Documents/sloeber-workspace/Thesis_ReaderCodeArduinoDue/Release/arduino.ar(Print.cpp.o)
                0x00080a6c                Print::write(unsigned char const*, unsigned int)
 .text._ZN5Print5printEmi.part.3
                0x00080a8e        0xc C:/Users/Labtop/Documents/sloeber-workspace/Thesis_ReaderCodeArduinoDue/Release/arduino.ar(Print.cpp.o)
 .text._ZN5Print5writeEPKc
                0x00080a9a       0x1e C:/Users/Labtop/Documents/sloeber-workspace/Thesis_ReaderCodeArduinoDue/Release/arduino.ar(Print.cpp.o)
                0x00080a9a                Print::write(char const*)
 .text._ZN5Print5printEPKc
                0x00080ab8        0x8 C:/Users/Labtop/Documents/sloeber-workspace/Thesis_ReaderCodeArduinoDue/Release/arduino.ar(Print.cpp.o)
                0x00080ab8                Print::print(char const*)
 .text._ZN5Print5printEc
                0x00080ac0        0xa C:/Users/Labtop/Documents/sloeber-workspace/Thesis_ReaderCodeArduinoDue/Release/arduino.ar(Print.cpp.o)
                0x00080ac0                Print::print(char)
 *fill*         0x00080aca        0x2 
 .text._ZN5Print7printlnEv
                0x00080acc       0x10 C:/Users/Labtop/Documents/sloeber-workspace/Thesis_ReaderCodeArduinoDue/Release/arduino.ar(Print.cpp.o)
                0x00080acc                Print::println()
 .text._ZN5Print7printlnEPKc
                0x00080adc       0x14 C:/Users/Labtop/Documents/sloeber-workspace/Thesis_ReaderCodeArduinoDue/Release/arduino.ar(Print.cpp.o)
                0x00080adc                Print::println(char const*)
 .text._ZN5Print11printNumberEmh
                0x00080af0       0x3e C:/Users/Labtop/Documents/sloeber-workspace/Thesis_ReaderCodeArduinoDue/Release/arduino.ar(Print.cpp.o)
                0x00080af0                Print::printNumber(unsigned long, unsigned char)
 .text._ZN5Print5printEli
                0x00080b2e       0x3c C:/Users/Labtop/Documents/sloeber-workspace/Thesis_ReaderCodeArduinoDue/Release/arduino.ar(Print.cpp.o)
                0x00080b2e                Print::print(long, int)
 .text._ZN5Print5printEii
                0x00080b6a        0x4 C:/Users/Labtop/Documents/sloeber-workspace/Thesis_ReaderCodeArduinoDue/Release/arduino.ar(Print.cpp.o)
                0x00080b6a                Print::print(int, int)
 .text._ZN5Print7printlnEii
                0x00080b6e       0x14 C:/Users/Labtop/Documents/sloeber-workspace/Thesis_ReaderCodeArduinoDue/Release/arduino.ar(Print.cpp.o)
                0x00080b6e                Print::println(int, int)
 .text._ZN5Print5printEmi
                0x00080b82        0xc C:/Users/Labtop/Documents/sloeber-workspace/Thesis_ReaderCodeArduinoDue/Release/arduino.ar(Print.cpp.o)
                0x00080b82                Print::print(unsigned long, int)
 .text._ZN5Print5printEhi
                0x00080b8e        0x4 C:/Users/Labtop/Documents/sloeber-workspace/Thesis_ReaderCodeArduinoDue/Release/arduino.ar(Print.cpp.o)
                0x00080b8e                Print::print(unsigned char, int)
 *fill*         0x00080b92        0x2 
 .text._ZN5Print10printFloatEdh
                0x00080b94      0x148 C:/Users/Labtop/Documents/sloeber-workspace/Thesis_ReaderCodeArduinoDue/Release/arduino.ar(Print.cpp.o)
                0x00080b94                Print::printFloat(double, unsigned char)
 .text._ZN5Print5printEdi
                0x00080cdc        0xa C:/Users/Labtop/Documents/sloeber-workspace/Thesis_ReaderCodeArduinoDue/Release/arduino.ar(Print.cpp.o)
                0x00080cdc                Print::print(double, int)
 .text._ZN5Print7printlnEdi
                0x00080ce6       0x1c C:/Users/Labtop/Documents/sloeber-workspace/Thesis_ReaderCodeArduinoDue/Release/arduino.ar(Print.cpp.o)
                0x00080ce6                Print::println(double, int)
 .text._ZN10RingBufferC2Ev
                0x00080d02       0x1a C:/Users/Labtop/Documents/sloeber-workspace/Thesis_ReaderCodeArduinoDue/Release/arduino.ar(RingBuffer.cpp.o)
                0x00080d02                RingBuffer::RingBuffer()
                0x00080d02                RingBuffer::RingBuffer()
 .text._ZN10RingBuffer10store_charEh
                0x00080d1c       0x1e C:/Users/Labtop/Documents/sloeber-workspace/Thesis_ReaderCodeArduinoDue/Release/arduino.ar(RingBuffer.cpp.o)
                0x00080d1c                RingBuffer::store_char(unsigned char)
 .text._ZN9UARTClasscvbEv
                0x00080d3a        0x4 C:/Users/Labtop/Documents/sloeber-workspace/Thesis_ReaderCodeArduinoDue/Release/arduino.ar(UARTClass.cpp.o)
                0x00080d3a                UARTClass::operator bool()
 .text._ZN9UARTClass9availableEv
                0x00080d3e       0x12 C:/Users/Labtop/Documents/sloeber-workspace/Thesis_ReaderCodeArduinoDue/Release/arduino.ar(UARTClass.cpp.o)
                0x00080d3e                UARTClass::available()
 .text._ZN9UARTClass4peekEv
                0x00080d50       0x1c C:/Users/Labtop/Documents/sloeber-workspace/Thesis_ReaderCodeArduinoDue/Release/arduino.ar(UARTClass.cpp.o)
                0x00080d50                UARTClass::peek()
 .text._ZN9UARTClass4readEv
                0x00080d6c       0x2a C:/Users/Labtop/Documents/sloeber-workspace/Thesis_ReaderCodeArduinoDue/Release/arduino.ar(UARTClass.cpp.o)
                0x00080d6c                UARTClass::read()
 .text._ZN9UARTClass5flushEv
                0x00080d96       0x18 C:/Users/Labtop/Documents/sloeber-workspace/Thesis_ReaderCodeArduinoDue/Release/arduino.ar(UARTClass.cpp.o)
                0x00080d96                UARTClass::flush()
 *fill*         0x00080dae        0x2 
 .text._ZN9UARTClass5writeEh
                0x00080db0       0x54 C:/Users/Labtop/Documents/sloeber-workspace/Thesis_ReaderCodeArduinoDue/Release/arduino.ar(UARTClass.cpp.o)
                0x00080db0                UARTClass::write(unsigned char)
 .text._ZN9UARTClass3endEv
                0x00080e04       0x3c C:/Users/Labtop/Documents/sloeber-workspace/Thesis_ReaderCodeArduinoDue/Release/arduino.ar(UARTClass.cpp.o)
                0x00080e04                UARTClass::end()
 .text._ZN9UARTClassC2EP4Uart4IRQnmP10RingBufferS4_
                0x00080e40       0x24 C:/Users/Labtop/Documents/sloeber-workspace/Thesis_ReaderCodeArduinoDue/Release/arduino.ar(UARTClass.cpp.o)
                0x00080e40                UARTClass::UARTClass(Uart*, IRQn, unsigned long, RingBuffer*, RingBuffer*)
                0x00080e40                UARTClass::UARTClass(Uart*, IRQn, unsigned long, RingBuffer*, RingBuffer*)
 .text._ZN9UARTClass4initEmm
                0x00080e64       0x70 C:/Users/Labtop/Documents/sloeber-workspace/Thesis_ReaderCodeArduinoDue/Release/arduino.ar(UARTClass.cpp.o)
                0x00080e64                UARTClass::init(unsigned long, unsigned long)
 .text._ZN9UARTClass5beginEm
                0x00080ed4        0x8 C:/Users/Labtop/Documents/sloeber-workspace/Thesis_ReaderCodeArduinoDue/Release/arduino.ar(UARTClass.cpp.o)
                0x00080ed4                UARTClass::begin(unsigned long)
 .text._ZN9UARTClass10IrqHandlerEv
                0x00080edc       0x5a C:/Users/Labtop/Documents/sloeber-workspace/Thesis_ReaderCodeArduinoDue/Release/arduino.ar(UARTClass.cpp.o)
                0x00080edc                UARTClass::IrqHandler()
 .text._ZN10USARTClass5beginEm
                0x00080f36        0x8 C:/Users/Labtop/Documents/sloeber-workspace/Thesis_ReaderCodeArduinoDue/Release/arduino.ar(USARTClass.cpp.o)
                0x00080f36                USARTClass::begin(unsigned long)
 *fill*         0x00080f3e        0x2 
 .text._ZN10USARTClassC2EP5Usart4IRQnmP10RingBufferS4_
                0x00080f40       0x24 C:/Users/Labtop/Documents/sloeber-workspace/Thesis_ReaderCodeArduinoDue/Release/arduino.ar(USARTClass.cpp.o)
                0x00080f40                USARTClass::USARTClass(Usart*, IRQn, unsigned long, RingBuffer*, RingBuffer*)
                0x00080f40                USARTClass::USARTClass(Usart*, IRQn, unsigned long, RingBuffer*, RingBuffer*)
 .text.PIOA_Handler
                0x00080f64       0x38 C:/Users/Labtop/Documents/sloeber-workspace/Thesis_ReaderCodeArduinoDue/Release/arduino.ar(WInterrupts.c.o)
                0x00080f64                PIOA_Handler
 .text.PIOB_Handler
                0x00080f9c       0x38 C:/Users/Labtop/Documents/sloeber-workspace/Thesis_ReaderCodeArduinoDue/Release/arduino.ar(WInterrupts.c.o)
                0x00080f9c                PIOB_Handler
 .text.PIOC_Handler
                0x00080fd4       0x38 C:/Users/Labtop/Documents/sloeber-workspace/Thesis_ReaderCodeArduinoDue/Release/arduino.ar(WInterrupts.c.o)
                0x00080fd4                PIOC_Handler
 .text.PIOD_Handler
                0x0008100c       0x38 C:/Users/Labtop/Documents/sloeber-workspace/Thesis_ReaderCodeArduinoDue/Release/arduino.ar(WInterrupts.c.o)
                0x0008100c                PIOD_Handler
 .text.__halt   0x00081044        0x2 C:/Users/Labtop/Documents/sloeber-workspace/Thesis_ReaderCodeArduinoDue/Release/arduino.ar(cortex_handlers.c.o)
                0x00081044                DACC_Handler
                0x00081044                DebugMon_Handler
                0x00081044                DMAC_Handler
                0x00081044                TRNG_Handler
                0x00081044                HardFault_Handler
                0x00081044                TC2_Handler
                0x00081044                TWI1_Handler
                0x00081044                NMI_Handler
                0x00081044                TC7_Handler
                0x00081044                ADC_Handler
                0x00081044                SMC_Handler
                0x00081044                RTT_Handler
                0x00081044                EFC1_Handler
                0x00081044                RTC_Handler
                0x00081044                UsageFault_Handler
                0x00081044                TC6_Handler
                0x00081044                WDT_Handler
                0x00081044                CAN0_Handler
                0x00081044                TC4_Handler
                0x00081044                TC1_Handler
                0x00081044                HSMCI_Handler
                0x00081044                TC3_Handler
                0x00081044                TWI0_Handler
                0x00081044                SSC_Handler
                0x00081044                EFC0_Handler
                0x00081044                PMC_Handler
                0x00081044                PWM_Handler
                0x00081044                CAN1_Handler
                0x00081044                MemManage_Handler
                0x00081044                SUPC_Handler
                0x00081044                TC8_Handler
                0x00081044                USART2_Handler
                0x00081044                EMAC_Handler
                0x00081044                BusFault_Handler
                0x00081044                RSTC_Handler
                0x00081044                TC0_Handler
                0x00081044                TC5_Handler
                0x00081044                SPI0_Handler
 .text.SVC_Handler
                0x00081046        0x4 C:/Users/Labtop/Documents/sloeber-workspace/Thesis_ReaderCodeArduinoDue/Release/arduino.ar(cortex_handlers.c.o)
                0x00081046                SVC_Handler
 .text.PendSV_Handler
                0x0008104a        0x4 C:/Users/Labtop/Documents/sloeber-workspace/Thesis_ReaderCodeArduinoDue/Release/arduino.ar(cortex_handlers.c.o)
                0x0008104a                PendSV_Handler
 .text.SysTick_Handler
                0x0008104e       0x16 C:/Users/Labtop/Documents/sloeber-workspace/Thesis_ReaderCodeArduinoDue/Release/arduino.ar(cortex_handlers.c.o)
                0x0008104e                SysTick_Handler
 .text.__empty  0x00081064        0x2 C:/Users/Labtop/Documents/sloeber-workspace/Thesis_ReaderCodeArduinoDue/Release/arduino.ar(hooks.c.o)
                0x00081064                yield
 .text.__false  0x00081066        0x4 C:/Users/Labtop/Documents/sloeber-workspace/Thesis_ReaderCodeArduinoDue/Release/arduino.ar(hooks.c.o)
                0x00081066                sysTickHook
 .text.__halt   0x0008106a        0x2 C:/Users/Labtop/Documents/sloeber-workspace/Thesis_ReaderCodeArduinoDue/Release/arduino.ar(hooks.c.o)
                0x0008106a                svcHook
                0x0008106a                pendSVHook
 .text.initVariant
                0x0008106c        0x2 C:/Users/Labtop/Documents/sloeber-workspace/Thesis_ReaderCodeArduinoDue/Release/arduino.ar(main.cpp.o)
                0x0008106c                initVariant
 *fill*         0x0008106e        0x2 
 .text.startup.main
                0x00081070       0x38 C:/Users/Labtop/Documents/sloeber-workspace/Thesis_ReaderCodeArduinoDue/Release/arduino.ar(main.cpp.o)
                0x00081070                main
 .text._sbrk    0x000810a8       0x1c C:/Users/Labtop/Documents/sloeber-workspace/Thesis_ReaderCodeArduinoDue/Release/arduino.ar(syscalls_sam3.c.o)
                0x000810a8                _sbrk
 .text.link     0x000810c4        0x6 C:/Users/Labtop/Documents/sloeber-workspace/Thesis_ReaderCodeArduinoDue/Release/arduino.ar(syscalls_sam3.c.o)
                0x000810c4                link
 .text._close   0x000810ca        0x6 C:/Users/Labtop/Documents/sloeber-workspace/Thesis_ReaderCodeArduinoDue/Release/arduino.ar(syscalls_sam3.c.o)
                0x000810ca                _close
 .text._fstat   0x000810d0        0xa C:/Users/Labtop/Documents/sloeber-workspace/Thesis_ReaderCodeArduinoDue/Release/arduino.ar(syscalls_sam3.c.o)
                0x000810d0                _fstat
 .text._isatty  0x000810da        0x4 C:/Users/Labtop/Documents/sloeber-workspace/Thesis_ReaderCodeArduinoDue/Release/arduino.ar(syscalls_sam3.c.o)
                0x000810da                _isatty
 .text._lseek   0x000810de        0x4 C:/Users/Labtop/Documents/sloeber-workspace/Thesis_ReaderCodeArduinoDue/Release/arduino.ar(syscalls_sam3.c.o)
                0x000810de                _lseek
 .text._read    0x000810e2        0x4 C:/Users/Labtop/Documents/sloeber-workspace/Thesis_ReaderCodeArduinoDue/Release/arduino.ar(syscalls_sam3.c.o)
                0x000810e2                _read
 *fill*         0x000810e6        0x2 
 .text._write   0x000810e8       0x24 C:/Users/Labtop/Documents/sloeber-workspace/Thesis_ReaderCodeArduinoDue/Release/arduino.ar(syscalls_sam3.c.o)
                0x000810e8                _write
 .text._exit    0x0008110c       0x10 C:/Users/Labtop/Documents/sloeber-workspace/Thesis_ReaderCodeArduinoDue/Release/arduino.ar(syscalls_sam3.c.o)
                0x0008110c                _exit
 .text._kill    0x0008111c        0x2 C:/Users/Labtop/Documents/sloeber-workspace/Thesis_ReaderCodeArduinoDue/Release/arduino.ar(syscalls_sam3.c.o)
                0x0008111c                _kill
 .text._getpid  0x0008111e        0x6 C:/Users/Labtop/Documents/sloeber-workspace/Thesis_ReaderCodeArduinoDue/Release/arduino.ar(syscalls_sam3.c.o)
                0x0008111e                _getpid
 .text._watchdogDefaultSetup
                0x00081124        0xc C:/Users/Labtop/Documents/sloeber-workspace/Thesis_ReaderCodeArduinoDue/Release/arduino.ar(watchdog.cpp.o)
                0x00081124                _watchdogDefaultSetup
                0x00081124                watchdogSetup()
 .text.micros   0x00081130       0x74 C:/Users/Labtop/Documents/sloeber-workspace/Thesis_ReaderCodeArduinoDue/Release/arduino.ar(wiring.c.o)
                0x00081130                micros
 .text.delay    0x000811a4       0x1c C:/Users/Labtop/Documents/sloeber-workspace/Thesis_ReaderCodeArduinoDue/Release/arduino.ar(wiring.c.o)
                0x000811a4                delay
 .text.mapResolution
                0x000811c0       0x12 C:/Users/Labtop/Documents/sloeber-workspace/Thesis_ReaderCodeArduinoDue/Release/arduino.ar(wiring_analog.c.o)
 *fill*         0x000811d2        0x2 
 .text.analogReadResolution
                0x000811d4        0xc C:/Users/Labtop/Documents/sloeber-workspace/Thesis_ReaderCodeArduinoDue/Release/arduino.ar(wiring_analog.c.o)
                0x000811d4                analogReadResolution
 .text.analogRead
                0x000811e0       0x9c C:/Users/Labtop/Documents/sloeber-workspace/Thesis_ReaderCodeArduinoDue/Release/arduino.ar(wiring_analog.c.o)
                0x000811e0                analogRead
 .text.analogOutputInit
                0x0008127c        0x2 C:/Users/Labtop/Documents/sloeber-workspace/Thesis_ReaderCodeArduinoDue/Release/arduino.ar(wiring_analog.c.o)
                0x0008127c                analogOutputInit
 *fill*         0x0008127e        0x2 
 .text.pinMode  0x00081280      0x108 C:/Users/Labtop/Documents/sloeber-workspace/Thesis_ReaderCodeArduinoDue/Release/arduino.ar(wiring_digital.c.o)
                0x00081280                pinMode
 .text.digitalWrite
                0x00081388       0x70 C:/Users/Labtop/Documents/sloeber-workspace/Thesis_ReaderCodeArduinoDue/Release/arduino.ar(wiring_digital.c.o)
                0x00081388                digitalWrite
 .text.unlikely._ZL11USB_SendZlpv
                0x000813f8       0x20 C:/Users/Labtop/Documents/sloeber-workspace/Thesis_ReaderCodeArduinoDue/Release/arduino.ar(USBCore.cpp.o)
 .text._Z14USBD_Availablem
                0x00081418       0x2c C:/Users/Labtop/Documents/sloeber-workspace/Thesis_ReaderCodeArduinoDue/Release/arduino.ar(USBCore.cpp.o)
                0x00081418                USBD_Available(unsigned long)
 .text._Z9USBD_RecvmPvm
                0x00081444       0x7c C:/Users/Labtop/Documents/sloeber-workspace/Thesis_ReaderCodeArduinoDue/Release/arduino.ar(USBCore.cpp.o)
                0x00081444                USBD_Recv(unsigned long, void*, unsigned long)
 .text._Z9USBD_Recvm
                0x000814c0       0x22 C:/Users/Labtop/Documents/sloeber-workspace/Thesis_ReaderCodeArduinoDue/Release/arduino.ar(USBCore.cpp.o)
                0x000814c0                USBD_Recv(unsigned long)
 *fill*         0x000814e2        0x2 
 .text._Z9USBD_SendmPKvm
                0x000814e4       0x4c C:/Users/Labtop/Documents/sloeber-workspace/Thesis_ReaderCodeArduinoDue/Release/arduino.ar(USBCore.cpp.o)
                0x000814e4                USBD_Send(unsigned long, void const*, unsigned long)
 .text._Z16USBD_SendControlhPKvm
                0x00081530       0x40 C:/Users/Labtop/Documents/sloeber-workspace/Thesis_ReaderCodeArduinoDue/Release/arduino.ar(USBCore.cpp.o)
                0x00081530                USBD_SendControl(unsigned char, void const*, unsigned long)
 .text.unlikely._ZL24USB_SendStringDescriptorPKhi
                0x00081570       0x64 C:/Users/Labtop/Documents/sloeber-workspace/Thesis_ReaderCodeArduinoDue/Release/arduino.ar(USBCore.cpp.o)
 .text._Z16USBD_RecvControlPvm
                0x000815d4       0x1c C:/Users/Labtop/Documents/sloeber-workspace/Thesis_ReaderCodeArduinoDue/Release/arduino.ar(USBCore.cpp.o)
                0x000815d4                USBD_RecvControl(void*, unsigned long)
 .text._Z26USBD_ClassInterfaceRequestR8USBSetup
                0x000815f0       0x1e C:/Users/Labtop/Documents/sloeber-workspace/Thesis_ReaderCodeArduinoDue/Release/arduino.ar(USBCore.cpp.o)
                0x000815f0                USBD_ClassInterfaceRequest(USBSetup&)
 .text._Z19USBD_SendInterfacesv
                0x0008160e       0x22 C:/Users/Labtop/Documents/sloeber-workspace/Thesis_ReaderCodeArduinoDue/Release/arduino.ar(USBCore.cpp.o)
                0x0008160e                USBD_SendInterfaces()
 .text._Z24USBD_SendOtherInterfacesv
                0x00081630       0x22 C:/Users/Labtop/Documents/sloeber-workspace/Thesis_ReaderCodeArduinoDue/Release/arduino.ar(USBCore.cpp.o)
                0x00081630                USBD_SendOtherInterfaces()
 .text._Z10USBD_Flushm
                0x00081652       0x16 C:/Users/Labtop/Documents/sloeber-workspace/Thesis_ReaderCodeArduinoDue/Release/arduino.ar(USBCore.cpp.o)
                0x00081652                USBD_Flush(unsigned long)
 .text._ZN10USBDevice_C2Ev
                0x00081668       0x24 C:/Users/Labtop/Documents/sloeber-workspace/Thesis_ReaderCodeArduinoDue/Release/arduino.ar(USBCore.cpp.o)
                0x00081668                USBDevice_::USBDevice_()
                0x00081668                USBDevice_::USBDevice_()
 .text._ZN10USBDevice_6attachEv
                0x0008168c       0x20 C:/Users/Labtop/Documents/sloeber-workspace/Thesis_ReaderCodeArduinoDue/Release/arduino.ar(USBCore.cpp.o)
                0x0008168c                USBDevice_::attach()
 .text.startup._GLOBAL__sub_I_EndPoints
                0x000816ac        0xc C:/Users/Labtop/Documents/sloeber-workspace/Thesis_ReaderCodeArduinoDue/Release/arduino.ar(USBCore.cpp.o)
 .text._ZL7USB_ISRv
                0x000816b8      0x454 C:/Users/Labtop/Documents/sloeber-workspace/Thesis_ReaderCodeArduinoDue/Release/arduino.ar(USBCore.cpp.o)
 .text.initiateReset
                0x00081b0c        0xc C:/Users/Labtop/Documents/sloeber-workspace/Thesis_ReaderCodeArduinoDue/Release/arduino.ar(Reset.cpp.o)
                0x00081b0c                initiateReset
 .text.cancelReset
                0x00081b18       0x10 C:/Users/Labtop/Documents/sloeber-workspace/Thesis_ReaderCodeArduinoDue/Release/arduino.ar(Reset.cpp.o)
                0x00081b18                cancelReset
 .text.tickReset
                0x00081b28       0x20 C:/Users/Labtop/Documents/sloeber-workspace/Thesis_ReaderCodeArduinoDue/Release/arduino.ar(Reset.cpp.o)
                0x00081b28                tickReset
 .text._ZN7Serial_9availableEv
                0x00081b48       0x18 C:/Users/Labtop/Documents/sloeber-workspace/Thesis_ReaderCodeArduinoDue/Release/arduino.ar(CDC.cpp.o)
                0x00081b48                Serial_::available()
 .text._ZN7Serial_17availableForWriteEv
                0x00081b60        0x6 C:/Users/Labtop/Documents/sloeber-workspace/Thesis_ReaderCodeArduinoDue/Release/arduino.ar(CDC.cpp.o)
                0x00081b60                Serial_::availableForWrite()
 *fill*         0x00081b66        0x2 
 .text._ZN7Serial_4peekEv
                0x00081b68       0x20 C:/Users/Labtop/Documents/sloeber-workspace/Thesis_ReaderCodeArduinoDue/Release/arduino.ar(CDC.cpp.o)
                0x00081b68                Serial_::peek()
 .text._ZN7Serial_5writeEh
                0x00081b88       0x16 C:/Users/Labtop/Documents/sloeber-workspace/Thesis_ReaderCodeArduinoDue/Release/arduino.ar(CDC.cpp.o)
                0x00081b88                Serial_::write(unsigned char)
 *fill*         0x00081b9e        0x2 
 .text._ZN7Serial_4readEv
                0x00081ba0       0x44 C:/Users/Labtop/Documents/sloeber-workspace/Thesis_ReaderCodeArduinoDue/Release/arduino.ar(CDC.cpp.o)
                0x00081ba0                Serial_::read()
 .text._ZN7Serial_5flushEv
                0x00081be4        0x6 C:/Users/Labtop/Documents/sloeber-workspace/Thesis_ReaderCodeArduinoDue/Release/arduino.ar(CDC.cpp.o)
                0x00081be4                Serial_::flush()
 *fill*         0x00081bea        0x2 
 .text._ZN7Serial_6acceptEv
                0x00081bec       0x70 C:/Users/Labtop/Documents/sloeber-workspace/Thesis_ReaderCodeArduinoDue/Release/arduino.ar(CDC.cpp.o)
                0x00081bec                Serial_::accept()
 .text._ZN7Serial_5writeEPKhj
                0x00081c5c       0x2c C:/Users/Labtop/Documents/sloeber-workspace/Thesis_ReaderCodeArduinoDue/Release/arduino.ar(CDC.cpp.o)
                0x00081c5c                Serial_::write(unsigned char const*, unsigned int)
 .text._Z16CDC_GetInterfacePh
                0x00081c88       0x14 C:/Users/Labtop/Documents/sloeber-workspace/Thesis_ReaderCodeArduinoDue/Release/arduino.ar(CDC.cpp.o)
                0x00081c88                CDC_GetInterface(unsigned char*)
 .text._Z21CDC_GetOtherInterfacePh
                0x00081c9c       0x14 C:/Users/Labtop/Documents/sloeber-workspace/Thesis_ReaderCodeArduinoDue/Release/arduino.ar(CDC.cpp.o)
                0x00081c9c                CDC_GetOtherInterface(unsigned char*)
 .text._Z9CDC_SetupR8USBSetup
                0x00081cb0       0x78 C:/Users/Labtop/Documents/sloeber-workspace/Thesis_ReaderCodeArduinoDue/Release/arduino.ar(CDC.cpp.o)
                0x00081cb0                CDC_Setup(USBSetup&)
 .text.startup._GLOBAL__sub_I_cdc_rx_buffer
                0x00081d28       0x1c C:/Users/Labtop/Documents/sloeber-workspace/Thesis_ReaderCodeArduinoDue/Release/arduino.ar(CDC.cpp.o)
 .text._ZN13PluggableUSB_12getInterfaceEPh
                0x00081d44       0x28 C:/Users/Labtop/Documents/sloeber-workspace/Thesis_ReaderCodeArduinoDue/Release/arduino.ar(PluggableUSB.cpp.o)
                0x00081d44                PluggableUSB_::getInterface(unsigned char*)
 .text._ZN13PluggableUSB_13getDescriptorER8USBSetup
                0x00081d6c       0x1c C:/Users/Labtop/Documents/sloeber-workspace/Thesis_ReaderCodeArduinoDue/Release/arduino.ar(PluggableUSB.cpp.o)
                0x00081d6c                PluggableUSB_::getDescriptor(USBSetup&)
 .text._ZN13PluggableUSB_12getShortNameEPc
                0x00081d88       0x1c C:/Users/Labtop/Documents/sloeber-workspace/Thesis_ReaderCodeArduinoDue/Release/arduino.ar(PluggableUSB.cpp.o)
                0x00081d88                PluggableUSB_::getShortName(char*)
 .text._ZN13PluggableUSB_5setupER8USBSetup
                0x00081da4       0x20 C:/Users/Labtop/Documents/sloeber-workspace/Thesis_ReaderCodeArduinoDue/Release/arduino.ar(PluggableUSB.cpp.o)
                0x00081da4                PluggableUSB_::setup(USBSetup&)
 .text._Z12PluggableUSBv
                0x00081dc4       0x28 C:/Users/Labtop/Documents/sloeber-workspace/Thesis_ReaderCodeArduinoDue/Release/arduino.ar(PluggableUSB.cpp.o)
                0x00081dc4                PluggableUSB()
 .text.PIO_PullUp
                0x00081dec        0xa C:\sloeber\arduinoPlugin\packages\arduino\hardware\sam\1.6.11\variants\arduino_due_x/libsam_sam3x8e_gcc_rel.a(pio.o)
                0x00081dec                PIO_PullUp
 .text.PIO_SetPeripheral
                0x00081df6       0x26 C:\sloeber\arduinoPlugin\packages\arduino\hardware\sam\1.6.11\variants\arduino_due_x/libsam_sam3x8e_gcc_rel.a(pio.o)
                0x00081df6                PIO_SetPeripheral
 .text.PIO_SetInput
                0x00081e1c       0x26 C:\sloeber\arduinoPlugin\packages\arduino\hardware\sam\1.6.11\variants\arduino_due_x/libsam_sam3x8e_gcc_rel.a(pio.o)
                0x00081e1c                PIO_SetInput
 .text.PIO_SetOutput
                0x00081e42       0x24 C:\sloeber\arduinoPlugin\packages\arduino\hardware\sam\1.6.11\variants\arduino_due_x/libsam_sam3x8e_gcc_rel.a(pio.o)
                0x00081e42                PIO_SetOutput
 *fill*         0x00081e66        0x2 
 .text.PIO_Configure
                0x00081e68       0x64 C:\sloeber\arduinoPlugin\packages\arduino\hardware\sam\1.6.11\variants\arduino_due_x/libsam_sam3x8e_gcc_rel.a(pio.o)
                0x00081e68                PIO_Configure
 .text.PIO_GetOutputDataStatus
                0x00081ecc       0x14 C:\sloeber\arduinoPlugin\packages\arduino\hardware\sam\1.6.11\variants\arduino_due_x/libsam_sam3x8e_gcc_rel.a(pio.o)
                0x00081ecc                PIO_GetOutputDataStatus
 .text.pmc_enable_upll_clock
                0x00081ee0       0x14 C:\sloeber\arduinoPlugin\packages\arduino\hardware\sam\1.6.11\variants\arduino_due_x/libsam_sam3x8e_gcc_rel.a(pmc.o)
                0x00081ee0                pmc_enable_upll_clock
 .text.pmc_enable_periph_clk
                0x00081ef4       0x44 C:\sloeber\arduinoPlugin\packages\arduino\hardware\sam\1.6.11\variants\arduino_due_x/libsam_sam3x8e_gcc_rel.a(pmc.o)
                0x00081ef4                pmc_enable_periph_clk
 .text.pmc_disable_periph_clk
                0x00081f38       0x40 C:\sloeber\arduinoPlugin\packages\arduino\hardware\sam\1.6.11\variants\arduino_due_x/libsam_sam3x8e_gcc_rel.a(pmc.o)
                0x00081f38                pmc_disable_periph_clk
 .text.pmc_switch_udpck_to_upllck
                0x00081f78       0x14 C:\sloeber\arduinoPlugin\packages\arduino\hardware\sam\1.6.11\variants\arduino_due_x/libsam_sam3x8e_gcc_rel.a(pmc.o)
                0x00081f78                pmc_switch_udpck_to_upllck
 .text.pmc_enable_udpck
                0x00081f8c        0xc C:\sloeber\arduinoPlugin\packages\arduino\hardware\sam\1.6.11\variants\arduino_due_x/libsam_sam3x8e_gcc_rel.a(pmc.o)
                0x00081f8c                pmc_enable_udpck
 .text.TimeTick_Increment
                0x00081f98       0x10 C:\sloeber\arduinoPlugin\packages\arduino\hardware\sam\1.6.11\variants\arduino_due_x/libsam_sam3x8e_gcc_rel.a(timetick.o)
                0x00081f98                TimeTick_Increment
 .text.GetTickCount
                0x00081fa8        0xc C:\sloeber\arduinoPlugin\packages\arduino\hardware\sam\1.6.11\variants\arduino_due_x/libsam_sam3x8e_gcc_rel.a(timetick.o)
                0x00081fa8                GetTickCount
 .text.WDT_Disable
                0x00081fb4        0x8 C:\sloeber\arduinoPlugin\packages\arduino\hardware\sam\1.6.11\variants\arduino_due_x/libsam_sam3x8e_gcc_rel.a(wdt.o)
                0x00081fb4                WDT_Disable
 .text.SystemInit
                0x00081fbc       0x88 C:\sloeber\arduinoPlugin\packages\arduino\hardware\sam\1.6.11\variants\arduino_due_x/libsam_sam3x8e_gcc_rel.a(system_sam3xa.o)
                0x00081fbc                SystemInit
 .text.adc_init
                0x00082044       0x98 C:\sloeber\arduinoPlugin\packages\arduino\hardware\sam\1.6.11\variants\arduino_due_x/libsam_sam3x8e_gcc_rel.a(adc.o)
                0x00082044                adc_init
 .text.adc_configure_trigger
                0x000820dc        0xe C:\sloeber\arduinoPlugin\packages\arduino\hardware\sam\1.6.11\variants\arduino_due_x/libsam_sam3x8e_gcc_rel.a(adc.o)
                0x000820dc                adc_configure_trigger
 .text.adc_configure_timing
                0x000820ea       0x1a C:\sloeber\arduinoPlugin\packages\arduino\hardware\sam\1.6.11\variants\arduino_due_x/libsam_sam3x8e_gcc_rel.a(adc.o)
                0x000820ea                adc_configure_timing
 .text.adc_start
                0x00082104        0x6 C:\sloeber\arduinoPlugin\packages\arduino\hardware\sam\1.6.11\variants\arduino_due_x/libsam_sam3x8e_gcc_rel.a(adc.o)
                0x00082104                adc_start
 .text.adc_enable_channel
                0x0008210a        0xa C:\sloeber\arduinoPlugin\packages\arduino\hardware\sam\1.6.11\variants\arduino_due_x/libsam_sam3x8e_gcc_rel.a(adc.o)
                0x0008210a                adc_enable_channel
 .text.adc_disable_channel
                0x00082114        0xa C:\sloeber\arduinoPlugin\packages\arduino\hardware\sam\1.6.11\variants\arduino_due_x/libsam_sam3x8e_gcc_rel.a(adc.o)
                0x00082114                adc_disable_channel
 .text.adc_disable_all_channel
                0x0008211e        0x8 C:\sloeber\arduinoPlugin\packages\arduino\hardware\sam\1.6.11\variants\arduino_due_x/libsam_sam3x8e_gcc_rel.a(adc.o)
                0x0008211e                adc_disable_all_channel
 .text.adc_get_channel_status
                0x00082126        0xa C:\sloeber\arduinoPlugin\packages\arduino\hardware\sam\1.6.11\variants\arduino_due_x/libsam_sam3x8e_gcc_rel.a(adc.o)
                0x00082126                adc_get_channel_status
 .text.adc_get_latest_value
                0x00082130        0x4 C:\sloeber\arduinoPlugin\packages\arduino\hardware\sam\1.6.11\variants\arduino_due_x/libsam_sam3x8e_gcc_rel.a(adc.o)
                0x00082130                adc_get_latest_value
 .text.adc_disable_interrupt
                0x00082134        0x4 C:\sloeber\arduinoPlugin\packages\arduino\hardware\sam\1.6.11\variants\arduino_due_x/libsam_sam3x8e_gcc_rel.a(adc.o)
                0x00082134                adc_disable_interrupt
 .text.adc_get_status
                0x00082138        0x4 C:\sloeber\arduinoPlugin\packages\arduino\hardware\sam\1.6.11\variants\arduino_due_x/libsam_sam3x8e_gcc_rel.a(adc.o)
                0x00082138                adc_get_status
 .text.UDD_SetStack
                0x0008213c        0xc C:\sloeber\arduinoPlugin\packages\arduino\hardware\sam\1.6.11\variants\arduino_due_x/libsam_sam3x8e_gcc_rel.a(uotghs_device.o)
                0x0008213c                UDD_SetStack
 .text.UDD_Init
                0x00082148       0xd0 C:\sloeber\arduinoPlugin\packages\arduino\hardware\sam\1.6.11\variants\arduino_due_x/libsam_sam3x8e_gcc_rel.a(uotghs_device.o)
                0x00082148                UDD_Init
 .text.UDD_Attach
                0x00082218       0x50 C:\sloeber\arduinoPlugin\packages\arduino\hardware\sam\1.6.11\variants\arduino_due_x/libsam_sam3x8e_gcc_rel.a(uotghs_device.o)
                0x00082218                UDD_Attach
 .text.UDD_InitEP
                0x00082268       0x2c C:\sloeber\arduinoPlugin\packages\arduino\hardware\sam\1.6.11\variants\arduino_due_x/libsam_sam3x8e_gcc_rel.a(uotghs_device.o)
                0x00082268                UDD_InitEP
 .text.UDD_InitEndpoints
                0x00082294       0x3c C:\sloeber\arduinoPlugin\packages\arduino\hardware\sam\1.6.11\variants\arduino_due_x/libsam_sam3x8e_gcc_rel.a(uotghs_device.o)
                0x00082294                UDD_InitEndpoints
 .text.UDD_WaitIN
                0x000822d0       0x10 C:\sloeber\arduinoPlugin\packages\arduino\hardware\sam\1.6.11\variants\arduino_due_x/libsam_sam3x8e_gcc_rel.a(uotghs_device.o)
                0x000822d0                UDD_WaitIN
 .text.UDD_WaitOUT
                0x000822e0       0x10 C:\sloeber\arduinoPlugin\packages\arduino\hardware\sam\1.6.11\variants\arduino_due_x/libsam_sam3x8e_gcc_rel.a(uotghs_device.o)
                0x000822e0                UDD_WaitOUT
 .text.UDD_ClearIN
                0x000822f0       0x18 C:\sloeber\arduinoPlugin\packages\arduino\hardware\sam\1.6.11\variants\arduino_due_x/libsam_sam3x8e_gcc_rel.a(uotghs_device.o)
                0x000822f0                UDD_ClearIN
 .text.UDD_ClearOUT
                0x00082308       0x18 C:\sloeber\arduinoPlugin\packages\arduino\hardware\sam\1.6.11\variants\arduino_due_x/libsam_sam3x8e_gcc_rel.a(uotghs_device.o)
                0x00082308                UDD_ClearOUT
 .text.UDD_ReceivedSetupInt
                0x00082320       0x10 C:\sloeber\arduinoPlugin\packages\arduino\hardware\sam\1.6.11\variants\arduino_due_x/libsam_sam3x8e_gcc_rel.a(uotghs_device.o)
                0x00082320                UDD_ReceivedSetupInt
 .text.UDD_ClearSetupInt
                0x00082330       0x10 C:\sloeber\arduinoPlugin\packages\arduino\hardware\sam\1.6.11\variants\arduino_due_x/libsam_sam3x8e_gcc_rel.a(uotghs_device.o)
                0x00082330                UDD_ClearSetupInt
 .text.UDD_Send
                0x00082340       0x88 C:\sloeber\arduinoPlugin\packages\arduino\hardware\sam\1.6.11\variants\arduino_due_x/libsam_sam3x8e_gcc_rel.a(uotghs_device.o)
                0x00082340                UDD_Send
 .text.UDD_Send8
                0x000823c8       0x24 C:\sloeber\arduinoPlugin\packages\arduino\hardware\sam\1.6.11\variants\arduino_due_x/libsam_sam3x8e_gcc_rel.a(uotghs_device.o)
                0x000823c8                UDD_Send8
 .text.UDD_Recv8
                0x000823ec       0x28 C:\sloeber\arduinoPlugin\packages\arduino\hardware\sam\1.6.11\variants\arduino_due_x/libsam_sam3x8e_gcc_rel.a(uotghs_device.o)
                0x000823ec                UDD_Recv8
 .text.UDD_Recv
                0x00082414       0x34 C:\sloeber\arduinoPlugin\packages\arduino\hardware\sam\1.6.11\variants\arduino_due_x/libsam_sam3x8e_gcc_rel.a(uotghs_device.o)
                0x00082414                UDD_Recv
 .text.UDD_Stall
                0x00082448       0x14 C:\sloeber\arduinoPlugin\packages\arduino\hardware\sam\1.6.11\variants\arduino_due_x/libsam_sam3x8e_gcc_rel.a(uotghs_device.o)
                0x00082448                UDD_Stall
 .text.UDD_FifoByteCount
                0x0008245c       0x14 C:\sloeber\arduinoPlugin\packages\arduino\hardware\sam\1.6.11\variants\arduino_due_x/libsam_sam3x8e_gcc_rel.a(uotghs_device.o)
                0x0008245c                UDD_FifoByteCount
 .text.UDD_ReleaseRX
                0x00082470       0x28 C:\sloeber\arduinoPlugin\packages\arduino\hardware\sam\1.6.11\variants\arduino_due_x/libsam_sam3x8e_gcc_rel.a(uotghs_device.o)
                0x00082470                UDD_ReleaseRX
 .text.UDD_ReleaseTX
                0x00082498       0x28 C:\sloeber\arduinoPlugin\packages\arduino\hardware\sam\1.6.11\variants\arduino_due_x/libsam_sam3x8e_gcc_rel.a(uotghs_device.o)
                0x00082498                UDD_ReleaseTX
 .text.UDD_SetAddress
                0x000824c0       0x20 C:\sloeber\arduinoPlugin\packages\arduino\hardware\sam\1.6.11\variants\arduino_due_x/libsam_sam3x8e_gcc_rel.a(uotghs_device.o)
                0x000824c0                UDD_SetAddress
 .text.__fpclassifyd
                0x000824e0       0x50 c:/sloeber/arduinoplugin/packages/arduino/tools/arm-none-eabi-gcc/4.8.3-2014q1/bin/../lib/gcc/arm-none-eabi/4.8.3/../../../../arm-none-eabi/lib/armv7-m\libm.a(lib_a-s_fpclassify.o)
                0x000824e0                __fpclassifyd
 .text          0x00082530      0x370 c:/sloeber/arduinoplugin/packages/arduino/tools/arm-none-eabi-gcc/4.8.3-2014q1/bin/../lib/gcc/arm-none-eabi/4.8.3/armv7-m\libgcc.a(_arm_addsubdf3.o)
                0x00082530                __aeabi_drsub
                0x00082538                __aeabi_dsub
                0x00082538                __subdf3
                0x0008253c                __aeabi_dadd
                0x0008253c                __adddf3
                0x000827b4                __floatunsidf
                0x000827b4                __aeabi_ui2d
                0x000827d4                __floatsidf
                0x000827d4                __aeabi_i2d
                0x000827f8                __aeabi_f2d
                0x000827f8                __extendsfdf2
                0x00082834                __floatundidf
                0x00082834                __aeabi_ul2d
                0x00082844                __floatdidf
                0x00082844                __aeabi_l2d
 .text          0x000828a0      0x424 c:/sloeber/arduinoplugin/packages/arduino/tools/arm-none-eabi-gcc/4.8.3-2014q1/bin/../lib/gcc/arm-none-eabi/4.8.3/armv7-m\libgcc.a(_arm_muldivdf3.o)
                0x000828a0                __aeabi_dmul
                0x000828a0                __muldf3
                0x00082af4                __divdf3
                0x00082af4                __aeabi_ddiv
 .text          0x00082cc4      0x110 c:/sloeber/arduinoplugin/packages/arduino/tools/arm-none-eabi-gcc/4.8.3-2014q1/bin/../lib/gcc/arm-none-eabi/4.8.3/armv7-m\libgcc.a(_arm_cmpdf2.o)
                0x00082cc4                __gtdf2
                0x00082cc4                __gedf2
                0x00082ccc                __ltdf2
                0x00082ccc                __ledf2
                0x00082cd4                __nedf2
                0x00082cd4                __eqdf2
                0x00082cd4                __cmpdf2
                0x00082d50                __aeabi_cdrcmple
                0x00082d60                __aeabi_cdcmpeq
                0x00082d60                __aeabi_cdcmple
                0x00082d70                __aeabi_dcmpeq
                0x00082d84                __aeabi_dcmplt
                0x00082d98                __aeabi_dcmple
                0x00082dac                __aeabi_dcmpge
                0x00082dc0                __aeabi_dcmpgt
 .text          0x00082dd4       0x40 c:/sloeber/arduinoplugin/packages/arduino/tools/arm-none-eabi-gcc/4.8.3-2014q1/bin/../lib/gcc/arm-none-eabi/4.8.3/armv7-m\libgcc.a(_arm_fixunsdfsi.o)
                0x00082dd4                __aeabi_d2uiz
                0x00082dd4                __fixunsdfsi
 .text.__libc_init_array
                0x00082e14       0x50 c:/sloeber/arduinoplugin/packages/arduino/tools/arm-none-eabi-gcc/4.8.3-2014q1/bin/../lib/gcc/arm-none-eabi/4.8.3/../../../../arm-none-eabi/lib/armv7-m\libg.a(lib_a-init.o)
                0x00082e14                __libc_init_array
 .text.iprintf  0x00082e64       0x28 c:/sloeber/arduinoplugin/packages/arduino/tools/arm-none-eabi-gcc/4.8.3-2014q1/bin/../lib/gcc/arm-none-eabi/4.8.3/../../../../arm-none-eabi/lib/armv7-m\libg.a(lib_a-iprintf.o)
                0x00082e64                iprintf
 .text.memset   0x00082e8c       0x94 c:/sloeber/arduinoplugin/packages/arduino/tools/arm-none-eabi-gcc/4.8.3-2014q1/bin/../lib/gcc/arm-none-eabi/4.8.3/../../../../arm-none-eabi/lib/armv7-m\libg.a(lib_a-memset.o)
                0x00082e8c                memset
 .text.strlen   0x00082f20       0x60 c:/sloeber/arduinoplugin/packages/arduino/tools/arm-none-eabi-gcc/4.8.3-2014q1/bin/../lib/gcc/arm-none-eabi/4.8.3/../../../../arm-none-eabi/lib/armv7-m\libg.a(lib_a-strlen.o)
                0x00082f20                strlen
 .text.kill     0x00082f80       0x10 c:/sloeber/arduinoplugin/packages/arduino/tools/arm-none-eabi-gcc/4.8.3-2014q1/bin/../lib/gcc/arm-none-eabi/4.8.3/../../../../arm-none-eabi/lib/armv7-m\libg.a(lib_a-syskill.o)
                0x00082f80                kill
 .text.__sprint_r.part.0
                0x00082f90       0x78 c:/sloeber/arduinoplugin/packages/arduino/tools/arm-none-eabi-gcc/4.8.3-2014q1/bin/../lib/gcc/arm-none-eabi/4.8.3/../../../../arm-none-eabi/lib/armv7-m\libg.a(lib_a-vfiprintf.o)
 .text._vfiprintf_r
                0x00083008      0xc54 c:/sloeber/arduinoplugin/packages/arduino/tools/arm-none-eabi-gcc/4.8.3-2014q1/bin/../lib/gcc/arm-none-eabi/4.8.3/../../../../arm-none-eabi/lib/armv7-m\libg.a(lib_a-vfiprintf.o)
                0x00083008                _vfiprintf_r
 .text.__sbprintf
                0x00083c5c       0x7c c:/sloeber/arduinoplugin/packages/arduino/tools/arm-none-eabi-gcc/4.8.3-2014q1/bin/../lib/gcc/arm-none-eabi/4.8.3/../../../../arm-none-eabi/lib/armv7-m\libg.a(lib_a-vfiprintf.o)
 .text.__swsetup_r
                0x00083cd8       0xc4 c:/sloeber/arduinoplugin/packages/arduino/tools/arm-none-eabi-gcc/4.8.3-2014q1/bin/../lib/gcc/arm-none-eabi/4.8.3/../../../../arm-none-eabi/lib/armv7-m\libg.a(lib_a-wsetup.o)
                0x00083cd8                __swsetup_r
 .text.startup.register_fini
                0x00083d9c       0x14 c:/sloeber/arduinoplugin/packages/arduino/tools/arm-none-eabi-gcc/4.8.3-2014q1/bin/../lib/gcc/arm-none-eabi/4.8.3/../../../../arm-none-eabi/lib/armv7-m\libg.a(lib_a-__call_atexit.o)
 .text.atexit   0x00083db0        0xc c:/sloeber/arduinoplugin/packages/arduino/tools/arm-none-eabi-gcc/4.8.3-2014q1/bin/../lib/gcc/arm-none-eabi/4.8.3/../../../../arm-none-eabi/lib/armv7-m\libg.a(lib_a-atexit.o)
                0x00083db0                atexit
 .text.__sflush_r
                0x00083dbc      0x148 c:/sloeber/arduinoplugin/packages/arduino/tools/arm-none-eabi-gcc/4.8.3-2014q1/bin/../lib/gcc/arm-none-eabi/4.8.3/../../../../arm-none-eabi/lib/armv7-m\libg.a(lib_a-fflush.o)
                0x00083dbc                __sflush_r
 .text._fflush_r
                0x00083f04       0x2c c:/sloeber/arduinoplugin/packages/arduino/tools/arm-none-eabi-gcc/4.8.3-2014q1/bin/../lib/gcc/arm-none-eabi/4.8.3/../../../../arm-none-eabi/lib/armv7-m\libg.a(lib_a-fflush.o)
                0x00083f04                _fflush_r
 .text._cleanup_r
                0x00083f30        0xc c:/sloeber/arduinoplugin/packages/arduino/tools/arm-none-eabi-gcc/4.8.3-2014q1/bin/../lib/gcc/arm-none-eabi/4.8.3/../../../../arm-none-eabi/lib/armv7-m\libg.a(lib_a-findfp.o)
                0x00083f30                _cleanup_r
 .text.__sinit  0x00083f3c       0xf4 c:/sloeber/arduinoplugin/packages/arduino/tools/arm-none-eabi-gcc/4.8.3-2014q1/bin/../lib/gcc/arm-none-eabi/4.8.3/../../../../arm-none-eabi/lib/armv7-m\libg.a(lib_a-findfp.o)
                0x00083f3c                __sinit
 .text.__sfp_lock_acquire
                0x00084030        0x4 c:/sloeber/arduinoplugin/packages/arduino/tools/arm-none-eabi-gcc/4.8.3-2014q1/bin/../lib/gcc/arm-none-eabi/4.8.3/../../../../arm-none-eabi/lib/armv7-m\libg.a(lib_a-findfp.o)
                0x00084030                __sfp_lock_acquire
 .text.__sfp_lock_release
                0x00084034        0x4 c:/sloeber/arduinoplugin/packages/arduino/tools/arm-none-eabi-gcc/4.8.3-2014q1/bin/../lib/gcc/arm-none-eabi/4.8.3/../../../../arm-none-eabi/lib/armv7-m\libg.a(lib_a-findfp.o)
                0x00084034                __sfp_lock_release
 .text.__libc_fini_array
                0x00084038       0x30 c:/sloeber/arduinoplugin/packages/arduino/tools/arm-none-eabi-gcc/4.8.3-2014q1/bin/../lib/gcc/arm-none-eabi/4.8.3/../../../../arm-none-eabi/lib/armv7-m\libg.a(lib_a-fini.o)
                0x00084038                __libc_fini_array
 .text._fputwc_r
                0x00084068       0xc0 c:/sloeber/arduinoplugin/packages/arduino/tools/arm-none-eabi-gcc/4.8.3-2014q1/bin/../lib/gcc/arm-none-eabi/4.8.3/../../../../arm-none-eabi/lib/armv7-m\libg.a(lib_a-fputwc.o)
                0x00084068                _fputwc_r
 .text._malloc_trim_r
                0x00084128       0x9c c:/sloeber/arduinoplugin/packages/arduino/tools/arm-none-eabi-gcc/4.8.3-2014q1/bin/../lib/gcc/arm-none-eabi/4.8.3/../../../../arm-none-eabi/lib/armv7-m\libg.a(lib_a-freer.o)
                0x00084128                _malloc_trim_r
 .text._free_r  0x000841c4      0x198 c:/sloeber/arduinoplugin/packages/arduino/tools/arm-none-eabi-gcc/4.8.3-2014q1/bin/../lib/gcc/arm-none-eabi/4.8.3/../../../../arm-none-eabi/lib/armv7-m\libg.a(lib_a-freer.o)
                0x000841c4                _free_r
 .text.__sfvwrite_r
                0x0008435c      0x314 c:/sloeber/arduinoplugin/packages/arduino/tools/arm-none-eabi-gcc/4.8.3-2014q1/bin/../lib/gcc/arm-none-eabi/4.8.3/../../../../arm-none-eabi/lib/armv7-m\libg.a(lib_a-fvwrite.o)
                0x0008435c                __sfvwrite_r
 .text._fwalk   0x00084670       0x48 c:/sloeber/arduinoplugin/packages/arduino/tools/arm-none-eabi-gcc/4.8.3-2014q1/bin/../lib/gcc/arm-none-eabi/4.8.3/../../../../arm-none-eabi/lib/armv7-m\libg.a(lib_a-fwalk.o)
                0x00084670                _fwalk
 .text.__locale_charset
                0x000846b8        0x8 c:/sloeber/arduinoplugin/packages/arduino/tools/arm-none-eabi-gcc/4.8.3-2014q1/bin/../lib/gcc/arm-none-eabi/4.8.3/../../../../arm-none-eabi/lib/armv7-m\libg.a(lib_a-locale.o)
                0x000846b8                __locale_charset
 .text.__locale_mb_cur_max
                0x000846c0        0xc c:/sloeber/arduinoplugin/packages/arduino/tools/arm-none-eabi-gcc/4.8.3-2014q1/bin/../lib/gcc/arm-none-eabi/4.8.3/../../../../arm-none-eabi/lib/armv7-m\libg.a(lib_a-locale.o)
                0x000846c0                __locale_mb_cur_max
 .text.__smakebuf_r
                0x000846cc       0xe0 c:/sloeber/arduinoplugin/packages/arduino/tools/arm-none-eabi-gcc/4.8.3-2014q1/bin/../lib/gcc/arm-none-eabi/4.8.3/../../../../arm-none-eabi/lib/armv7-m\libg.a(lib_a-makebuf.o)
                0x000846cc                __smakebuf_r
 .text._malloc_r
                0x000847ac      0x538 c:/sloeber/arduinoplugin/packages/arduino/tools/arm-none-eabi-gcc/4.8.3-2014q1/bin/../lib/gcc/arm-none-eabi/4.8.3/../../../../arm-none-eabi/lib/armv7-m\libg.a(lib_a-mallocr.o)
                0x000847ac                _malloc_r
 .text.memchr   0x00084ce4       0x94 c:/sloeber/arduinoplugin/packages/arduino/tools/arm-none-eabi-gcc/4.8.3-2014q1/bin/../lib/gcc/arm-none-eabi/4.8.3/../../../../arm-none-eabi/lib/armv7-m\libg.a(lib_a-memchr-stub.o)
                0x00084ce4                memchr
 .text          0x00084d78       0xec c:/sloeber/arduinoplugin/packages/arduino/tools/arm-none-eabi-gcc/4.8.3-2014q1/bin/../lib/gcc/arm-none-eabi/4.8.3/../../../../arm-none-eabi/lib/armv7-m\libg.a(lib_a-memcpy.o)
                0x00084d78                memcpy
 .text.memmove  0x00084e64       0xcc c:/sloeber/arduinoplugin/packages/arduino/tools/arm-none-eabi-gcc/4.8.3-2014q1/bin/../lib/gcc/arm-none-eabi/4.8.3/../../../../arm-none-eabi/lib/armv7-m\libg.a(lib_a-memmove.o)
                0x00084e64                memmove
 .text.__malloc_lock
                0x00084f30        0x4 c:/sloeber/arduinoplugin/packages/arduino/tools/arm-none-eabi-gcc/4.8.3-2014q1/bin/../lib/gcc/arm-none-eabi/4.8.3/../../../../arm-none-eabi/lib/armv7-m\libg.a(lib_a-mlock.o)
                0x00084f30                __malloc_lock
 .text.__malloc_unlock
                0x00084f34        0x4 c:/sloeber/arduinoplugin/packages/arduino/tools/arm-none-eabi-gcc/4.8.3-2014q1/bin/../lib/gcc/arm-none-eabi/4.8.3/../../../../arm-none-eabi/lib/armv7-m\libg.a(lib_a-mlock.o)
                0x00084f34                __malloc_unlock
 .text._realloc_r
                0x00084f38      0x3c0 c:/sloeber/arduinoplugin/packages/arduino/tools/arm-none-eabi-gcc/4.8.3-2014q1/bin/../lib/gcc/arm-none-eabi/4.8.3/../../../../arm-none-eabi/lib/armv7-m\libg.a(lib_a-reallocr.o)
                0x00084f38                _realloc_r
 .text._sbrk_r  0x000852f8       0x24 c:/sloeber/arduinoplugin/packages/arduino/tools/arm-none-eabi-gcc/4.8.3-2014q1/bin/../lib/gcc/arm-none-eabi/4.8.3/../../../../arm-none-eabi/lib/armv7-m\libg.a(lib_a-sbrkr.o)
                0x000852f8                _sbrk_r
 .text._kill_r  0x0008531c       0x28 c:/sloeber/arduinoplugin/packages/arduino/tools/arm-none-eabi-gcc/4.8.3-2014q1/bin/../lib/gcc/arm-none-eabi/4.8.3/../../../../arm-none-eabi/lib/armv7-m\libg.a(lib_a-signalr.o)
                0x0008531c                _kill_r
 .text.__sread  0x00085344       0x24 c:/sloeber/arduinoplugin/packages/arduino/tools/arm-none-eabi-gcc/4.8.3-2014q1/bin/../lib/gcc/arm-none-eabi/4.8.3/../../../../arm-none-eabi/lib/armv7-m\libg.a(lib_a-stdio.o)
                0x00085344                __sread
 .text.__swrite
                0x00085368       0x38 c:/sloeber/arduinoplugin/packages/arduino/tools/arm-none-eabi-gcc/4.8.3-2014q1/bin/../lib/gcc/arm-none-eabi/4.8.3/../../../../arm-none-eabi/lib/armv7-m\libg.a(lib_a-stdio.o)
                0x00085368                __swrite
 .text.__sseek  0x000853a0       0x20 c:/sloeber/arduinoplugin/packages/arduino/tools/arm-none-eabi-gcc/4.8.3-2014q1/bin/../lib/gcc/arm-none-eabi/4.8.3/../../../../arm-none-eabi/lib/armv7-m\libg.a(lib_a-stdio.o)
                0x000853a0                __sseek
 .text.__sclose
                0x000853c0        0x8 c:/sloeber/arduinoplugin/packages/arduino/tools/arm-none-eabi-gcc/4.8.3-2014q1/bin/../lib/gcc/arm-none-eabi/4.8.3/../../../../arm-none-eabi/lib/armv7-m\libg.a(lib_a-stdio.o)
                0x000853c0                __sclose
 .text.__swbuf_r
                0x000853c8       0xa8 c:/sloeber/arduinoplugin/packages/arduino/tools/arm-none-eabi-gcc/4.8.3-2014q1/bin/../lib/gcc/arm-none-eabi/4.8.3/../../../../arm-none-eabi/lib/armv7-m\libg.a(lib_a-wbuf.o)
                0x000853c8                __swbuf_r
 .text._wcrtomb_r
                0x00085470       0x50 c:/sloeber/arduinoplugin/packages/arduino/tools/arm-none-eabi-gcc/4.8.3-2014q1/bin/../lib/gcc/arm-none-eabi/4.8.3/../../../../arm-none-eabi/lib/armv7-m\libg.a(lib_a-wcrtomb.o)
                0x00085470                _wcrtomb_r
 .text.__ascii_wctomb
                0x000854c0       0x1c c:/sloeber/arduinoplugin/packages/arduino/tools/arm-none-eabi-gcc/4.8.3-2014q1/bin/../lib/gcc/arm-none-eabi/4.8.3/../../../../arm-none-eabi/lib/armv7-m\libg.a(lib_a-wctomb_r.o)
                0x000854c0                __ascii_wctomb
 .text._write_r
                0x000854dc       0x28 c:/sloeber/arduinoplugin/packages/arduino/tools/arm-none-eabi-gcc/4.8.3-2014q1/bin/../lib/gcc/arm-none-eabi/4.8.3/../../../../arm-none-eabi/lib/armv7-m\libg.a(lib_a-writer.o)
                0x000854dc                _write_r
 .text.__register_exitproc
                0x00085504       0xa8 c:/sloeber/arduinoplugin/packages/arduino/tools/arm-none-eabi-gcc/4.8.3-2014q1/bin/../lib/gcc/arm-none-eabi/4.8.3/../../../../arm-none-eabi/lib/armv7-m\libg.a(lib_a-__atexit.o)
                0x00085504                __register_exitproc
 .text._close_r
                0x000855ac       0x24 c:/sloeber/arduinoplugin/packages/arduino/tools/arm-none-eabi-gcc/4.8.3-2014q1/bin/../lib/gcc/arm-none-eabi/4.8.3/../../../../arm-none-eabi/lib/armv7-m\libg.a(lib_a-closer.o)
                0x000855ac                _close_r
 .text._fclose_r
                0x000855d0       0x80 c:/sloeber/arduinoplugin/packages/arduino/tools/arm-none-eabi-gcc/4.8.3-2014q1/bin/../lib/gcc/arm-none-eabi/4.8.3/../../../../arm-none-eabi/lib/armv7-m\libg.a(lib_a-fclose.o)
                0x000855d0                _fclose_r
 .text.fclose   0x00085650       0x10 c:/sloeber/arduinoplugin/packages/arduino/tools/arm-none-eabi-gcc/4.8.3-2014q1/bin/../lib/gcc/arm-none-eabi/4.8.3/../../../../arm-none-eabi/lib/armv7-m\libg.a(lib_a-fclose.o)
                0x00085650                fclose
 .text._fstat_r
                0x00085660       0x28 c:/sloeber/arduinoplugin/packages/arduino/tools/arm-none-eabi-gcc/4.8.3-2014q1/bin/../lib/gcc/arm-none-eabi/4.8.3/../../../../arm-none-eabi/lib/armv7-m\libg.a(lib_a-fstatr.o)
                0x00085660                _fstat_r
 .text._isatty_r
                0x00085688       0x24 c:/sloeber/arduinoplugin/packages/arduino/tools/arm-none-eabi-gcc/4.8.3-2014q1/bin/../lib/gcc/arm-none-eabi/4.8.3/../../../../arm-none-eabi/lib/armv7-m\libg.a(lib_a-isattyr.o)
                0x00085688                _isatty_r
 .text._lseek_r
                0x000856ac       0x28 c:/sloeber/arduinoplugin/packages/arduino/tools/arm-none-eabi-gcc/4.8.3-2014q1/bin/../lib/gcc/arm-none-eabi/4.8.3/../../../../arm-none-eabi/lib/armv7-m\libg.a(lib_a-lseekr.o)
                0x000856ac                _lseek_r
 .text._read_r  0x000856d4       0x28 c:/sloeber/arduinoplugin/packages/arduino/tools/arm-none-eabi-gcc/4.8.3-2014q1/bin/../lib/gcc/arm-none-eabi/4.8.3/../../../../arm-none-eabi/lib/armv7-m\libg.a(lib_a-readr.o)
                0x000856d4                _read_r
 .text          0x000856fc       0x2c c:/sloeber/arduinoplugin/packages/arduino/tools/arm-none-eabi-gcc/4.8.3-2014q1/bin/../lib/gcc/arm-none-eabi/4.8.3/armv7-m\libgcc.a(_aeabi_uldivmod.o)
                0x000856fc                __aeabi_uldivmod
 .text          0x00085728       0x60 c:/sloeber/arduinoplugin/packages/arduino/tools/arm-none-eabi-gcc/4.8.3-2014q1/bin/../lib/gcc/arm-none-eabi/4.8.3/armv7-m\libgcc.a(bpabi.o)
                0x00085728                __gnu_ldivmod_helper
                0x00085758                __gnu_uldivmod_helper
 .text          0x00085788        0x4 c:/sloeber/arduinoplugin/packages/arduino/tools/arm-none-eabi-gcc/4.8.3-2014q1/bin/../lib/gcc/arm-none-eabi/4.8.3/armv7-m\libgcc.a(_dvmd_tls.o)
                0x00085788                __aeabi_idiv0
                0x00085788                __aeabi_ldiv0
 .text          0x0008578c      0x2a0 c:/sloeber/arduinoplugin/packages/arduino/tools/arm-none-eabi-gcc/4.8.3-2014q1/bin/../lib/gcc/arm-none-eabi/4.8.3/armv7-m\libgcc.a(_divdi3.o)
                0x0008578c                __divdi3
 .text          0x00085a2c      0x290 c:/sloeber/arduinoplugin/packages/arduino/tools/arm-none-eabi-gcc/4.8.3-2014q1/bin/../lib/gcc/arm-none-eabi/4.8.3/armv7-m\libgcc.a(_udivdi3.o)
                0x00085a2c                __udivdi3
 *(.glue_7t)
 .glue_7t       0x00000000        0x0 linker stubs
 *(.glue_7)
 .glue_7        0x00000000        0x0 linker stubs
 *(.rodata .rodata* .gnu.linkonce.r.*)
 .rodata.str1.1
                0x00085cbc      0x1ac .\sloeber.ino.cpp.o
                                0x1b0 (size before relaxing)
 .rodata.g_APinDescription
                0x00085e68      0xa2c C:/Users/Labtop/Documents/sloeber-workspace/Thesis_ReaderCodeArduinoDue/Release/arduino.ar(variant.cpp.o)
                0x00085e68                g_APinDescription
 .rodata.str1.1
                0x00086894        0xf C:/Users/Labtop/Documents/sloeber-workspace/Thesis_ReaderCodeArduinoDue/Release/arduino.ar(Print.cpp.o)
 *fill*         0x000868a3        0x5 
 .rodata._ZTV9UARTClass
                0x000868a8       0x30 C:/Users/Labtop/Documents/sloeber-workspace/Thesis_ReaderCodeArduinoDue/Release/arduino.ar(UARTClass.cpp.o)
                0x000868a8                vtable for UARTClass
 .rodata._ZTV10USARTClass
                0x000868d8       0x30 C:/Users/Labtop/Documents/sloeber-workspace/Thesis_ReaderCodeArduinoDue/Release/arduino.ar(USARTClass.cpp.o)
                0x000868d8                vtable for USARTClass
 .rodata.str1.1
                0x00086908       0x19 C:/Users/Labtop/Documents/sloeber-workspace/Thesis_ReaderCodeArduinoDue/Release/arduino.ar(syscalls_sam3.c.o)
 .rodata.STRING_PRODUCT
                0x00086921        0xc C:/Users/Labtop/Documents/sloeber-workspace/Thesis_ReaderCodeArduinoDue/Release/arduino.ar(USBCore.cpp.o)
                0x00086921                STRING_PRODUCT
 .rodata.USB_DeviceDescriptor
                0x0008692d       0x12 C:/Users/Labtop/Documents/sloeber-workspace/Thesis_ReaderCodeArduinoDue/Release/arduino.ar(USBCore.cpp.o)
                0x0008692d                USB_DeviceDescriptor
 *fill*         0x0008693f        0x1 
 .rodata.STRING_LANGUAGE
                0x00086940        0x4 C:/Users/Labtop/Documents/sloeber-workspace/Thesis_ReaderCodeArduinoDue/Release/arduino.ar(USBCore.cpp.o)
                0x00086940                STRING_LANGUAGE
 .rodata._ZL18test_packet_buffer
                0x00086944       0x35 C:/Users/Labtop/Documents/sloeber-workspace/Thesis_ReaderCodeArduinoDue/Release/arduino.ar(USBCore.cpp.o)
 .rodata.STRING_MANUFACTURER
                0x00086979        0xc C:/Users/Labtop/Documents/sloeber-workspace/Thesis_ReaderCodeArduinoDue/Release/arduino.ar(USBCore.cpp.o)
                0x00086979                STRING_MANUFACTURER
 .rodata.USB_DeviceDescriptorA
                0x00086985       0x12 C:/Users/Labtop/Documents/sloeber-workspace/Thesis_ReaderCodeArduinoDue/Release/arduino.ar(USBCore.cpp.o)
                0x00086985                USB_DeviceDescriptorA
 .rodata._ZL19USB_DeviceQualifier
                0x00086997        0x9 C:/Users/Labtop/Documents/sloeber-workspace/Thesis_ReaderCodeArduinoDue/Release/arduino.ar(USBCore.cpp.o)
 .rodata._ZTV7Serial_
                0x000869a0       0x28 C:/Users/Labtop/Documents/sloeber-workspace/Thesis_ReaderCodeArduinoDue/Release/arduino.ar(CDC.cpp.o)
                0x000869a0                vtable for Serial_
 .rodata._ZL18_cdcOtherInterface
                0x000869c8       0x42 C:/Users/Labtop/Documents/sloeber-workspace/Thesis_ReaderCodeArduinoDue/Release/arduino.ar(CDC.cpp.o)
 .rodata._ZL13_cdcInterface
                0x00086a0a       0x42 C:/Users/Labtop/Documents/sloeber-workspace/Thesis_ReaderCodeArduinoDue/Release/arduino.ar(CDC.cpp.o)
 .rodata        0x00086a4c       0x40 C:\sloeber\arduinoPlugin\packages\arduino\hardware\sam\1.6.11\variants\arduino_due_x/libsam_sam3x8e_gcc_rel.a(adc.o)
 .rodata.str1.4
                0x00086a8c        0x2 c:/sloeber/arduinoplugin/packages/arduino/tools/arm-none-eabi-gcc/4.8.3-2014q1/bin/../lib/gcc/arm-none-eabi/4.8.3/../../../../arm-none-eabi/lib/armv7-m\libg.a(lib_a-impure.o)
                                  0x4 (size before relaxing)
 *fill*         0x00086a8e        0x2 
 .rodata._global_impure_ptr
                0x00086a90        0x4 c:/sloeber/arduinoplugin/packages/arduino/tools/arm-none-eabi-gcc/4.8.3-2014q1/bin/../lib/gcc/arm-none-eabi/4.8.3/../../../../arm-none-eabi/lib/armv7-m\libg.a(lib_a-impure.o)
                0x00086a90                _global_impure_ptr
 .rodata.blanks.6717
                0x00086a94       0x10 c:/sloeber/arduinoplugin/packages/arduino/tools/arm-none-eabi-gcc/4.8.3-2014q1/bin/../lib/gcc/arm-none-eabi/4.8.3/../../../../arm-none-eabi/lib/armv7-m\libg.a(lib_a-vfiprintf.o)
 .rodata.str1.4
                0x00086aa4       0x30 c:/sloeber/arduinoplugin/packages/arduino/tools/arm-none-eabi-gcc/4.8.3-2014q1/bin/../lib/gcc/arm-none-eabi/4.8.3/../../../../arm-none-eabi/lib/armv7-m\libg.a(lib_a-vfiprintf.o)
 .rodata.zeroes.6718
                0x00086ad4       0x10 c:/sloeber/arduinoplugin/packages/arduino/tools/arm-none-eabi-gcc/4.8.3-2014q1/bin/../lib/gcc/arm-none-eabi/4.8.3/../../../../arm-none-eabi/lib/armv7-m\libg.a(lib_a-vfiprintf.o)
 *(.ARM.extab* .gnu.linkonce.armextab.*)
                0x00086ae4                . = ALIGN (0x4)
 *(.init)
 .init          0x00086ae4        0x4 c:/sloeber/arduinoplugin/packages/arduino/tools/arm-none-eabi-gcc/4.8.3-2014q1/bin/../lib/gcc/arm-none-eabi/4.8.3/armv7-m/crti.o
                0x00086ae4                _init
 .init          0x00086ae8        0x8 c:/sloeber/arduinoplugin/packages/arduino/tools/arm-none-eabi-gcc/4.8.3-2014q1/bin/../lib/gcc/arm-none-eabi/4.8.3/armv7-m/crtn.o
                0x00086af0                . = ALIGN (0x4)
                0x00086af0                __preinit_array_start = .
 *(.preinit_array)
                0x00086af0                __preinit_array_end = .
                0x00086af0                . = ALIGN (0x4)
                0x00086af0                __init_array_start = .
 *(SORT(.init_array.*))
 .init_array.00000
                0x00086af0        0x4 c:/sloeber/arduinoplugin/packages/arduino/tools/arm-none-eabi-gcc/4.8.3-2014q1/bin/../lib/gcc/arm-none-eabi/4.8.3/../../../../arm-none-eabi/lib/armv7-m\libg.a(lib_a-__call_atexit.o)
 *(.init_array)
 .init_array    0x00086af4        0x4 c:/sloeber/arduinoplugin/packages/arduino/tools/arm-none-eabi-gcc/4.8.3-2014q1/bin/../lib/gcc/arm-none-eabi/4.8.3/armv7-m/crtbegin.o
 .init_array    0x00086af8        0x4 C:/Users/Labtop/Documents/sloeber-workspace/Thesis_ReaderCodeArduinoDue/Release/arduino.ar(variant.cpp.o)
 .init_array    0x00086afc        0x4 C:/Users/Labtop/Documents/sloeber-workspace/Thesis_ReaderCodeArduinoDue/Release/arduino.ar(USBCore.cpp.o)
 .init_array    0x00086b00        0x4 C:/Users/Labtop/Documents/sloeber-workspace/Thesis_ReaderCodeArduinoDue/Release/arduino.ar(CDC.cpp.o)
                0x00086b04                __init_array_end = .
                0x00086b04                . = ALIGN (0x4)
 *crtbegin.o(.ctors)
 *(EXCLUDE_FILE(*crtend.o) .ctors)
 *(SORT(.ctors.*))
 *crtend.o(.ctors)
                0x00086b04                . = ALIGN (0x4)
 *(.fini)
 .fini          0x00086b04        0x4 c:/sloeber/arduinoplugin/packages/arduino/tools/arm-none-eabi-gcc/4.8.3-2014q1/bin/../lib/gcc/arm-none-eabi/4.8.3/armv7-m/crti.o
                0x00086b04                _fini
 .fini          0x00086b08        0x8 c:/sloeber/arduinoplugin/packages/arduino/tools/arm-none-eabi-gcc/4.8.3-2014q1/bin/../lib/gcc/arm-none-eabi/4.8.3/armv7-m/crtn.o
                0x00086b10                . = ALIGN (0x4)
                0x00086b10                __fini_array_start = .
 *(.fini_array)
 .fini_array    0x00086b10        0x4 c:/sloeber/arduinoplugin/packages/arduino/tools/arm-none-eabi-gcc/4.8.3-2014q1/bin/../lib/gcc/arm-none-eabi/4.8.3/armv7-m/crtbegin.o
 *(SORT(.fini_array.*))
                0x00086b14                __fini_array_end = .
 *crtbegin.o(.dtors)
 *(EXCLUDE_FILE(*crtend.o) .dtors)
 *(SORT(.dtors.*))
 *crtend.o(.dtors)
                0x00086b14                . = ALIGN (0x4)
                0x00086b14                _efixed = .
                0x00086b14                PROVIDE (__exidx_start, .)

.vfp11_veneer   0x00086b14        0x0
 .vfp11_veneer  0x00000000        0x0 linker stubs

.v4_bx          0x00086b14        0x0
 .v4_bx         0x00000000        0x0 linker stubs

.iplt           0x00086b14        0x0
 .iplt          0x00000000        0x0 c:/sloeber/arduinoplugin/packages/arduino/tools/arm-none-eabi-gcc/4.8.3-2014q1/bin/../lib/gcc/arm-none-eabi/4.8.3/armv7-m/crtbegin.o

.ARM.exidx      0x00086b14        0x8
 *(.ARM.exidx* .gnu.linkonce.armexidx.*)
 .ARM.exidx     0x00086b14        0x8 c:/sloeber/arduinoplugin/packages/arduino/tools/arm-none-eabi-gcc/4.8.3-2014q1/bin/../lib/gcc/arm-none-eabi/4.8.3/armv7-m\libgcc.a(_divdi3.o)
 .ARM.exidx     0x00086b1c        0x0 c:/sloeber/arduinoplugin/packages/arduino/tools/arm-none-eabi-gcc/4.8.3-2014q1/bin/../lib/gcc/arm-none-eabi/4.8.3/armv7-m\libgcc.a(_udivdi3.o)
                                  0x8 (size before relaxing)
                0x00086b1c                PROVIDE (__exidx_end, .)

.eh_frame       0x00086b1c        0x0
 .eh_frame      0x00086b1c        0x0 c:/sloeber/arduinoplugin/packages/arduino/tools/arm-none-eabi-gcc/4.8.3-2014q1/bin/../lib/gcc/arm-none-eabi/4.8.3/armv7-m/crtbegin.o

.rel.dyn        0x00086b1c        0x0
 .rel.iplt      0x00000000        0x0 c:/sloeber/arduinoplugin/packages/arduino/tools/arm-none-eabi-gcc/4.8.3-2014q1/bin/../lib/gcc/arm-none-eabi/4.8.3/armv7-m/crtbegin.o

.jcr            0x00086b1c        0x0
 .jcr           0x00086b1c        0x0 c:/sloeber/arduinoplugin/packages/arduino/tools/arm-none-eabi-gcc/4.8.3-2014q1/bin/../lib/gcc/arm-none-eabi/4.8.3/armv7-m/crtbegin.o

.igot.plt       0x00086b1c        0x0
 .igot.plt      0x00000000        0x0 c:/sloeber/arduinoplugin/packages/arduino/tools/arm-none-eabi-gcc/4.8.3-2014q1/bin/../lib/gcc/arm-none-eabi/4.8.3/armv7-m/crtbegin.o
                0x00086b1c                . = ALIGN (0x4)
                0x00086b1c                _etext = .

.relocate       0x20070000      0x8fc load address 0x00086b1c
                0x20070000                . = ALIGN (0x4)
                0x20070000                _srelocate = .
 *(.ramfunc .ramfunc.*)
 .ramfunc       0x20070000       0x2c C:/Users/Labtop/Documents/sloeber-workspace/Thesis_ReaderCodeArduinoDue/Release/arduino.ar(Reset.cpp.o)
                0x20070000                banzai
 *(.data .data.*)
 .data.BER_STATE_6
                0x2007002c        0x5 .\sloeber.ino.cpp.o
                0x2007002c                BER_STATE_6
 .data.BER_STATE_1
                0x20070031        0x5 .\sloeber.ino.cpp.o
                0x20070031                BER_STATE_1
 .data.BER_STATE_2
                0x20070036        0x5 .\sloeber.ino.cpp.o
                0x20070036                BER_STATE_2
 .data.BER_STATE_3
                0x2007003b        0x5 .\sloeber.ino.cpp.o
                0x2007003b                BER_STATE_3
 .data.BER_STATE_4
                0x20070040        0x5 .\sloeber.ino.cpp.o
                0x20070040                BER_STATE_4
 .data.BER_STATE_5
                0x20070045        0x5 .\sloeber.ino.cpp.o
                0x20070045                BER_STATE_5
 *fill*         0x2007004a        0x2 
 .data.latestSelectedChannel.9384
                0x2007004c        0x4 C:/Users/Labtop/Documents/sloeber-workspace/Thesis_ReaderCodeArduinoDue/Release/arduino.ar(wiring_analog.c.o)
 .data._readResolution
                0x20070050        0x4 C:/Users/Labtop/Documents/sloeber-workspace/Thesis_ReaderCodeArduinoDue/Release/arduino.ar(wiring_analog.c.o)
 .data.EndPoints
                0x20070054       0x28 C:/Users/Labtop/Documents/sloeber-workspace/Thesis_ReaderCodeArduinoDue/Release/arduino.ar(USBCore.cpp.o)
                0x20070054                EndPoints
 .data._ZL5ticks
                0x2007007c        0x4 C:/Users/Labtop/Documents/sloeber-workspace/Thesis_ReaderCodeArduinoDue/Release/arduino.ar(Reset.cpp.o)
 .data._ZL10breakValue
                0x20070080        0x4 C:/Users/Labtop/Documents/sloeber-workspace/Thesis_ReaderCodeArduinoDue/Release/arduino.ar(CDC.cpp.o)
 .data._ZL12_usbLineInfo
                0x20070084        0x8 C:/Users/Labtop/Documents/sloeber-workspace/Thesis_ReaderCodeArduinoDue/Release/arduino.ar(CDC.cpp.o)
 .data.SystemCoreClock
                0x2007008c        0x4 C:\sloeber\arduinoPlugin\packages\arduino\hardware\sam\1.6.11\variants\arduino_due_x/libsam_sam3x8e_gcc_rel.a(system_sam3xa.o)
                0x2007008c                SystemCoreClock
 .data.g_interrupt_enabled
                0x20070090        0x4 C:\sloeber\arduinoPlugin\packages\arduino\hardware\sam\1.6.11\variants\arduino_due_x/libsam_sam3x8e_gcc_rel.a(interrupt_sam_nvic.o)
                0x20070090                g_interrupt_enabled
 *fill*         0x20070094        0x4 
 .data.impure_data
                0x20070098      0x428 c:/sloeber/arduinoplugin/packages/arduino/tools/arm-none-eabi-gcc/4.8.3-2014q1/bin/../lib/gcc/arm-none-eabi/4.8.3/../../../../arm-none-eabi/lib/armv7-m\libg.a(lib_a-impure.o)
 .data._impure_ptr
                0x200704c0        0x4 c:/sloeber/arduinoplugin/packages/arduino/tools/arm-none-eabi-gcc/4.8.3-2014q1/bin/../lib/gcc/arm-none-eabi/4.8.3/../../../../arm-none-eabi/lib/armv7-m\libg.a(lib_a-impure.o)
                0x200704c0                _impure_ptr
 .data.lc_ctype_charset
                0x200704c4       0x20 c:/sloeber/arduinoplugin/packages/arduino/tools/arm-none-eabi-gcc/4.8.3-2014q1/bin/../lib/gcc/arm-none-eabi/4.8.3/../../../../arm-none-eabi/lib/armv7-m\libg.a(lib_a-locale.o)
 .data.__mb_cur_max
                0x200704e4        0x4 c:/sloeber/arduinoplugin/packages/arduino/tools/arm-none-eabi-gcc/4.8.3-2014q1/bin/../lib/gcc/arm-none-eabi/4.8.3/../../../../arm-none-eabi/lib/armv7-m\libg.a(lib_a-locale.o)
                0x200704e4                __mb_cur_max
 .data.__malloc_av_
                0x200704e8      0x408 c:/sloeber/arduinoplugin/packages/arduino/tools/arm-none-eabi-gcc/4.8.3-2014q1/bin/../lib/gcc/arm-none-eabi/4.8.3/../../../../arm-none-eabi/lib/armv7-m\libg.a(lib_a-mallocr.o)
                0x200704e8                __malloc_av_
 .data.__malloc_trim_threshold
                0x200708f0        0x4 c:/sloeber/arduinoplugin/packages/arduino/tools/arm-none-eabi-gcc/4.8.3-2014q1/bin/../lib/gcc/arm-none-eabi/4.8.3/../../../../arm-none-eabi/lib/armv7-m\libg.a(lib_a-mallocr.o)
                0x200708f0                __malloc_trim_threshold
 .data.__malloc_sbrk_base
                0x200708f4        0x4 c:/sloeber/arduinoplugin/packages/arduino/tools/arm-none-eabi-gcc/4.8.3-2014q1/bin/../lib/gcc/arm-none-eabi/4.8.3/../../../../arm-none-eabi/lib/armv7-m\libg.a(lib_a-mallocr.o)
                0x200708f4                __malloc_sbrk_base
 .data.__wctomb
                0x200708f8        0x4 c:/sloeber/arduinoplugin/packages/arduino/tools/arm-none-eabi-gcc/4.8.3-2014q1/bin/../lib/gcc/arm-none-eabi/4.8.3/../../../../arm-none-eabi/lib/armv7-m\libg.a(lib_a-wctomb_r.o)
                0x200708f8                __wctomb
                0x200708fc                . = ALIGN (0x4)
                0x200708fc                _erelocate = .

.bss            0x200708fc      0xa70 load address 0x00087418
                0x200708fc                . = ALIGN (0x4)
                0x200708fc                _sbss = .
                0x200708fc                _szero = .
 *(.bss .bss.*)
 .bss           0x200708fc       0x1c c:/sloeber/arduinoplugin/packages/arduino/tools/arm-none-eabi-gcc/4.8.3-2014q1/bin/../lib/gcc/arm-none-eabi/4.8.3/armv7-m/crtbegin.o
 .bss.readings  0x20070918       0x3c .\sloeber.ino.cpp.o
                0x20070918                readings
 .bss.bitErrors
                0x20070954        0x4 .\sloeber.ino.cpp.o
                0x20070954                bitErrors
 .bss.data      0x20070958        0x5 .\sloeber.ino.cpp.o
                0x20070958                data
 *fill*         0x2007095d        0x3 
 .bss.gpf_isr   0x20070960        0x4 C:\sloeber\arduinoPlugin\packages\arduino\hardware\sam\1.6.11\variants\arduino_due_x/libsam_sam3x8e_gcc_rel.a(uotghs.o)
                0x20070960                gpf_isr
 .bss.tx_buffer2
                0x20070964       0x88 C:/Users/Labtop/Documents/sloeber-workspace/Thesis_ReaderCodeArduinoDue/Release/arduino.ar(variant.cpp.o)
                0x20070964                tx_buffer2
 .bss.tx_buffer1
                0x200709ec       0x88 C:/Users/Labtop/Documents/sloeber-workspace/Thesis_ReaderCodeArduinoDue/Release/arduino.ar(variant.cpp.o)
                0x200709ec                tx_buffer1
 .bss.Serial    0x20070a74       0x24 C:/Users/Labtop/Documents/sloeber-workspace/Thesis_ReaderCodeArduinoDue/Release/arduino.ar(variant.cpp.o)
                0x20070a74                Serial
 .bss.rx_buffer1
                0x20070a98       0x88 C:/Users/Labtop/Documents/sloeber-workspace/Thesis_ReaderCodeArduinoDue/Release/arduino.ar(variant.cpp.o)
                0x20070a98                rx_buffer1
 .bss.Serial1   0x20070b20       0x28 C:/Users/Labtop/Documents/sloeber-workspace/Thesis_ReaderCodeArduinoDue/Release/arduino.ar(variant.cpp.o)
                0x20070b20                Serial1
 .bss.Serial2   0x20070b48       0x28 C:/Users/Labtop/Documents/sloeber-workspace/Thesis_ReaderCodeArduinoDue/Release/arduino.ar(variant.cpp.o)
                0x20070b48                Serial2
 .bss.Serial3   0x20070b70       0x28 C:/Users/Labtop/Documents/sloeber-workspace/Thesis_ReaderCodeArduinoDue/Release/arduino.ar(variant.cpp.o)
                0x20070b70                Serial3
 .bss.tx_buffer3
                0x20070b98       0x88 C:/Users/Labtop/Documents/sloeber-workspace/Thesis_ReaderCodeArduinoDue/Release/arduino.ar(variant.cpp.o)
                0x20070b98                tx_buffer3
 .bss.tx_buffer4
                0x20070c20       0x88 C:/Users/Labtop/Documents/sloeber-workspace/Thesis_ReaderCodeArduinoDue/Release/arduino.ar(variant.cpp.o)
                0x20070c20                tx_buffer4
 .bss.g_pinStatus
                0x20070ca8       0x4f C:/Users/Labtop/Documents/sloeber-workspace/Thesis_ReaderCodeArduinoDue/Release/arduino.ar(variant.cpp.o)
                0x20070ca8                g_pinStatus
 *fill*         0x20070cf7        0x1 
 .bss.rx_buffer2
                0x20070cf8       0x88 C:/Users/Labtop/Documents/sloeber-workspace/Thesis_ReaderCodeArduinoDue/Release/arduino.ar(variant.cpp.o)
                0x20070cf8                rx_buffer2
 .bss.rx_buffer3
                0x20070d80       0x88 C:/Users/Labtop/Documents/sloeber-workspace/Thesis_ReaderCodeArduinoDue/Release/arduino.ar(variant.cpp.o)
                0x20070d80                rx_buffer3
 .bss.rx_buffer4
                0x20070e08       0x88 C:/Users/Labtop/Documents/sloeber-workspace/Thesis_ReaderCodeArduinoDue/Release/arduino.ar(variant.cpp.o)
                0x20070e08                rx_buffer4
 .bss.callbacksPioA
                0x20070e90       0x80 C:/Users/Labtop/Documents/sloeber-workspace/Thesis_ReaderCodeArduinoDue/Release/arduino.ar(WInterrupts.c.o)
 .bss.callbacksPioB
                0x20070f10       0x80 C:/Users/Labtop/Documents/sloeber-workspace/Thesis_ReaderCodeArduinoDue/Release/arduino.ar(WInterrupts.c.o)
 .bss.callbacksPioC
                0x20070f90       0x80 C:/Users/Labtop/Documents/sloeber-workspace/Thesis_ReaderCodeArduinoDue/Release/arduino.ar(WInterrupts.c.o)
 .bss.callbacksPioD
                0x20071010       0x80 C:/Users/Labtop/Documents/sloeber-workspace/Thesis_ReaderCodeArduinoDue/Release/arduino.ar(WInterrupts.c.o)
 .bss.heap.6420
                0x20071090        0x4 C:/Users/Labtop/Documents/sloeber-workspace/Thesis_ReaderCodeArduinoDue/Release/arduino.ar(syscalls_sam3.c.o)
 .bss._cmark    0x20071094        0x2 C:/Users/Labtop/Documents/sloeber-workspace/Thesis_ReaderCodeArduinoDue/Release/arduino.ar(USBCore.cpp.o)
                0x20071094                _cmark
 .bss._ZL14isEndpointHalt
                0x20071096        0x1 C:/Users/Labtop/Documents/sloeber-workspace/Thesis_ReaderCodeArduinoDue/Release/arduino.ar(USBCore.cpp.o)
 *fill*         0x20071097        0x1 
 .bss._cdcComposite
                0x20071098        0x4 C:/Users/Labtop/Documents/sloeber-workspace/Thesis_ReaderCodeArduinoDue/Release/arduino.ar(USBCore.cpp.o)
                0x20071098                _cdcComposite
 .bss._ZL21isRemoteWakeUpEnabled
                0x2007109c        0x1 C:/Users/Labtop/Documents/sloeber-workspace/Thesis_ReaderCodeArduinoDue/Release/arduino.ar(USBCore.cpp.o)
 *fill*         0x2007109d        0x3 
 .bss._usbInitialized
                0x200710a0        0x4 C:/Users/Labtop/Documents/sloeber-workspace/Thesis_ReaderCodeArduinoDue/Release/arduino.ar(USBCore.cpp.o)
                0x200710a0                _usbInitialized
 .bss.USBDevice
                0x200710a4        0x1 C:/Users/Labtop/Documents/sloeber-workspace/Thesis_ReaderCodeArduinoDue/Release/arduino.ar(USBCore.cpp.o)
                0x200710a4                USBDevice
 *fill*         0x200710a5        0x3 
 .bss._usbSetInterface
                0x200710a8        0x4 C:/Users/Labtop/Documents/sloeber-workspace/Thesis_ReaderCodeArduinoDue/Release/arduino.ar(USBCore.cpp.o)
                0x200710a8                _usbSetInterface
 .bss._cend     0x200710ac        0x2 C:/Users/Labtop/Documents/sloeber-workspace/Thesis_ReaderCodeArduinoDue/Release/arduino.ar(USBCore.cpp.o)
                0x200710ac                _cend
 *fill*         0x200710ae        0x2 
 .bss._usbConfiguration
                0x200710b0        0x4 C:/Users/Labtop/Documents/sloeber-workspace/Thesis_ReaderCodeArduinoDue/Release/arduino.ar(USBCore.cpp.o)
                0x200710b0                _usbConfiguration
 .bss.cdc_rx_buffer
                0x200710b4      0x208 C:/Users/Labtop/Documents/sloeber-workspace/Thesis_ReaderCodeArduinoDue/Release/arduino.ar(CDC.cpp.o)
                0x200710b4                cdc_rx_buffer
 .bss._ZZN7Serial_6acceptEvE5guard
                0x200712bc        0x4 C:/Users/Labtop/Documents/sloeber-workspace/Thesis_ReaderCodeArduinoDue/Release/arduino.ar(CDC.cpp.o)
 .bss.SerialUSB
                0x200712c0       0x14 C:/Users/Labtop/Documents/sloeber-workspace/Thesis_ReaderCodeArduinoDue/Release/arduino.ar(CDC.cpp.o)
                0x200712c0                SerialUSB
 .bss._ZZ12PluggableUSBvE3obj
                0x200712d4        0x8 C:/Users/Labtop/Documents/sloeber-workspace/Thesis_ReaderCodeArduinoDue/Release/arduino.ar(PluggableUSB.cpp.o)
 .bss._ZGVZ12PluggableUSBvE3obj
                0x200712dc        0x4 C:/Users/Labtop/Documents/sloeber-workspace/Thesis_ReaderCodeArduinoDue/Release/arduino.ar(PluggableUSB.cpp.o)
 .bss._dwTickCount
                0x200712e0        0x4 C:\sloeber\arduinoPlugin\packages\arduino\hardware\sam\1.6.11\variants\arduino_due_x/libsam_sam3x8e_gcc_rel.a(timetick.o)
 .bss.ul_recv_fifo_ptr
                0x200712e4       0x28 C:\sloeber\arduinoPlugin\packages\arduino\hardware\sam\1.6.11\variants\arduino_due_x/libsam_sam3x8e_gcc_rel.a(uotghs_device.o)
 .bss.ul_send_fifo_ptr
                0x2007130c       0x28 C:\sloeber\arduinoPlugin\packages\arduino\hardware\sam\1.6.11\variants\arduino_due_x/libsam_sam3x8e_gcc_rel.a(uotghs_device.o)
 .bss.__malloc_max_total_mem
                0x20071334        0x4 c:/sloeber/arduinoplugin/packages/arduino/tools/arm-none-eabi-gcc/4.8.3-2014q1/bin/../lib/gcc/arm-none-eabi/4.8.3/../../../../arm-none-eabi/lib/armv7-m\libg.a(lib_a-mallocr.o)
                0x20071334                __malloc_max_total_mem
 .bss.__malloc_max_sbrked_mem
                0x20071338        0x4 c:/sloeber/arduinoplugin/packages/arduino/tools/arm-none-eabi-gcc/4.8.3-2014q1/bin/../lib/gcc/arm-none-eabi/4.8.3/../../../../arm-none-eabi/lib/armv7-m\libg.a(lib_a-mallocr.o)
                0x20071338                __malloc_max_sbrked_mem
 .bss.__malloc_top_pad
                0x2007133c        0x4 c:/sloeber/arduinoplugin/packages/arduino/tools/arm-none-eabi-gcc/4.8.3-2014q1/bin/../lib/gcc/arm-none-eabi/4.8.3/../../../../arm-none-eabi/lib/armv7-m\libg.a(lib_a-mallocr.o)
                0x2007133c                __malloc_top_pad
 .bss.__malloc_current_mallinfo
                0x20071340       0x28 c:/sloeber/arduinoplugin/packages/arduino/tools/arm-none-eabi-gcc/4.8.3-2014q1/bin/../lib/gcc/arm-none-eabi/4.8.3/../../../../arm-none-eabi/lib/armv7-m\libg.a(lib_a-mallocr.o)
                0x20071340                __malloc_current_mallinfo
 *(COMMON)
 COMMON         0x20071368        0x4 c:/sloeber/arduinoplugin/packages/arduino/tools/arm-none-eabi-gcc/4.8.3-2014q1/bin/../lib/gcc/arm-none-eabi/4.8.3/../../../../arm-none-eabi/lib/armv7-m\libg.a(lib_a-reent.o)
                0x20071368                errno
                0x2007136c                . = ALIGN (0x4)
                0x2007136c                _ebss = .
                0x2007136c                _ezero = .
                0x2007136c                . = ALIGN (0x4)
                0x2007136c                _end = .

.stack_dummy    0x2007136c        0x0
 *(.stack*)
                0x20088000                __StackTop = (ORIGIN (ram) + 0x18000)
                0x20088000                __StackLimit = (__StackTop - SIZEOF (.stack_dummy))
                0x20088000                PROVIDE (_sstack, __StackLimit)
                0x20088000                PROVIDE (_estack, __StackTop)
OUTPUT(C:\Users\Labtop\Documents\sloeber-workspace\Thesis_ReaderCodeArduinoDue/Release/Thesis_ReaderCodeArduinoDue.elf elf32-littlearm)

.ARM.attributes
                0x00000000       0x29
 .ARM.attributes
                0x00000000       0x1d c:/sloeber/arduinoplugin/packages/arduino/tools/arm-none-eabi-gcc/4.8.3-2014q1/bin/../lib/gcc/arm-none-eabi/4.8.3/armv7-m/crti.o
 .ARM.attributes
                0x0000001d       0x2d c:/sloeber/arduinoplugin/packages/arduino/tools/arm-none-eabi-gcc/4.8.3-2014q1/bin/../lib/gcc/arm-none-eabi/4.8.3/armv7-m/crtbegin.o
 .ARM.attributes
                0x0000004a       0x33 .\sloeber.ino.cpp.o
 .ARM.attributes
                0x0000007d       0x33 C:\sloeber\arduinoPlugin\packages\arduino\hardware\sam\1.6.11\variants\arduino_due_x/libsam_sam3x8e_gcc_rel.a(startup_sam3xa.o)
 .ARM.attributes
                0x000000b0       0x33 C:\sloeber\arduinoPlugin\packages\arduino\hardware\sam\1.6.11\variants\arduino_due_x/libsam_sam3x8e_gcc_rel.a(uotghs.o)
 .ARM.attributes
                0x000000e3       0x33 C:/Users/Labtop/Documents/sloeber-workspace/Thesis_ReaderCodeArduinoDue/Release/arduino.ar(variant.cpp.o)
 .ARM.attributes
                0x00000116       0x33 C:/Users/Labtop/Documents/sloeber-workspace/Thesis_ReaderCodeArduinoDue/Release/arduino.ar(Print.cpp.o)
 .ARM.attributes
                0x00000149       0x33 C:/Users/Labtop/Documents/sloeber-workspace/Thesis_ReaderCodeArduinoDue/Release/arduino.ar(RingBuffer.cpp.o)
 .ARM.attributes
                0x0000017c       0x33 C:/Users/Labtop/Documents/sloeber-workspace/Thesis_ReaderCodeArduinoDue/Release/arduino.ar(UARTClass.cpp.o)
 .ARM.attributes
                0x000001af       0x33 C:/Users/Labtop/Documents/sloeber-workspace/Thesis_ReaderCodeArduinoDue/Release/arduino.ar(USARTClass.cpp.o)
 .ARM.attributes
                0x000001e2       0x33 C:/Users/Labtop/Documents/sloeber-workspace/Thesis_ReaderCodeArduinoDue/Release/arduino.ar(WInterrupts.c.o)
 .ARM.attributes
                0x00000215       0x33 C:/Users/Labtop/Documents/sloeber-workspace/Thesis_ReaderCodeArduinoDue/Release/arduino.ar(cortex_handlers.c.o)
 .ARM.attributes
                0x00000248       0x33 C:/Users/Labtop/Documents/sloeber-workspace/Thesis_ReaderCodeArduinoDue/Release/arduino.ar(hooks.c.o)
 .ARM.attributes
                0x0000027b       0x33 C:/Users/Labtop/Documents/sloeber-workspace/Thesis_ReaderCodeArduinoDue/Release/arduino.ar(main.cpp.o)
 .ARM.attributes
                0x000002ae       0x33 C:/Users/Labtop/Documents/sloeber-workspace/Thesis_ReaderCodeArduinoDue/Release/arduino.ar(syscalls_sam3.c.o)
 .ARM.attributes
                0x000002e1       0x33 C:/Users/Labtop/Documents/sloeber-workspace/Thesis_ReaderCodeArduinoDue/Release/arduino.ar(watchdog.cpp.o)
 .ARM.attributes
                0x00000314       0x33 C:/Users/Labtop/Documents/sloeber-workspace/Thesis_ReaderCodeArduinoDue/Release/arduino.ar(wiring.c.o)
 .ARM.attributes
                0x00000347       0x33 C:/Users/Labtop/Documents/sloeber-workspace/Thesis_ReaderCodeArduinoDue/Release/arduino.ar(wiring_analog.c.o)
 .ARM.attributes
                0x0000037a       0x33 C:/Users/Labtop/Documents/sloeber-workspace/Thesis_ReaderCodeArduinoDue/Release/arduino.ar(wiring_digital.c.o)
 .ARM.attributes
                0x000003ad       0x33 C:/Users/Labtop/Documents/sloeber-workspace/Thesis_ReaderCodeArduinoDue/Release/arduino.ar(USBCore.cpp.o)
 .ARM.attributes
                0x000003e0       0x33 C:/Users/Labtop/Documents/sloeber-workspace/Thesis_ReaderCodeArduinoDue/Release/arduino.ar(Reset.cpp.o)
 .ARM.attributes
                0x00000413       0x33 C:/Users/Labtop/Documents/sloeber-workspace/Thesis_ReaderCodeArduinoDue/Release/arduino.ar(CDC.cpp.o)
 .ARM.attributes
                0x00000446       0x33 C:/Users/Labtop/Documents/sloeber-workspace/Thesis_ReaderCodeArduinoDue/Release/arduino.ar(PluggableUSB.cpp.o)
 .ARM.attributes
                0x00000479       0x33 C:\sloeber\arduinoPlugin\packages\arduino\hardware\sam\1.6.11\variants\arduino_due_x/libsam_sam3x8e_gcc_rel.a(pio.o)
 .ARM.attributes
                0x000004ac       0x33 C:\sloeber\arduinoPlugin\packages\arduino\hardware\sam\1.6.11\variants\arduino_due_x/libsam_sam3x8e_gcc_rel.a(pmc.o)
 .ARM.attributes
                0x000004df       0x33 C:\sloeber\arduinoPlugin\packages\arduino\hardware\sam\1.6.11\variants\arduino_due_x/libsam_sam3x8e_gcc_rel.a(timetick.o)
 .ARM.attributes
                0x00000512       0x33 C:\sloeber\arduinoPlugin\packages\arduino\hardware\sam\1.6.11\variants\arduino_due_x/libsam_sam3x8e_gcc_rel.a(wdt.o)
 .ARM.attributes
                0x00000545       0x33 C:\sloeber\arduinoPlugin\packages\arduino\hardware\sam\1.6.11\variants\arduino_due_x/libsam_sam3x8e_gcc_rel.a(system_sam3xa.o)
 .ARM.attributes
                0x00000578       0x33 C:\sloeber\arduinoPlugin\packages\arduino\hardware\sam\1.6.11\variants\arduino_due_x/libsam_sam3x8e_gcc_rel.a(adc.o)
 .ARM.attributes
                0x000005ab       0x33 C:\sloeber\arduinoPlugin\packages\arduino\hardware\sam\1.6.11\variants\arduino_due_x/libsam_sam3x8e_gcc_rel.a(interrupt_sam_nvic.o)
 .ARM.attributes
                0x000005de       0x33 C:\sloeber\arduinoPlugin\packages\arduino\hardware\sam\1.6.11\variants\arduino_due_x/libsam_sam3x8e_gcc_rel.a(uotghs_device.o)
 .ARM.attributes
                0x00000611       0x2d c:/sloeber/arduinoplugin/packages/arduino/tools/arm-none-eabi-gcc/4.8.3-2014q1/bin/../lib/gcc/arm-none-eabi/4.8.3/../../../../arm-none-eabi/lib/armv7-m\libm.a(lib_a-s_fpclassify.o)
 .ARM.attributes
                0x0000063e       0x1d c:/sloeber/arduinoplugin/packages/arduino/tools/arm-none-eabi-gcc/4.8.3-2014q1/bin/../lib/gcc/arm-none-eabi/4.8.3/armv7-m\libgcc.a(_arm_addsubdf3.o)
 .ARM.attributes
                0x0000065b       0x1d c:/sloeber/arduinoplugin/packages/arduino/tools/arm-none-eabi-gcc/4.8.3-2014q1/bin/../lib/gcc/arm-none-eabi/4.8.3/armv7-m\libgcc.a(_arm_muldivdf3.o)
 .ARM.attributes