Archive member included because of file (symbol)

C:\sloeber\arduinoPlugin\packages\arduino\hardware\sam\1.6.11\variants\arduino_due_x/libsam_sam3x8e_gcc_rel.a(startup_sam3xa.o)
                              (Reset_Handler)
C:\sloeber\arduinoPlugin\packages\arduino\hardware\sam\1.6.11\variants\arduino_due_x/libsam_sam3x8e_gcc_rel.a(uotghs.o)
                              C:\sloeber\arduinoPlugin\packages\arduino\hardware\sam\1.6.11\variants\arduino_due_x/libsam_sam3x8e_gcc_rel.a(startup_sam3xa.o) (UOTGHS_Handler)
C:/Users/Labtop/Documents/sloeber-workspace/Thesis_ReaderCodeArduinoDue/Release/arduino.ar(variant.cpp.o)
                              C:\sloeber\arduinoPlugin\packages\arduino\hardware\sam\1.6.11\variants\arduino_due_x/libsam_sam3x8e_gcc_rel.a(startup_sam3xa.o) (UART_Handler)
C:/Users/Labtop/Documents/sloeber-workspace/Thesis_ReaderCodeArduinoDue/Release/arduino.ar(Print.cpp.o)
                              .\sloeber.ino.cpp.o (Print::print(char const*))
C:/Users/Labtop/Documents/sloeber-workspace/Thesis_ReaderCodeArduinoDue/Release/arduino.ar(RingBuffer.cpp.o)
                              C:/Users/Labtop/Documents/sloeber-workspace/Thesis_ReaderCodeArduinoDue/Release/arduino.ar(variant.cpp.o) (RingBuffer::RingBuffer())
C:/Users/Labtop/Documents/sloeber-workspace/Thesis_ReaderCodeArduinoDue/Release/arduino.ar(UARTClass.cpp.o)
                              C:/Users/Labtop/Documents/sloeber-workspace/Thesis_ReaderCodeArduinoDue/Release/arduino.ar(variant.cpp.o) (UARTClass::available())
C:/Users/Labtop/Documents/sloeber-workspace/Thesis_ReaderCodeArduinoDue/Release/arduino.ar(USARTClass.cpp.o)
                              C:/Users/Labtop/Documents/sloeber-workspace/Thesis_ReaderCodeArduinoDue/Release/arduino.ar(variant.cpp.o) (USARTClass::USARTClass(Usart*, IRQn, unsigned long, RingBuffer*, RingBuffer*))
C:/Users/Labtop/Documents/sloeber-workspace/Thesis_ReaderCodeArduinoDue/Release/arduino.ar(WInterrupts.c.o)
                              C:\sloeber\arduinoPlugin\packages\arduino\hardware\sam\1.6.11\variants\arduino_due_x/libsam_sam3x8e_gcc_rel.a(startup_sam3xa.o) (PIOA_Handler)
C:/Users/Labtop/Documents/sloeber-workspace/Thesis_ReaderCodeArduinoDue/Release/arduino.ar(abi.cpp.o)
                              C:/Users/Labtop/Documents/sloeber-workspace/Thesis_ReaderCodeArduinoDue/Release/arduino.ar(Print.cpp.o) (__cxa_pure_virtual)
C:/Users/Labtop/Documents/sloeber-workspace/Thesis_ReaderCodeArduinoDue/Release/arduino.ar(cortex_handlers.c.o)
                              C:\sloeber\arduinoPlugin\packages\arduino\hardware\sam\1.6.11\variants\arduino_due_x/libsam_sam3x8e_gcc_rel.a(startup_sam3xa.o) (NMI_Handler)
C:/Users/Labtop/Documents/sloeber-workspace/Thesis_ReaderCodeArduinoDue/Release/arduino.ar(hooks.c.o)
                              C:/Users/Labtop/Documents/sloeber-workspace/Thesis_ReaderCodeArduinoDue/Release/arduino.ar(cortex_handlers.c.o) (sysTickHook)
C:/Users/Labtop/Documents/sloeber-workspace/Thesis_ReaderCodeArduinoDue/Release/arduino.ar(main.cpp.o)
                              c:/sloeber/arduinoplugin/packages/arduino/tools/arm-none-eabi-gcc/4.8.3-2014q1/bin/../lib/gcc/arm-none-eabi/4.8.3/../../../../arm-none-eabi/lib/armv7-m/crt0.o (main)
C:/Users/Labtop/Documents/sloeber-workspace/Thesis_ReaderCodeArduinoDue/Release/arduino.ar(syscalls_sam3.c.o)
                              (_sbrk)
C:/Users/Labtop/Documents/sloeber-workspace/Thesis_ReaderCodeArduinoDue/Release/arduino.ar(watchdog.cpp.o)
                              C:/Users/Labtop/Documents/sloeber-workspace/Thesis_ReaderCodeArduinoDue/Release/arduino.ar(main.cpp.o) (watchdogSetup())
C:/Users/Labtop/Documents/sloeber-workspace/Thesis_ReaderCodeArduinoDue/Release/arduino.ar(wiring.c.o)
                              .\sloeber.ino.cpp.o (millis)
C:/Users/Labtop/Documents/sloeber-workspace/Thesis_ReaderCodeArduinoDue/Release/arduino.ar(wiring_analog.c.o)
                              .\sloeber.ino.cpp.o (analogReadResolution)
C:/Users/Labtop/Documents/sloeber-workspace/Thesis_ReaderCodeArduinoDue/Release/arduino.ar(wiring_digital.c.o)
                              .\sloeber.ino.cpp.o (pinMode)
C:/Users/Labtop/Documents/sloeber-workspace/Thesis_ReaderCodeArduinoDue/Release/arduino.ar(USBCore.cpp.o)
                              C:/Users/Labtop/Documents/sloeber-workspace/Thesis_ReaderCodeArduinoDue/Release/arduino.ar(main.cpp.o) (USBDevice_::attach())
C:/Users/Labtop/Documents/sloeber-workspace/Thesis_ReaderCodeArduinoDue/Release/arduino.ar(Reset.cpp.o)
                              C:/Users/Labtop/Documents/sloeber-workspace/Thesis_ReaderCodeArduinoDue/Release/arduino.ar(cortex_handlers.c.o) (tickReset)
C:/Users/Labtop/Documents/sloeber-workspace/Thesis_ReaderCodeArduinoDue/Release/arduino.ar(CDC.cpp.o)
                              C:/Users/Labtop/Documents/sloeber-workspace/Thesis_ReaderCodeArduinoDue/Release/arduino.ar(USBCore.cpp.o) (Serial_::accept())
[...]
Memory Configuration

Name             Origin             Length             Attributes
rom              0x00080000         0x00080000         xr
sram0            0x20000000         0x00010000         xrw
sram1            0x20080000         0x00008000         xrw
ram              0x20070000         0x00018000         xrw
*default*        0x00000000         0xffffffff

Linker script and memory map

LOAD c:/sloeber/arduinoplugin/packages/arduino/tools/arm-none-eabi-gcc/4.8.3-2014q1/bin/../lib/gcc/arm-none-eabi/4.8.3/armv7-m/crti.o
LOAD c:/sloeber/arduinoplugin/packages/arduino/tools/arm-none-eabi-gcc/4.8.3-2014q1/bin/../lib/gcc/arm-none-eabi/4.8.3/armv7-m/crtbegin.o
LOAD c:/sloeber/arduinoplugin/packages/arduino/tools/arm-none-eabi-gcc/4.8.3-2014q1/bin/../lib/gcc/arm-none-eabi/4.8.3/../../../../arm-none-eabi/lib/armv7-m/crt0.o
START GROUP
LOAD .\sloeber.ino.cpp.o
LOAD C:\sloeber\arduinoPlugin\packages\arduino\hardware\sam\1.6.11\variants\arduino_due_x/libsam_sam3x8e_gcc_rel.a
LOAD C:/Users/Labtop/Documents/sloeber-workspace/Thesis_ReaderCodeArduinoDue/Release/arduino.ar
END GROUP
LOAD c:/sloeber/arduinoplugin/packages/arduino/tools/arm-none-eabi-gcc/4.8.3-2014q1/bin/../lib/gcc/arm-none-eabi/4.8.3/../../../../arm-none-eabi/lib/armv7-m\libm.a
START GROUP
LOAD c:/sloeber/arduinoplugin/packages/arduino/tools/arm-none-eabi-gcc/4.8.3-2014q1/bin/../lib/gcc/arm-none-eabi/4.8.3/armv7-m\libgcc.a
LOAD c:/sloeber/arduinoplugin/packages/arduino/tools/arm-none-eabi-gcc/4.8.3-2014q1/bin/../lib/gcc/arm-none-eabi/4.8.3/../../../../arm-none-eabi/lib/armv7-m\libg.a
LOAD c:/sloeber/arduinoplugin/packages/arduino/tools/arm-none-eabi-gcc/4.8.3-2014q1/bin/../lib/gcc/arm-none-eabi/4.8.3/../../../../arm-none-eabi/lib/armv7-m\libc.a
END GROUP
LOAD c:/sloeber/arduinoplugin/packages/arduino/tools/arm-none-eabi-gcc/4.8.3-2014q1/bin/../lib/gcc/arm-none-eabi/4.8.3/armv7-m/crtend.o
LOAD c:/sloeber/arduinoplugin/packages/arduino/tools/arm-none-eabi-gcc/4.8.3-2014q1/bin/../lib/gcc/arm-none-eabi/4.8.3/armv7-m/crtn.o

.text           0x00080000     0x67d4
                0x00080000                . = ALIGN (0x4)
                0x00080000                _sfixed = .
 *(.vectors .vectors.*)
 .vectors       0x00080000       0xf4 C:\sloeber\arduinoPlugin\packages\arduino\hardware\sam\1.6.11\variants\arduino_due_x/libsam_sam3x8e_gcc_rel.a(startup_sam3xa.o)
                0x00080000                exception_table
 *(.text .text.* .gnu.linkonce.t.*)
 .text          0x000800f4       0x54 c:/sloeber/arduinoplugin/packages/arduino/tools/arm-none-eabi-gcc/4.8.3-2014q1/bin/../lib/gcc/arm-none-eabi/4.8.3/armv7-m/crtbegin.o
 .text._Z13waitForRisingv
                0x00080148       0x3c .\sloeber.ino.cpp.o
                0x00080148                waitForRising()
 .text._Z10getAveragePji
                0x00080184       0x44 .\sloeber.ino.cpp.o
                0x00080184                getAverage(unsigned int*, int)
 .text._Z11getVariancePji
                0x000801c8       0x68 .\sloeber.ino.cpp.o
                0x000801c8                getVariance(unsigned int*, int)
 .text._Z8readDatav
                0x00080230      0x144 .\sloeber.ino.cpp.o
                0x00080230                readData()
 .text._Z17printReceivedDatav
                0x00080374       0x64 .\sloeber.ino.cpp.o
                0x00080374                printReceivedData()
 .text._Z9sendPoweri
                0x000803d8       0x2e .\sloeber.ino.cpp.o
                0x000803d8                sendPower(int)
 *fill*         0x00080406        0x2 
 .text._Z18continuousReadTestv
                0x00080408      0x140 .\sloeber.ino.cpp.o
                0x00080408                continuousReadTest()
 .text.loop     0x00080548       0x18 .\sloeber.ino.cpp.o
                0x00080548                loop
 .text.setup    0x00080560       0x44 .\sloeber.ino.cpp.o
                0x00080560                setup
 .text.Reset_Handler
                0x000805a4       0x78 C:\sloeber\arduinoPlugin\packages\arduino\hardware\sam\1.6.11\variants\arduino_due_x/libsam_sam3x8e_gcc_rel.a(startup_sam3xa.o)
                0x000805a4                Reset_Handler
 .text.UOTGHS_Handler
                0x0008061c       0x10 C:\sloeber\arduinoPlugin\packages\arduino\hardware\sam\1.6.11\variants\arduino_due_x/libsam_sam3x8e_gcc_rel.a(uotghs.o)
                0x0008061c                UOTGHS_Handler
 .text._Z11serialEventv
                0x0008062c        0x2 C:/Users/Labtop/Documents/sloeber-workspace/Thesis_ReaderCodeArduinoDue/Release/arduino.ar(variant.cpp.o)
                0x0008062c                serialEvent()
 *fill*         0x0008062e        0x2 
 .text.UART_Handler
                0x00080630        0xc C:/Users/Labtop/Documents/sloeber-workspace/Thesis_ReaderCodeArduinoDue/Release/arduino.ar(variant.cpp.o)
                0x00080630                UART_Handler
 .text._Z12serialEvent1v
                0x0008063c        0x2 C:/Users/Labtop/Documents/sloeber-workspace/Thesis_ReaderCodeArduinoDue/Release/arduino.ar(variant.cpp.o)
                0x0008063c                serialEvent1()
 .text._Z12serialEvent2v
                0x0008063e        0x2 C:/Users/Labtop/Documents/sloeber-workspace/Thesis_ReaderCodeArduinoDue/Release/arduino.ar(variant.cpp.o)
                0x0008063e                serialEvent2()
 .text._Z12serialEvent3v
                0x00080640        0x2 C:/Users/Labtop/Documents/sloeber-workspace/Thesis_ReaderCodeArduinoDue/Release/arduino.ar(variant.cpp.o)
                0x00080640                serialEvent3()
 *fill*         0x00080642        0x2 
 .text.USART0_Handler
                0x00080644        0xc C:/Users/Labtop/Documents/sloeber-workspace/Thesis_ReaderCodeArduinoDue/Release/arduino.ar(variant.cpp.o)
                0x00080644                USART0_Handler
 .text.USART1_Handler
                0x00080650        0xc C:/Users/Labtop/Documents/sloeber-workspace/Thesis_ReaderCodeArduinoDue/Release/arduino.ar(variant.cpp.o)
                0x00080650                USART1_Handler
 .text.USART3_Handler
                0x0008065c        0xc C:/Users/Labtop/Documents/sloeber-workspace/Thesis_ReaderCodeArduinoDue/Release/arduino.ar(variant.cpp.o)
                0x0008065c                USART3_Handler
 .text.init     0x00080668      0x128 C:/Users/Labtop/Documents/sloeber-workspace/Thesis_ReaderCodeArduinoDue/Release/arduino.ar(variant.cpp.o)
                0x00080668                init
 .text.startup._GLOBAL__sub_I_g_APinDescription
                0x00080790       0xd4 C:/Users/Labtop/Documents/sloeber-workspace/Thesis_ReaderCodeArduinoDue/Release/arduino.ar(variant.cpp.o)
 .text._Z14serialEventRunv
                0x00080864       0x44 C:/Users/Labtop/Documents/sloeber-workspace/Thesis_ReaderCodeArduinoDue/Release/arduino.ar(variant.cpp.o)
                0x00080864                serialEventRun()
 .text._ZN5Print5writeEPKhj
                0x000808a8       0x22 C:/Users/Labtop/Documents/sloeber-workspace/Thesis_ReaderCodeArduinoDue/Release/arduino.ar(Print.cpp.o)
                0x000808a8                Print::write(unsigned char const*, unsigned int)
 .text._ZN5Print5printEmi.part.3
                0x000808ca        0xc C:/Users/Labtop/Documents/sloeber-workspace/Thesis_ReaderCodeArduinoDue/Release/arduino.ar(Print.cpp.o)
 .text._ZN5Print5writeEPKc
                0x000808d6       0x1e C:/Users/Labtop/Documents/sloeber-workspace/Thesis_ReaderCodeArduinoDue/Release/arduino.ar(Print.cpp.o)
                0x000808d6                Print::write(char const*)
 .text._ZN5Print5printEPKc
                0x000808f4        0x8 C:/Users/Labtop/Documents/sloeber-workspace/Thesis_ReaderCodeArduinoDue/Release/arduino.ar(Print.cpp.o)
                0x000808f4                Print::print(char const*)
 .text._ZN5Print5printEc
                0x000808fc        0xa C:/Users/Labtop/Documents/sloeber-workspace/Thesis_ReaderCodeArduinoDue/Release/arduino.ar(Print.cpp.o)
                0x000808fc                Print::print(char)
 *fill*         0x00080906        0x2 
 .text._ZN5Print7printlnEv
                0x00080908       0x10 C:/Users/Labtop/Documents/sloeber-workspace/Thesis_ReaderCodeArduinoDue/Release/arduino.ar(Print.cpp.o)
                0x00080908                Print::println()
 .text._ZN5Print7printlnEPKc
                0x00080918       0x14 C:/Users/Labtop/Documents/sloeber-workspace/Thesis_ReaderCodeArduinoDue/Release/arduino.ar(Print.cpp.o)
                0x00080918                Print::println(char const*)
 .text._ZN5Print11printNumberEmh
                0x0008092c       0x3e C:/Users/Labtop/Documents/sloeber-workspace/Thesis_ReaderCodeArduinoDue/Release/arduino.ar(Print.cpp.o)
                0x0008092c                Print::printNumber(unsigned long, unsigned char)
 .text._ZN5Print5printEli
                0x0008096a       0x3c C:/Users/Labtop/Documents/sloeber-workspace/Thesis_ReaderCodeArduinoDue/Release/arduino.ar(Print.cpp.o)
                0x0008096a                Print::print(long, int)
 .text._ZN5Print5printEii
                0x000809a6        0x4 C:/Users/Labtop/Documents/sloeber-workspace/Thesis_ReaderCodeArduinoDue/Release/arduino.ar(Print.cpp.o)
                0x000809a6                Print::print(int, int)
 .text._ZN5Print5printEmi
                0x000809aa        0xc C:/Users/Labtop/Documents/sloeber-workspace/Thesis_ReaderCodeArduinoDue/Release/arduino.ar(Print.cpp.o)
                0x000809aa                Print::print(unsigned long, int)
 .text._ZN5Print5printEhi
                0x000809b6        0x4 C:/Users/Labtop/Documents/sloeber-workspace/Thesis_ReaderCodeArduinoDue/Release/arduino.ar(Print.cpp.o)
                0x000809b6                Print::print(unsigned char, int)
 .text._ZN10RingBufferC2Ev
                0x000809ba       0x1a C:/Users/Labtop/Documents/sloeber-workspace/Thesis_ReaderCodeArduinoDue/Release/arduino.ar(RingBuffer.cpp.o)
                0x000809ba                RingBuffer::RingBuffer()
                0x000809ba                RingBuffer::RingBuffer()
 .text._ZN10RingBuffer10store_charEh
                0x000809d4       0x1e C:/Users/Labtop/Documents/sloeber-workspace/Thesis_ReaderCodeArduinoDue/Release/arduino.ar(RingBuffer.cpp.o)
                0x000809d4                RingBuffer::store_char(unsigned char)
 .text._ZN9UARTClasscvbEv
                0x000809f2        0x4 C:/Users/Labtop/Documents/sloeber-workspace/Thesis_ReaderCodeArduinoDue/Release/arduino.ar(UARTClass.cpp.o)
                0x000809f2                UARTClass::operator bool()
 .text._ZN9UARTClass9availableEv
                0x000809f6       0x12 C:/Users/Labtop/Documents/sloeber-workspace/Thesis_ReaderCodeArduinoDue/Release/arduino.ar(UARTClass.cpp.o)
                0x000809f6                UARTClass::available()
 .text._ZN9UARTClass4peekEv
                0x00080a08       0x1c C:/Users/Labtop/Documents/sloeber-workspace/Thesis_ReaderCodeArduinoDue/Release/arduino.ar(UARTClass.cpp.o)
                0x00080a08                UARTClass::peek()
 .text._ZN9UARTClass4readEv
                0x00080a24       0x2a C:/Users/Labtop/Documents/sloeber-workspace/Thesis_ReaderCodeArduinoDue/Release/arduino.ar(UARTClass.cpp.o)
                0x00080a24                UARTClass::read()
 .text._ZN9UARTClass5flushEv
                0x00080a4e       0x18 C:/Users/Labtop/Documents/sloeber-workspace/Thesis_ReaderCodeArduinoDue/Release/arduino.ar(UARTClass.cpp.o)
                0x00080a4e                UARTClass::flush()
 *fill*         0x00080a66        0x2 
 .text._ZN9UARTClass5writeEh
                0x00080a68       0x54 C:/Users/Labtop/Documents/sloeber-workspace/Thesis_ReaderCodeArduinoDue/Release/arduino.ar(UARTClass.cpp.o)
                0x00080a68                UARTClass::write(unsigned char)
 .text._ZN9UARTClass3endEv
                0x00080abc       0x3c C:/Users/Labtop/Documents/sloeber-workspace/Thesis_ReaderCodeArduinoDue/Release/arduino.ar(UARTClass.cpp.o)
                0x00080abc                UARTClass::end()
 .text._ZN9UARTClassC2EP4Uart4IRQnmP10RingBufferS4_
                0x00080af8       0x24 C:/Users/Labtop/Documents/sloeber-workspace/Thesis_ReaderCodeArduinoDue/Release/arduino.ar(UARTClass.cpp.o)
                0x00080af8                UARTClass::UARTClass(Uart*, IRQn, unsigned long, RingBuffer*, RingBuffer*)
                0x00080af8                UARTClass::UARTClass(Uart*, IRQn, unsigned long, RingBuffer*, RingBuffer*)
 .text._ZN9UARTClass4initEmm
                0x00080b1c       0x70 C:/Users/Labtop/Documents/sloeber-workspace/Thesis_ReaderCodeArduinoDue/Release/arduino.ar(UARTClass.cpp.o)
                0x00080b1c                UARTClass::init(unsigned long, unsigned long)
 .text._ZN9UARTClass5beginEm
                0x00080b8c        0x8 C:/Users/Labtop/Documents/sloeber-workspace/Thesis_ReaderCodeArduinoDue/Release/arduino.ar(UARTClass.cpp.o)
                0x00080b8c                UARTClass::begin(unsigned long)
 .text._ZN9UARTClass10IrqHandlerEv
                0x00080b94       0x5a C:/Users/Labtop/Documents/sloeber-workspace/Thesis_ReaderCodeArduinoDue/Release/arduino.ar(UARTClass.cpp.o)
                0x00080b94                UARTClass::IrqHandler()
 .text._ZN10USARTClass5beginEm
                0x00080bee        0x8 C:/Users/Labtop/Documents/sloeber-workspace/Thesis_ReaderCodeArduinoDue/Release/arduino.ar(USARTClass.cpp.o)
                0x00080bee                USARTClass::begin(unsigned long)
 *fill*         0x00080bf6        0x2 
 .text._ZN10USARTClassC2EP5Usart4IRQnmP10RingBufferS4_
                0x00080bf8       0x24 C:/Users/Labtop/Documents/sloeber-workspace/Thesis_ReaderCodeArduinoDue/Release/arduino.ar(USARTClass.cpp.o)
                0x00080bf8                USARTClass::USARTClass(Usart*, IRQn, unsigned long, RingBuffer*, RingBuffer*)
                0x00080bf8                USARTClass::USARTClass(Usart*, IRQn, unsigned long, RingBuffer*, RingBuffer*)
 .text.PIOA_Handler
                0x00080c1c       0x38 C:/Users/Labtop/Documents/sloeber-workspace/Thesis_ReaderCodeArduinoDue/Release/arduino.ar(WInterrupts.c.o)
                0x00080c1c                PIOA_Handler
 .text.PIOB_Handler
                0x00080c54       0x38 C:/Users/Labtop/Documents/sloeber-workspace/Thesis_ReaderCodeArduinoDue/Release/arduino.ar(WInterrupts.c.o)
                0x00080c54                PIOB_Handler
 .text.PIOC_Handler
                0x00080c8c       0x38 C:/Users/Labtop/Documents/sloeber-workspace/Thesis_ReaderCodeArduinoDue/Release/arduino.ar(WInterrupts.c.o)
                0x00080c8c                PIOC_Handler
 .text.PIOD_Handler
                0x00080cc4       0x38 C:/Users/Labtop/Documents/sloeber-workspace/Thesis_ReaderCodeArduinoDue/Release/arduino.ar(WInterrupts.c.o)
                0x00080cc4                PIOD_Handler
 .text.__halt   0x00080cfc        0x2 C:/Users/Labtop/Documents/sloeber-workspace/Thesis_ReaderCodeArduinoDue/Release/arduino.ar(cortex_handlers.c.o)
                0x00080cfc                DACC_Handler
                0x00080cfc                DebugMon_Handler
                0x00080cfc                DMAC_Handler
                0x00080cfc                TRNG_Handler
                0x00080cfc                HardFault_Handler
                0x00080cfc                TC2_Handler
                0x00080cfc                TWI1_Handler
                0x00080cfc                NMI_Handler
                0x00080cfc                TC7_Handler
                0x00080cfc                ADC_Handler
                0x00080cfc                SMC_Handler
                0x00080cfc                RTT_Handler
                0x00080cfc                EFC1_Handler
                0x00080cfc                RTC_Handler
                0x00080cfc                UsageFault_Handler
                0x00080cfc                TC6_Handler
                0x00080cfc                WDT_Handler
                0x00080cfc                CAN0_Handler
                0x00080cfc                TC4_Handler
                0x00080cfc                TC1_Handler
                0x00080cfc                HSMCI_Handler
                0x00080cfc                TC3_Handler
                0x00080cfc                TWI0_Handler
                0x00080cfc                SSC_Handler
                0x00080cfc                EFC0_Handler
                0x00080cfc                PMC_Handler
                0x00080cfc                PWM_Handler
                0x00080cfc                CAN1_Handler
                0x00080cfc                MemManage_Handler
                0x00080cfc                SUPC_Handler
                0x00080cfc                TC8_Handler
                0x00080cfc                USART2_Handler
                0x00080cfc                EMAC_Handler
                0x00080cfc                BusFault_Handler
                0x00080cfc                RSTC_Handler
                0x00080cfc                TC0_Handler
                0x00080cfc                TC5_Handler
                0x00080cfc                SPI0_Handler
 .text.SVC_Handler
                0x00080cfe        0x4 C:/Users/Labtop/Documents/sloeber-workspace/Thesis_ReaderCodeArduinoDue/Release/arduino.ar(cortex_handlers.c.o)
                0x00080cfe                SVC_Handler
 .text.PendSV_Handler
                0x00080d02        0x4 C:/Users/Labtop/Documents/sloeber-workspace/Thesis_ReaderCodeArduinoDue/Release/arduino.ar(cortex_handlers.c.o)
                0x00080d02                PendSV_Handler
 .text.SysTick_Handler
                0x00080d06       0x16 C:/Users/Labtop/Documents/sloeber-workspace/Thesis_ReaderCodeArduinoDue/Release/arduino.ar(cortex_handlers.c.o)
                0x00080d06                SysTick_Handler
 .text.__empty  0x00080d1c        0x2 C:/Users/Labtop/Documents/sloeber-workspace/Thesis_ReaderCodeArduinoDue/Release/arduino.ar(hooks.c.o)
                0x00080d1c                yield
 .text.__false  0x00080d1e        0x4 C:/Users/Labtop/Documents/sloeber-workspace/Thesis_ReaderCodeArduinoDue/Release/arduino.ar(hooks.c.o)
                0x00080d1e                sysTickHook
 .text.__halt   0x00080d22        0x2 C:/Users/Labtop/Documents/sloeber-workspace/Thesis_ReaderCodeArduinoDue/Release/arduino.ar(hooks.c.o)
                0x00080d22                svcHook
                0x00080d22                pendSVHook
 .text.initVariant
                0x00080d24        0x2 C:/Users/Labtop/Documents/sloeber-workspace/Thesis_ReaderCodeArduinoDue/Release/arduino.ar(main.cpp.o)
                0x00080d24                initVariant
 *fill*         0x00080d26        0x2 
 .text.startup.main
                0x00080d28       0x38 C:/Users/Labtop/Documents/sloeber-workspace/Thesis_ReaderCodeArduinoDue/Release/arduino.ar(main.cpp.o)
                0x00080d28                main
 .text._sbrk    0x00080d60       0x1c C:/Users/Labtop/Documents/sloeber-workspace/Thesis_ReaderCodeArduinoDue/Release/arduino.ar(syscalls_sam3.c.o)
                0x00080d60                _sbrk
 .text.link     0x00080d7c        0x6 C:/Users/Labtop/Documents/sloeber-workspace/Thesis_ReaderCodeArduinoDue/Release/arduino.ar(syscalls_sam3.c.o)
                0x00080d7c                link
 .text._close   0x00080d82        0x6 C:/Users/Labtop/Documents/sloeber-workspace/Thesis_ReaderCodeArduinoDue/Release/arduino.ar(syscalls_sam3.c.o)
                0x00080d82                _close
 .text._fstat   0x00080d88        0xa C:/Users/Labtop/Documents/sloeber-workspace/Thesis_ReaderCodeArduinoDue/Release/arduino.ar(syscalls_sam3.c.o)
                0x00080d88                _fstat
 .text._isatty  0x00080d92        0x4 C:/Users/Labtop/Documents/sloeber-workspace/Thesis_ReaderCodeArduinoDue/Release/arduino.ar(syscalls_sam3.c.o)
                0x00080d92                _isatty
 .text._lseek   0x00080d96        0x4 C:/Users/Labtop/Documents/sloeber-workspace/Thesis_ReaderCodeArduinoDue/Release/arduino.ar(syscalls_sam3.c.o)
                0x00080d96                _lseek
 .text._read    0x00080d9a        0x4 C:/Users/Labtop/Documents/sloeber-workspace/Thesis_ReaderCodeArduinoDue/Release/arduino.ar(syscalls_sam3.c.o)
                0x00080d9a                _read
 *fill*         0x00080d9e        0x2 
 .text._write   0x00080da0       0x24 C:/Users/Labtop/Documents/sloeber-workspace/Thesis_ReaderCodeArduinoDue/Release/arduino.ar(syscalls_sam3.c.o)
                0x00080da0                _write
 .text._exit    0x00080dc4       0x10 C:/Users/Labtop/Documents/sloeber-workspace/Thesis_ReaderCodeArduinoDue/Release/arduino.ar(syscalls_sam3.c.o)
                0x00080dc4                _exit
 .text._kill    0x00080dd4        0x2 C:/Users/Labtop/Documents/sloeber-workspace/Thesis_ReaderCodeArduinoDue/Release/arduino.ar(syscalls_sam3.c.o)
                0x00080dd4                _kill
 .text._getpid  0x00080dd6        0x6 C:/Users/Labtop/Documents/sloeber-workspace/Thesis_ReaderCodeArduinoDue/Release/arduino.ar(syscalls_sam3.c.o)
                0x00080dd6                _getpid
 .text._watchdogDefaultSetup
                0x00080ddc        0xc C:/Users/Labtop/Documents/sloeber-workspace/Thesis_ReaderCodeArduinoDue/Release/arduino.ar(watchdog.cpp.o)
                0x00080ddc                _watchdogDefaultSetup
                0x00080ddc                watchdogSetup()
 .text.micros   0x00080de8       0x74 C:/Users/Labtop/Documents/sloeber-workspace/Thesis_ReaderCodeArduinoDue/Release/arduino.ar(wiring.c.o)
                0x00080de8                micros
 .text.delay    0x00080e5c       0x1c C:/Users/Labtop/Documents/sloeber-workspace/Thesis_ReaderCodeArduinoDue/Release/arduino.ar(wiring.c.o)
                0x00080e5c                delay
 .text.mapResolution
                0x00080e78       0x12 C:/Users/Labtop/Documents/sloeber-workspace/Thesis_ReaderCodeArduinoDue/Release/arduino.ar(wiring_analog.c.o)
 *fill*         0x00080e8a        0x2 
 .text.analogReadResolution
                0x00080e8c        0xc C:/Users/Labtop/Documents/sloeber-workspace/Thesis_ReaderCodeArduinoDue/Release/arduino.ar(wiring_analog.c.o)
                0x00080e8c                analogReadResolution
 .text.analogRead
                0x00080e98       0x9c C:/Users/Labtop/Documents/sloeber-workspace/Thesis_ReaderCodeArduinoDue/Release/arduino.ar(wiring_analog.c.o)
                0x00080e98                analogRead
 .text.analogOutputInit
                0x00080f34        0x2 C:/Users/Labtop/Documents/sloeber-workspace/Thesis_ReaderCodeArduinoDue/Release/arduino.ar(wiring_analog.c.o)
                0x00080f34                analogOutputInit
 *fill*         0x00080f36        0x2 
 .text.pinMode  0x00080f38      0x108 C:/Users/Labtop/Documents/sloeber-workspace/Thesis_ReaderCodeArduinoDue/Release/arduino.ar(wiring_digital.c.o)
                0x00080f38                pinMode
 .text.digitalWrite
                0x00081040       0x70 C:/Users/Labtop/Documents/sloeber-workspace/Thesis_ReaderCodeArduinoDue/Release/arduino.ar(wiring_digital.c.o)
                0x00081040                digitalWrite
 .text.unlikely._ZL11USB_SendZlpv
                0x000810b0       0x20 C:/Users/Labtop/Documents/sloeber-workspace/Thesis_ReaderCodeArduinoDue/Release/arduino.ar(USBCore.cpp.o)
 .text._Z14USBD_Availablem
                0x000810d0       0x2c C:/Users/Labtop/Documents/sloeber-workspace/Thesis_ReaderCodeArduinoDue/Release/arduino.ar(USBCore.cpp.o)
                0x000810d0                USBD_Available(unsigned long)
 .text._Z9USBD_RecvmPvm
                0x000810fc       0x7c C:/Users/Labtop/Documents/sloeber-workspace/Thesis_ReaderCodeArduinoDue/Release/arduino.ar(USBCore.cpp.o)
                0x000810fc                USBD_Recv(unsigned long, void*, unsigned long)
 .text._Z9USBD_Recvm
                0x00081178       0x22 C:/Users/Labtop/Documents/sloeber-workspace/Thesis_ReaderCodeArduinoDue/Release/arduino.ar(USBCore.cpp.o)
                0x00081178                USBD_Recv(unsigned long)
 *fill*         0x0008119a        0x2 
 .text._Z9USBD_SendmPKvm
                0x0008119c       0x4c C:/Users/Labtop/Documents/sloeber-workspace/Thesis_ReaderCodeArduinoDue/Release/arduino.ar(USBCore.cpp.o)
                0x0008119c                USBD_Send(unsigned long, void const*, unsigned long)
 .text._Z16USBD_SendControlhPKvm
                0x000811e8       0x40 C:/Users/Labtop/Documents/sloeber-workspace/Thesis_ReaderCodeArduinoDue/Release/arduino.ar(USBCore.cpp.o)
                0x000811e8                USBD_SendControl(unsigned char, void const*, unsigned long)
 .text.unlikely._ZL24USB_SendStringDescriptorPKhi
                0x00081228       0x64 C:/Users/Labtop/Documents/sloeber-workspace/Thesis_ReaderCodeArduinoDue/Release/arduino.ar(USBCore.cpp.o)
 .text._Z16USBD_RecvControlPvm
                0x0008128c       0x1c C:/Users/Labtop/Documents/sloeber-workspace/Thesis_ReaderCodeArduinoDue/Release/arduino.ar(USBCore.cpp.o)
                0x0008128c                USBD_RecvControl(void*, unsigned long)
 .text._Z26USBD_ClassInterfaceRequestR8USBSetup
                0x000812a8       0x1e C:/Users/Labtop/Documents/sloeber-workspace/Thesis_ReaderCodeArduinoDue/Release/arduino.ar(USBCore.cpp.o)
                0x000812a8                USBD_ClassInterfaceRequest(USBSetup&)
 .text._Z19USBD_SendInterfacesv
                0x000812c6       0x22 C:/Users/Labtop/Documents/sloeber-workspace/Thesis_ReaderCodeArduinoDue/Release/arduino.ar(USBCore.cpp.o)
                0x000812c6                USBD_SendInterfaces()
 .text._Z24USBD_SendOtherInterfacesv
                0x000812e8       0x22 C:/Users/Labtop/Documents/sloeber-workspace/Thesis_ReaderCodeArduinoDue/Release/arduino.ar(USBCore.cpp.o)
                0x000812e8                USBD_SendOtherInterfaces()
 .text._Z10USBD_Flushm
                0x0008130a       0x16 C:/Users/Labtop/Documents/sloeber-workspace/Thesis_ReaderCodeArduinoDue/Release/arduino.ar(USBCore.cpp.o)
                0x0008130a                USBD_Flush(unsigned long)
 .text._ZN10USBDevice_C2Ev
                0x00081320       0x24 C:/Users/Labtop/Documents/sloeber-workspace/Thesis_ReaderCodeArduinoDue/Release/arduino.ar(USBCore.cpp.o)
                0x00081320                USBDevice_::USBDevice_()
                0x00081320                USBDevice_::USBDevice_()
 .text._ZN10USBDevice_6attachEv
                0x00081344       0x20 C:/Users/Labtop/Documents/sloeber-workspace/Thesis_ReaderCodeArduinoDue/Release/arduino.ar(USBCore.cpp.o)
                0x00081344                USBDevice_::attach()
 .text.startup._GLOBAL__sub_I_EndPoints
                0x00081364        0xc C:/Users/Labtop/Documents/sloeber-workspace/Thesis_ReaderCodeArduinoDue/Release/arduino.ar(USBCore.cpp.o)
 .text._ZL7USB_ISRv
                0x00081370      0x454 C:/Users/Labtop/Documents/sloeber-workspace/Thesis_ReaderCodeArduinoDue/Release/arduino.ar(USBCore.cpp.o)
 .text.initiateReset
                0x000817c4        0xc C:/Users/Labtop/Documents/sloeber-workspace/Thesis_ReaderCodeArduinoDue/Release/arduino.ar(Reset.cpp.o)
                0x000817c4                initiateReset
 .text.cancelReset
                0x000817d0       0x10 C:/Users/Labtop/Documents/sloeber-workspace/Thesis_ReaderCodeArduinoDue/Release/arduino.ar(Reset.cpp.o)
                0x000817d0                cancelReset
 .text.tickReset
                0x000817e0       0x20 C:/Users/Labtop/Documents/sloeber-workspace/Thesis_ReaderCodeArduinoDue/Release/arduino.ar(Reset.cpp.o)
                0x000817e0                tickReset
 .text._ZN7Serial_9availableEv
                0x00081800       0x18 C:/Users/Labtop/Documents/sloeber-workspace/Thesis_ReaderCodeArduinoDue/Release/arduino.ar(CDC.cpp.o)
                0x00081800                Serial_::available()
 .text._ZN7Serial_17availableForWriteEv
                0x00081818        0x6 C:/Users/Labtop/Documents/sloeber-workspace/Thesis_ReaderCodeArduinoDue/Release/arduino.ar(CDC.cpp.o)
                0x00081818                Serial_::availableForWrite()
 *fill*         0x0008181e        0x2 
 .text._ZN7Serial_4peekEv
                0x00081820       0x20 C:/Users/Labtop/Documents/sloeber-workspace/Thesis_ReaderCodeArduinoDue/Release/arduino.ar(CDC.cpp.o)
                0x00081820                Serial_::peek()
 .text._ZN7Serial_5writeEh
                0x00081840       0x16 C:/Users/Labtop/Documents/sloeber-workspace/Thesis_ReaderCodeArduinoDue/Release/arduino.ar(CDC.cpp.o)
                0x00081840                Serial_::write(unsigned char)
 *fill*         0x00081856        0x2 
 .text._ZN7Serial_4readEv
                0x00081858       0x44 C:/Users/Labtop/Documents/sloeber-workspace/Thesis_ReaderCodeArduinoDue/Release/arduino.ar(CDC.cpp.o)
                0x00081858                Serial_::read()
 .text._ZN7Serial_5flushEv
                0x0008189c        0x6 C:/Users/Labtop/Documents/sloeber-workspace/Thesis_ReaderCodeArduinoDue/Release/arduino.ar(CDC.cpp.o)
                0x0008189c                Serial_::flush()
 *fill*         0x000818a2        0x2 
 .text._ZN7Serial_6acceptEv
                0x000818a4       0x70 C:/Users/Labtop/Documents/sloeber-workspace/Thesis_ReaderCodeArduinoDue/Release/arduino.ar(CDC.cpp.o)
                0x000818a4                Serial_::accept()
 .text._ZN7Serial_5writeEPKhj
                0x00081914       0x2c C:/Users/Labtop/Documents/sloeber-workspace/Thesis_ReaderCodeArduinoDue/Release/arduino.ar(CDC.cpp.o)
                0x00081914                Serial_::write(unsigned char const*, unsigned int)
 .text._Z16CDC_GetInterfacePh
                0x00081940       0x14 C:/Users/Labtop/Documents/sloeber-workspace/Thesis_ReaderCodeArduinoDue/Release/arduino.ar(CDC.cpp.o)
                0x00081940                CDC_GetInterface(unsigned char*)
 .text._Z21CDC_GetOtherInterfacePh
                0x00081954       0x14 C:/Users/Labtop/Documents/sloeber-workspace/Thesis_ReaderCodeArduinoDue/Release/arduino.ar(CDC.cpp.o)
                0x00081954                CDC_GetOtherInterface(unsigned char*)
 .text._Z9CDC_SetupR8USBSetup
                0x00081968       0x78 C:/Users/Labtop/Documents/sloeber-workspace/Thesis_ReaderCodeArduinoDue/Release/arduino.ar(CDC.cpp.o)
                0x00081968                CDC_Setup(USBSetup&)
 .text.startup._GLOBAL__sub_I_cdc_rx_buffer
                0x000819e0       0x1c C:/Users/Labtop/Documents/sloeber-workspace/Thesis_ReaderCodeArduinoDue/Release/arduino.ar(CDC.cpp.o)
 .text._ZN13PluggableUSB_12getInterfaceEPh
                0x000819fc       0x28 C:/Users/Labtop/Documents/sloeber-workspace/Thesis_ReaderCodeArduinoDue/Release/arduino.ar(PluggableUSB.cpp.o)
                0x000819fc                PluggableUSB_::getInterface(unsigned char*)
 .text._ZN13PluggableUSB_13getDescriptorER8USBSetup
                0x00081a24       0x1c C:/Users/Labtop/Documents/sloeber-workspace/Thesis_ReaderCodeArduinoDue/Release/arduino.ar(PluggableUSB.cpp.o)
                0x00081a24                PluggableUSB_::getDescriptor(USBSetup&)
 .text._ZN13PluggableUSB_12getShortNameEPc
                0x00081a40       0x1c C:/Users/Labtop/Documents/sloeber-workspace/Thesis_ReaderCodeArduinoDue/Release/arduino.ar(PluggableUSB.cpp.o)
                0x00081a40                PluggableUSB_::getShortName(char*)
 .text._ZN13PluggableUSB_5setupER8USBSetup
                0x00081a5c       0x20 C:/Users/Labtop/Documents/sloeber-workspace/Thesis_ReaderCodeArduinoDue/Release/arduino.ar(PluggableUSB.cpp.o)
                0x00081a5c                PluggableUSB_::setup(USBSetup&)
 .text._Z12PluggableUSBv
                0x00081a7c       0x28 C:/Users/Labtop/Documents/sloeber-workspace/Thesis_ReaderCodeArduinoDue/Release/arduino.ar(PluggableUSB.cpp.o)
                0x00081a7c                PluggableUSB()
 .text.PIO_PullUp
                0x00081aa4        0xa C:\sloeber\arduinoPlugin\packages\arduino\hardware\sam\1.6.11\variants\arduino_due_x/libsam_sam3x8e_gcc_rel.a(pio.o)
                0x00081aa4                PIO_PullUp
 .text.PIO_SetPeripheral
                0x00081aae       0x26 C:\sloeber\arduinoPlugin\packages\arduino\hardware\sam\1.6.11\variants\arduino_due_x/libsam_sam3x8e_gcc_rel.a(pio.o)
                0x00081aae                PIO_SetPeripheral
 .text.PIO_SetInput
                0x00081ad4       0x26 C:\sloeber\arduinoPlugin\packages\arduino\hardware\sam\1.6.11\variants\arduino_due_x/libsam_sam3x8e_gcc_rel.a(pio.o)
                0x00081ad4                PIO_SetInput
 .text.PIO_SetOutput
                0x00081afa       0x24 C:\sloeber\arduinoPlugin\packages\arduino\hardware\sam\1.6.11\variants\arduino_due_x/libsam_sam3x8e_gcc_rel.a(pio.o)
                0x00081afa                PIO_SetOutput
 *fill*         0x00081b1e        0x2 
 .text.PIO_Configure
                0x00081b20       0x64 C:\sloeber\arduinoPlugin\packages\arduino\hardware\sam\1.6.11\variants\arduino_due_x/libsam_sam3x8e_gcc_rel.a(pio.o)
                0x00081b20                PIO_Configure
 .text.PIO_GetOutputDataStatus
                0x00081b84       0x14 C:\sloeber\arduinoPlugin\packages\arduino\hardware\sam\1.6.11\variants\arduino_due_x/libsam_sam3x8e_gcc_rel.a(pio.o)
                0x00081b84                PIO_GetOutputDataStatus
 .text.pmc_enable_upll_clock
                0x00081b98       0x14 C:\sloeber\arduinoPlugin\packages\arduino\hardware\sam\1.6.11\variants\arduino_due_x/libsam_sam3x8e_gcc_rel.a(pmc.o)
                0x00081b98                pmc_enable_upll_clock
 .text.pmc_enable_periph_clk
                0x00081bac       0x44 C:\sloeber\arduinoPlugin\packages\arduino\hardware\sam\1.6.11\variants\arduino_due_x/libsam_sam3x8e_gcc_rel.a(pmc.o)
                0x00081bac                pmc_enable_periph_clk
 .text.pmc_disable_periph_clk
                0x00081bf0       0x40 C:\sloeber\arduinoPlugin\packages\arduino\hardware\sam\1.6.11\variants\arduino_due_x/libsam_sam3x8e_gcc_rel.a(pmc.o)
                0x00081bf0                pmc_disable_periph_clk
 .text.pmc_switch_udpck_to_upllck
                0x00081c30       0x14 C:\sloeber\arduinoPlugin\packages\arduino\hardware\sam\1.6.11\variants\arduino_due_x/libsam_sam3x8e_gcc_rel.a(pmc.o)
                0x00081c30                pmc_switch_udpck_to_upllck
 .text.pmc_enable_udpck
                0x00081c44        0xc C:\sloeber\arduinoPlugin\packages\arduino\hardware\sam\1.6.11\variants\arduino_due_x/libsam_sam3x8e_gcc_rel.a(pmc.o)
                0x00081c44                pmc_enable_udpck
 .text.TimeTick_Increment
                0x00081c50       0x10 C:\sloeber\arduinoPlugin\packages\arduino\hardware\sam\1.6.11\variants\arduino_due_x/libsam_sam3x8e_gcc_rel.a(timetick.o)
                0x00081c50                TimeTick_Increment
 .text.GetTickCount
                0x00081c60        0xc C:\sloeber\arduinoPlugin\packages\arduino\hardware\sam\1.6.11\variants\arduino_due_x/libsam_sam3x8e_gcc_rel.a(timetick.o)
                0x00081c60                GetTickCount
 .text.WDT_Disable
                0x00081c6c        0x8 C:\sloeber\arduinoPlugin\packages\arduino\hardware\sam\1.6.11\variants\arduino_due_x/libsam_sam3x8e_gcc_rel.a(wdt.o)
                0x00081c6c                WDT_Disable
 .text.SystemInit
                0x00081c74       0x88 C:\sloeber\arduinoPlugin\packages\arduino\hardware\sam\1.6.11\variants\arduino_due_x/libsam_sam3x8e_gcc_rel.a(system_sam3xa.o)
                0x00081c74                SystemInit
 .text.adc_init
                0x00081cfc       0x98 C:\sloeber\arduinoPlugin\packages\arduino\hardware\sam\1.6.11\variants\arduino_due_x/libsam_sam3x8e_gcc_rel.a(adc.o)
                0x00081cfc                adc_init
 .text.adc_configure_trigger
                0x00081d94        0xe C:\sloeber\arduinoPlugin\packages\arduino\hardware\sam\1.6.11\variants\arduino_due_x/libsam_sam3x8e_gcc_rel.a(adc.o)
                0x00081d94                adc_configure_trigger
 .text.adc_configure_timing
                0x00081da2       0x1a C:\sloeber\arduinoPlugin\packages\arduino\hardware\sam\1.6.11\variants\arduino_due_x/libsam_sam3x8e_gcc_rel.a(adc.o)
                0x00081da2                adc_configure_timing
 .text.adc_start
                0x00081dbc        0x6 C:\sloeber\arduinoPlugin\packages\arduino\hardware\sam\1.6.11\variants\arduino_due_x/libsam_sam3x8e_gcc_rel.a(adc.o)
                0x00081dbc                adc_start
 .text.adc_enable_channel
                0x00081dc2        0xa C:\sloeber\arduinoPlugin\packages\arduino\hardware\sam\1.6.11\variants\arduino_due_x/libsam_sam3x8e_gcc_rel.a(adc.o)
                0x00081dc2                adc_enable_channel
 .text.adc_disable_channel
                0x00081dcc        0xa C:\sloeber\arduinoPlugin\packages\arduino\hardware\sam\1.6.11\variants\arduino_due_x/libsam_sam3x8e_gcc_rel.a(adc.o)
                0x00081dcc                adc_disable_channel
 .text.adc_disable_all_channel
                0x00081dd6        0x8 C:\sloeber\arduinoPlugin\packages\arduino\hardware\sam\1.6.11\variants\arduino_due_x/libsam_sam3x8e_gcc_rel.a(adc.o)
                0x00081dd6                adc_disable_all_channel
 .text.adc_get_channel_status
                0x00081dde        0xa C:\sloeber\arduinoPlugin\packages\arduino\hardware\sam\1.6.11\variants\arduino_due_x/libsam_sam3x8e_gcc_rel.a(adc.o)
                0x00081dde                adc_get_channel_status
 .text.adc_get_latest_value
                0x00081de8        0x4 C:\sloeber\arduinoPlugin\packages\arduino\hardware\sam\1.6.11\variants\arduino_due_x/libsam_sam3x8e_gcc_rel.a(adc.o)
                0x00081de8                adc_get_latest_value
 .text.adc_disable_interrupt
                0x00081dec        0x4 C:\sloeber\arduinoPlugin\packages\arduino\hardware\sam\1.6.11\variants\arduino_due_x/libsam_sam3x8e_gcc_rel.a(adc.o)
                0x00081dec                adc_disable_interrupt
 .text.adc_get_status
                0x00081df0        0x4 C:\sloeber\arduinoPlugin\packages\arduino\hardware\sam\1.6.11\variants\arduino_due_x/libsam_sam3x8e_gcc_rel.a(adc.o)
                0x00081df0                adc_get_status
 .text.UDD_SetStack
                0x00081df4        0xc C:\sloeber\arduinoPlugin\packages\arduino\hardware\sam\1.6.11\variants\arduino_due_x/libsam_sam3x8e_gcc_rel.a(uotghs_device.o)
                0x00081df4                UDD_SetStack
 .text.UDD_Init
                0x00081e00       0xd0 C:\sloeber\arduinoPlugin\packages\arduino\hardware\sam\1.6.11\variants\arduino_due_x/libsam_sam3x8e_gcc_rel.a(uotghs_device.o)
                0x00081e00                UDD_Init
 .text.UDD_Attach
                0x00081ed0       0x50 C:\sloeber\arduinoPlugin\packages\arduino\hardware\sam\1.6.11\variants\arduino_due_x/libsam_sam3x8e_gcc_rel.a(uotghs_device.o)
                0x00081ed0                UDD_Attach
 .text.UDD_InitEP
                0x00081f20       0x2c C:\sloeber\arduinoPlugin\packages\arduino\hardware\sam\1.6.11\variants\arduino_due_x/libsam_sam3x8e_gcc_rel.a(uotghs_device.o)
                0x00081f20                UDD_InitEP
 .text.UDD_InitEndpoints
                0x00081f4c       0x3c C:\sloeber\arduinoPlugin\packages\arduino\hardware\sam\1.6.11\variants\arduino_due_x/libsam_sam3x8e_gcc_rel.a(uotghs_device.o)
                0x00081f4c                UDD_InitEndpoints
 .text.UDD_WaitIN
                0x00081f88       0x10 C:\sloeber\arduinoPlugin\packages\arduino\hardware\sam\1.6.11\variants\arduino_due_x/libsam_sam3x8e_gcc_rel.a(uotghs_device.o)
                0x00081f88                UDD_WaitIN
 .text.UDD_WaitOUT
                0x00081f98       0x10 C:\sloeber\arduinoPlugin\packages\arduino\hardware\sam\1.6.11\variants\arduino_due_x/libsam_sam3x8e_gcc_rel.a(uotghs_device.o)
                0x00081f98                UDD_WaitOUT
 .text.UDD_ClearIN
                0x00081fa8       0x18 C:\sloeber\arduinoPlugin\packages\arduino\hardware\sam\1.6.11\variants\arduino_due_x/libsam_sam3x8e_gcc_rel.a(uotghs_device.o)
                0x00081fa8                UDD_ClearIN
 .text.UDD_ClearOUT
                0x00081fc0       0x18 C:\sloeber\arduinoPlugin\packages\arduino\hardware\sam\1.6.11\variants\arduino_due_x/libsam_sam3x8e_gcc_rel.a(uotghs_device.o)
                0x00081fc0                UDD_ClearOUT
 .text.UDD_ReceivedSetupInt
                0x00081fd8       0x10 C:\sloeber\arduinoPlugin\packages\arduino\hardware\sam\1.6.11\variants\arduino_due_x/libsam_sam3x8e_gcc_rel.a(uotghs_device.o)
                0x00081fd8                UDD_ReceivedSetupInt
 .text.UDD_ClearSetupInt
                0x00081fe8       0x10 C:\sloeber\arduinoPlugin\packages\arduino\hardware\sam\1.6.11\variants\arduino_due_x/libsam_sam3x8e_gcc_rel.a(uotghs_device.o)
                0x00081fe8                UDD_ClearSetupInt
 .text.UDD_Send
                0x00081ff8       0x88 C:\sloeber\arduinoPlugin\packages\arduino\hardware\sam\1.6.11\variants\arduino_due_x/libsam_sam3x8e_gcc_rel.a(uotghs_device.o)
                0x00081ff8                UDD_Send
 .text.UDD_Send8
                0x00082080       0x24 C:\sloeber\arduinoPlugin\packages\arduino\hardware\sam\1.6.11\variants\arduino_due_x/libsam_sam3x8e_gcc_rel.a(uotghs_device.o)
                0x00082080                UDD_Send8
 .text.UDD_Recv8
                0x000820a4       0x28 C:\sloeber\arduinoPlugin\packages\arduino\hardware\sam\1.6.11\variants\arduino_due_x/libsam_sam3x8e_gcc_rel.a(uotghs_device.o)
                0x000820a4                UDD_Recv8
 .text.UDD_Recv
                0x000820cc       0x34 C:\sloeber\arduinoPlugin\packages\arduino\hardware\sam\1.6.11\variants\arduino_due_x/libsam_sam3x8e_gcc_rel.a(uotghs_device.o)
                0x000820cc                UDD_Recv
 .text.UDD_Stall
                0x00082100       0x14 C:\sloeber\arduinoPlugin\packages\arduino\hardware\sam\1.6.11\variants\arduino_due_x/libsam_sam3x8e_gcc_rel.a(uotghs_device.o)
                0x00082100                UDD_Stall
 .text.UDD_FifoByteCount
                0x00082114       0x14 C:\sloeber\arduinoPlugin\packages\arduino\hardware\sam\1.6.11\variants\arduino_due_x/libsam_sam3x8e_gcc_rel.a(uotghs_device.o)
                0x00082114                UDD_FifoByteCount
 .text.UDD_ReleaseRX
                0x00082128       0x28 C:\sloeber\arduinoPlugin\packages\arduino\hardware\sam\1.6.11\variants\arduino_due_x/libsam_sam3x8e_gcc_rel.a(uotghs_device.o)
                0x00082128                UDD_ReleaseRX
 .text.UDD_ReleaseTX
                0x00082150       0x28 C:\sloeber\arduinoPlugin\packages\arduino\hardware\sam\1.6.11\variants\arduino_due_x/libsam_sam3x8e_gcc_rel.a(uotghs_device.o)
                0x00082150                UDD_ReleaseTX
 .text.UDD_SetAddress
                0x00082178       0x20 C:\sloeber\arduinoPlugin\packages\arduino\hardware\sam\1.6.11\variants\arduino_due_x/libsam_sam3x8e_gcc_rel.a(uotghs_device.o)
                0x00082178                UDD_SetAddress
 .text          0x00082198      0x370 c:/sloeber/arduinoplugin/packages/arduino/tools/arm-none-eabi-gcc/4.8.3-2014q1/bin/../lib/gcc/arm-none-eabi/4.8.3/armv7-m\libgcc.a(_arm_addsubdf3.o)
                0x00082198                __aeabi_drsub
                0x000821a0                __aeabi_dsub
                0x000821a0                __subdf3
                0x000821a4                __aeabi_dadd
                0x000821a4                __adddf3
                0x0008241c                __floatunsidf
                0x0008241c                __aeabi_ui2d
                0x0008243c                __floatsidf
                0x0008243c                __aeabi_i2d
                0x00082460                __aeabi_f2d
                0x00082460                __extendsfdf2
                0x0008249c                __floatundidf
                0x0008249c                __aeabi_ul2d
                0x000824ac                __floatdidf
                0x000824ac                __aeabi_l2d
 .text          0x00082508      0x424 c:/sloeber/arduinoplugin/packages/arduino/tools/arm-none-eabi-gcc/4.8.3-2014q1/bin/../lib/gcc/arm-none-eabi/4.8.3/armv7-m\libgcc.a(_arm_muldivdf3.o)
                0x00082508                __aeabi_dmul
                0x00082508                __muldf3
                0x0008275c                __divdf3
                0x0008275c                __aeabi_ddiv
 .text          0x0008292c      0x110 c:/sloeber/arduinoplugin/packages/arduino/tools/arm-none-eabi-gcc/4.8.3-2014q1/bin/../lib/gcc/arm-none-eabi/4.8.3/armv7-m\libgcc.a(_arm_cmpdf2.o)
                0x0008292c                __gtdf2
                0x0008292c                __gedf2
                0x00082934                __ltdf2
                0x00082934                __ledf2
                0x0008293c                __nedf2
                0x0008293c                __eqdf2
                0x0008293c                __cmpdf2
                0x000829b8                __aeabi_cdrcmple
                0x000829c8                __aeabi_cdcmpeq
                0x000829c8                __aeabi_cdcmple
                0x000829d8                __aeabi_dcmpeq
                0x000829ec                __aeabi_dcmplt
                0x00082a00                __aeabi_dcmple
                0x00082a14                __aeabi_dcmpge
                0x00082a28                __aeabi_dcmpgt
 .text          0x00082a3c       0x40 c:/sloeber/arduinoplugin/packages/arduino/tools/arm-none-eabi-gcc/4.8.3-2014q1/bin/../lib/gcc/arm-none-eabi/4.8.3/armv7-m\libgcc.a(_arm_fixunsdfsi.o)
                0x00082a3c                __aeabi_d2uiz
                0x00082a3c                __fixunsdfsi
 .text.__libc_init_array
                0x00082a7c       0x50 c:/sloeber/arduinoplugin/packages/arduino/tools/arm-none-eabi-gcc/4.8.3-2014q1/bin/../lib/gcc/arm-none-eabi/4.8.3/../../../../arm-none-eabi/lib/armv7-m\libg.a(lib_a-init.o)
                0x00082a7c                __libc_init_array
 .text.iprintf  0x00082acc       0x28 c:/sloeber/arduinoplugin/packages/arduino/tools/arm-none-eabi-gcc/4.8.3-2014q1/bin/../lib/gcc/arm-none-eabi/4.8.3/../../../../arm-none-eabi/lib/armv7-m\libg.a(lib_a-iprintf.o)
                0x00082acc                iprintf
 .text.memset   0x00082af4       0x94 c:/sloeber/arduinoplugin/packages/arduino/tools/arm-none-eabi-gcc/4.8.3-2014q1/bin/../lib/gcc/arm-none-eabi/4.8.3/../../../../arm-none-eabi/lib/armv7-m\libg.a(lib_a-memset.o)
                0x00082af4                memset
 .text.strlen   0x00082b88       0x60 c:/sloeber/arduinoplugin/packages/arduino/tools/arm-none-eabi-gcc/4.8.3-2014q1/bin/../lib/gcc/arm-none-eabi/4.8.3/../../../../arm-none-eabi/lib/armv7-m\libg.a(lib_a-strlen.o)
                0x00082b88                strlen
 .text.kill     0x00082be8       0x10 c:/sloeber/arduinoplugin/packages/arduino/tools/arm-none-eabi-gcc/4.8.3-2014q1/bin/../lib/gcc/arm-none-eabi/4.8.3/../../../../arm-none-eabi/lib/armv7-m\libg.a(lib_a-syskill.o)
                0x00082be8                kill
 .text.__sprint_r.part.0
                0x00082bf8       0x78 c:/sloeber/arduinoplugin/packages/arduino/tools/arm-none-eabi-gcc/4.8.3-2014q1/bin/../lib/gcc/arm-none-eabi/4.8.3/../../../../arm-none-eabi/lib/armv7-m\libg.a(lib_a-vfiprintf.o)
 .text._vfiprintf_r
                0x00082c70      0xc54 c:/sloeber/arduinoplugin/packages/arduino/tools/arm-none-eabi-gcc/4.8.3-2014q1/bin/../lib/gcc/arm-none-eabi/4.8.3/../../../../arm-none-eabi/lib/armv7-m\libg.a(lib_a-vfiprintf.o)
                0x00082c70                _vfiprintf_r
 .text.__sbprintf
                0x000838c4       0x7c c:/sloeber/arduinoplugin/packages/arduino/tools/arm-none-eabi-gcc/4.8.3-2014q1/bin/../lib/gcc/arm-none-eabi/4.8.3/../../../../arm-none-eabi/lib/armv7-m\libg.a(lib_a-vfiprintf.o)
 .text.__swsetup_r
                0x00083940       0xc4 c:/sloeber/arduinoplugin/packages/arduino/tools/arm-none-eabi-gcc/4.8.3-2014q1/bin/../lib/gcc/arm-none-eabi/4.8.3/../../../../arm-none-eabi/lib/armv7-m\libg.a(lib_a-wsetup.o)
                0x00083940                __swsetup_r
 .text.startup.register_fini
                0x00083a04       0x14 c:/sloeber/arduinoplugin/packages/arduino/tools/arm-none-eabi-gcc/4.8.3-2014q1/bin/../lib/gcc/arm-none-eabi/4.8.3/../../../../arm-none-eabi/lib/armv7-m\libg.a(lib_a-__call_atexit.o)
 .text.atexit   0x00083a18        0xc c:/sloeber/arduinoplugin/packages/arduino/tools/arm-none-eabi-gcc/4.8.3-2014q1/bin/../lib/gcc/arm-none-eabi/4.8.3/../../../../arm-none-eabi/lib/armv7-m\libg.a(lib_a-atexit.o)
                0x00083a18                atexit
 .text.__sflush_r
                0x00083a24      0x148 c:/sloeber/arduinoplugin/packages/arduino/tools/arm-none-eabi-gcc/4.8.3-2014q1/bin/../lib/gcc/arm-none-eabi/4.8.3/../../../../arm-none-eabi/lib/armv7-m\libg.a(lib_a-fflush.o)
                0x00083a24                __sflush_r
 .text._fflush_r
                0x00083b6c       0x2c c:/sloeber/arduinoplugin/packages/arduino/tools/arm-none-eabi-gcc/4.8.3-2014q1/bin/../lib/gcc/arm-none-eabi/4.8.3/../../../../arm-none-eabi/lib/armv7-m\libg.a(lib_a-fflush.o)
                0x00083b6c                _fflush_r
 .text._cleanup_r
                0x00083b98        0xc c:/sloeber/arduinoplugin/packages/arduino/tools/arm-none-eabi-gcc/4.8.3-2014q1/bin/../lib/gcc/arm-none-eabi/4.8.3/../../../../arm-none-eabi/lib/armv7-m\libg.a(lib_a-findfp.o)
                0x00083b98                _cleanup_r
 .text.__sinit  0x00083ba4       0xf4 c:/sloeber/arduinoplugin/packages/arduino/tools/arm-none-eabi-gcc/4.8.3-2014q1/bin/../lib/gcc/arm-none-eabi/4.8.3/../../../../arm-none-eabi/lib/armv7-m\libg.a(lib_a-findfp.o)
                0x00083ba4                __sinit
 .text.__sfp_lock_acquire
                0x00083c98        0x4 c:/sloeber/arduinoplugin/packages/arduino/tools/arm-none-eabi-gcc/4.8.3-2014q1/bin/../lib/gcc/arm-none-eabi/4.8.3/../../../../arm-none-eabi/lib/armv7-m\libg.a(lib_a-findfp.o)
                0x00083c98                __sfp_lock_acquire
 .text.__sfp_lock_release
                0x00083c9c        0x4 c:/sloeber/arduinoplugin/packages/arduino/tools/arm-none-eabi-gcc/4.8.3-2014q1/bin/../lib/gcc/arm-none-eabi/4.8.3/../../../../arm-none-eabi/lib/armv7-m\libg.a(lib_a-findfp.o)
                0x00083c9c                __sfp_lock_release
 .text.__libc_fini_array
                0x00083ca0       0x30 c:/sloeber/arduinoplugin/packages/arduino/tools/arm-none-eabi-gcc/4.8.3-2014q1/bin/../lib/gcc/arm-none-eabi/4.8.3/../../../../arm-none-eabi/lib/armv7-m\libg.a(lib_a-fini.o)
                0x00083ca0                __libc_fini_array
 .text._fputwc_r
                0x00083cd0       0xc0 c:/sloeber/arduinoplugin/packages/arduino/tools/arm-none-eabi-gcc/4.8.3-2014q1/bin/../lib/gcc/arm-none-eabi/4.8.3/../../../../arm-none-eabi/lib/armv7-m\libg.a(lib_a-fputwc.o)
                0x00083cd0                _fputwc_r
 .text._malloc_trim_r
                0x00083d90       0x9c c:/sloeber/arduinoplugin/packages/arduino/tools/arm-none-eabi-gcc/4.8.3-2014q1/bin/../lib/gcc/arm-none-eabi/4.8.3/../../../../arm-none-eabi/lib/armv7-m\libg.a(lib_a-freer.o)
                0x00083d90                _malloc_trim_r
 .text._free_r  0x00083e2c      0x198 c:/sloeber/arduinoplugin/packages/arduino/tools/arm-none-eabi-gcc/4.8.3-2014q1/bin/../lib/gcc/arm-none-eabi/4.8.3/../../../../arm-none-eabi/lib/armv7-m\libg.a(lib_a-freer.o)
                0x00083e2c                _free_r
 .text.__sfvwrite_r
                0x00083fc4      0x314 c:/sloeber/arduinoplugin/packages/arduino/tools/arm-none-eabi-gcc/4.8.3-2014q1/bin/../lib/gcc/arm-none-eabi/4.8.3/../../../../arm-none-eabi/lib/armv7-m\libg.a(lib_a-fvwrite.o)
                0x00083fc4                __sfvwrite_r
 .text._fwalk   0x000842d8       0x48 c:/sloeber/arduinoplugin/packages/arduino/tools/arm-none-eabi-gcc/4.8.3-2014q1/bin/../lib/gcc/arm-none-eabi/4.8.3/../../../../arm-none-eabi/lib/armv7-m\libg.a(lib_a-fwalk.o)
                0x000842d8                _fwalk
 .text.__locale_charset
                0x00084320        0x8 c:/sloeber/arduinoplugin/packages/arduino/tools/arm-none-eabi-gcc/4.8.3-2014q1/bin/../lib/gcc/arm-none-eabi/4.8.3/../../../../arm-none-eabi/lib/armv7-m\libg.a(lib_a-locale.o)
                0x00084320                __locale_charset
 .text.__locale_mb_cur_max
                0x00084328        0xc c:/sloeber/arduinoplugin/packages/arduino/tools/arm-none-eabi-gcc/4.8.3-2014q1/bin/../lib/gcc/arm-none-eabi/4.8.3/../../../../arm-none-eabi/lib/armv7-m\libg.a(lib_a-locale.o)
                0x00084328                __locale_mb_cur_max
 .text.__smakebuf_r
                0x00084334       0xe0 c:/sloeber/arduinoplugin/packages/arduino/tools/arm-none-eabi-gcc/4.8.3-2014q1/bin/../lib/gcc/arm-none-eabi/4.8.3/../../../../arm-none-eabi/lib/armv7-m\libg.a(lib_a-makebuf.o)
                0x00084334                __smakebuf_r
 .text._malloc_r
                0x00084414      0x538 c:/sloeber/arduinoplugin/packages/arduino/tools/arm-none-eabi-gcc/4.8.3-2014q1/bin/../lib/gcc/arm-none-eabi/4.8.3/../../../../arm-none-eabi/lib/armv7-m\libg.a(lib_a-mallocr.o)
                0x00084414                _malloc_r
 .text.memchr   0x0008494c       0x94 c:/sloeber/arduinoplugin/packages/arduino/tools/arm-none-eabi-gcc/4.8.3-2014q1/bin/../lib/gcc/arm-none-eabi/4.8.3/../../../../arm-none-eabi/lib/armv7-m\libg.a(lib_a-memchr-stub.o)
                0x0008494c                memchr
 .text          0x000849e0       0xec c:/sloeber/arduinoplugin/packages/arduino/tools/arm-none-eabi-gcc/4.8.3-2014q1/bin/../lib/gcc/arm-none-eabi/4.8.3/../../../../arm-none-eabi/lib/armv7-m\libg.a(lib_a-memcpy.o)
                0x000849e0                memcpy
 .text.memmove  0x00084acc       0xcc c:/sloeber/arduinoplugin/packages/arduino/tools/arm-none-eabi-gcc/4.8.3-2014q1/bin/../lib/gcc/arm-none-eabi/4.8.3/../../../../arm-none-eabi/lib/armv7-m\libg.a(lib_a-memmove.o)
                0x00084acc                memmove
 .text.__malloc_lock
                0x00084b98        0x4 c:/sloeber/arduinoplugin/packages/arduino/tools/arm-none-eabi-gcc/4.8.3-2014q1/bin/../lib/gcc/arm-none-eabi/4.8.3/../../../../arm-none-eabi/lib/armv7-m\libg.a(lib_a-mlock.o)
                0x00084b98                __malloc_lock
 .text.__malloc_unlock
                0x00084b9c        0x4 c:/sloeber/arduinoplugin/packages/arduino/tools/arm-none-eabi-gcc/4.8.3-2014q1/bin/../lib/gcc/arm-none-eabi/4.8.3/../../../../arm-none-eabi/lib/armv7-m\libg.a(lib_a-mlock.o)
                0x00084b9c                __malloc_unlock
 .text._realloc_r
                0x00084ba0      0x3c0 c:/sloeber/arduinoplugin/packages/arduino/tools/arm-none-eabi-gcc/4.8.3-2014q1/bin/../lib/gcc/arm-none-eabi/4.8.3/../../../../arm-none-eabi/lib/armv7-m\libg.a(lib_a-reallocr.o)
                0x00084ba0                _realloc_r
 .text._sbrk_r  0x00084f60       0x24 c:/sloeber/arduinoplugin/packages/arduino/tools/arm-none-eabi-gcc/4.8.3-2014q1/bin/../lib/gcc/arm-none-eabi/4.8.3/../../../../arm-none-eabi/lib/armv7-m\libg.a(lib_a-sbrkr.o)
                0x00084f60                _sbrk_r
 .text._kill_r  0x00084f84       0x28 c:/sloeber/arduinoplugin/packages/arduino/tools/arm-none-eabi-gcc/4.8.3-2014q1/bin/../lib/gcc/arm-none-eabi/4.8.3/../../../../arm-none-eabi/lib/armv7-m\libg.a(lib_a-signalr.o)
                0x00084f84                _kill_r
 .text.__sread  0x00084fac       0x24 c:/sloeber/arduinoplugin/packages/arduino/tools/arm-none-eabi-gcc/4.8.3-2014q1/bin/../lib/gcc/arm-none-eabi/4.8.3/../../../../arm-none-eabi/lib/armv7-m\libg.a(lib_a-stdio.o)
                0x00084fac                __sread
 .text.__swrite
                0x00084fd0       0x38 c:/sloeber/arduinoplugin/packages/arduino/tools/arm-none-eabi-gcc/4.8.3-2014q1/bin/../lib/gcc/arm-none-eabi/4.8.3/../../../../arm-none-eabi/lib/armv7-m\libg.a(lib_a-stdio.o)
                0x00084fd0                __swrite
 .text.__sseek  0x00085008       0x20 c:/sloeber/arduinoplugin/packages/arduino/tools/arm-none-eabi-gcc/4.8.3-2014q1/bin/../lib/gcc/arm-none-eabi/4.8.3/../../../../arm-none-eabi/lib/armv7-m\libg.a(lib_a-stdio.o)
                0x00085008                __sseek
 .text.__sclose
                0x00085028        0x8 c:/sloeber/arduinoplugin/packages/arduino/tools/arm-none-eabi-gcc/4.8.3-2014q1/bin/../lib/gcc/arm-none-eabi/4.8.3/../../../../arm-none-eabi/lib/armv7-m\libg.a(lib_a-stdio.o)
                0x00085028                __sclose
 .text.__swbuf_r
                0x00085030       0xa8 c:/sloeber/arduinoplugin/packages/arduino/tools/arm-none-eabi-gcc/4.8.3-2014q1/bin/../lib/gcc/arm-none-eabi/4.8.3/../../../../arm-none-eabi/lib/armv7-m\libg.a(lib_a-wbuf.o)
                0x00085030                __swbuf_r
 .text._wcrtomb_r
                0x000850d8       0x50 c:/sloeber/arduinoplugin/packages/arduino/tools/arm-none-eabi-gcc/4.8.3-2014q1/bin/../lib/gcc/arm-none-eabi/4.8.3/../../../../arm-none-eabi/lib/armv7-m\libg.a(lib_a-wcrtomb.o)
                0x000850d8                _wcrtomb_r
 .text.__ascii_wctomb
                0x00085128       0x1c c:/sloeber/arduinoplugin/packages/arduino/tools/arm-none-eabi-gcc/4.8.3-2014q1/bin/../lib/gcc/arm-none-eabi/4.8.3/../../../../arm-none-eabi/lib/armv7-m\libg.a(lib_a-wctomb_r.o)
                0x00085128                __ascii_wctomb
 .text._write_r
                0x00085144       0x28 c:/sloeber/arduinoplugin/packages/arduino/tools/arm-none-eabi-gcc/4.8.3-2014q1/bin/../lib/gcc/arm-none-eabi/4.8.3/../../../../arm-none-eabi/lib/armv7-m\libg.a(lib_a-writer.o)
                0x00085144                _write_r
 .text.__register_exitproc
                0x0008516c       0xa8 c:/sloeber/arduinoplugin/packages/arduino/tools/arm-none-eabi-gcc/4.8.3-2014q1/bin/../lib/gcc/arm-none-eabi/4.8.3/../../../../arm-none-eabi/lib/armv7-m\libg.a(lib_a-__atexit.o)
                0x0008516c                __register_exitproc
 .text._close_r
                0x00085214       0x24 c:/sloeber/arduinoplugin/packages/arduino/tools/arm-none-eabi-gcc/4.8.3-2014q1/bin/../lib/gcc/arm-none-eabi/4.8.3/../../../../arm-none-eabi/lib/armv7-m\libg.a(lib_a-closer.o)
                0x00085214                _close_r
 .text._fclose_r
                0x00085238       0x80 c:/sloeber/arduinoplugin/packages/arduino/tools/arm-none-eabi-gcc/4.8.3-2014q1/bin/../lib/gcc/arm-none-eabi/4.8.3/../../../../arm-none-eabi/lib/armv7-m\libg.a(lib_a-fclose.o)
                0x00085238                _fclose_r
 .text.fclose   0x000852b8       0x10 c:/sloeber/arduinoplugin/packages/arduino/tools/arm-none-eabi-gcc/4.8.3-2014q1/bin/../lib/gcc/arm-none-eabi/4.8.3/../../../../arm-none-eabi/lib/armv7-m\libg.a(lib_a-fclose.o)
                0x000852b8                fclose
 .text._fstat_r
                0x000852c8       0x28 c:/sloeber/arduinoplugin/packages/arduino/tools/arm-none-eabi-gcc/4.8.3-2014q1/bin/../lib/gcc/arm-none-eabi/4.8.3/../../../../arm-none-eabi/lib/armv7-m\libg.a(lib_a-fstatr.o)
                0x000852c8                _fstat_r
 .text._isatty_r
                0x000852f0       0x24 c:/sloeber/arduinoplugin/packages/arduino/tools/arm-none-eabi-gcc/4.8.3-2014q1/bin/../lib/gcc/arm-none-eabi/4.8.3/../../../../arm-none-eabi/lib/armv7-m\libg.a(lib_a-isattyr.o)
                0x000852f0                _isatty_r
 .text._lseek_r
                0x00085314       0x28 c:/sloeber/arduinoplugin/packages/arduino/tools/arm-none-eabi-gcc/4.8.3-2014q1/bin/../lib/gcc/arm-none-eabi/4.8.3/../../../../arm-none-eabi/lib/armv7-m\libg.a(lib_a-lseekr.o)
                0x00085314                _lseek_r
 .text._read_r  0x0008533c       0x28 c:/sloeber/arduinoplugin/packages/arduino/tools/arm-none-eabi-gcc/4.8.3-2014q1/bin/../lib/gcc/arm-none-eabi/4.8.3/../../../../arm-none-eabi/lib/armv7-m\libg.a(lib_a-readr.o)
                0x0008533c                _read_r
 .text          0x00085364       0x2c c:/sloeber/arduinoplugin/packages/arduino/tools/arm-none-eabi-gcc/4.8.3-2014q1/bin/../lib/gcc/arm-none-eabi/4.8.3/armv7-m\libgcc.a(_aeabi_uldivmod.o)
                0x00085364                __aeabi_uldivmod
 .text          0x00085390       0x60 c:/sloeber/arduinoplugin/packages/arduino/tools/arm-none-eabi-gcc/4.8.3-2014q1/bin/../lib/gcc/arm-none-eabi/4.8.3/armv7-m\libgcc.a(bpabi.o)
                0x00085390                __gnu_ldivmod_helper
                0x000853c0                __gnu_uldivmod_helper
 .text          0x000853f0        0x4 c:/sloeber/arduinoplugin/packages/arduino/tools/arm-none-eabi-gcc/4.8.3-2014q1/bin/../lib/gcc/arm-none-eabi/4.8.3/armv7-m\libgcc.a(_dvmd_tls.o)
                0x000853f0                __aeabi_idiv0
                0x000853f0                __aeabi_ldiv0
 .text          0x000853f4      0x2a0 c:/sloeber/arduinoplugin/packages/arduino/tools/arm-none-eabi-gcc/4.8.3-2014q1/bin/../lib/gcc/arm-none-eabi/4.8.3/armv7-m\libgcc.a(_divdi3.o)
                0x000853f4                __divdi3
 .text          0x00085694      0x290 c:/sloeber/arduinoplugin/packages/arduino/tools/arm-none-eabi-gcc/4.8.3-2014q1/bin/../lib/gcc/arm-none-eabi/4.8.3/armv7-m\libgcc.a(_udivdi3.o)
                0x00085694                __udivdi3
 *(.glue_7t)
 .glue_7t       0x00000000        0x0 linker stubs
 *(.glue_7)
 .glue_7        0x00000000        0x0 linker stubs
 *(.rodata .rodata* .gnu.linkonce.r.*)
 .rodata.str1.1
                0x00085924      0x206 .\sloeber.ino.cpp.o
                                0x20a (size before relaxing)
 *fill*         0x00085b2a        0x2 
 .rodata.g_APinDescription
                0x00085b2c      0xa2c C:/Users/Labtop/Documents/sloeber-workspace/Thesis_ReaderCodeArduinoDue/Release/arduino.ar(variant.cpp.o)
                0x00085b2c                g_APinDescription
 .rodata.str1.1
                0x00086558        0xf C:/Users/Labtop/Documents/sloeber-workspace/Thesis_ReaderCodeArduinoDue/Release/arduino.ar(Print.cpp.o)
 *fill*         0x00086567        0x1 
 .rodata._ZTV9UARTClass
                0x00086568       0x30 C:/Users/Labtop/Documents/sloeber-workspace/Thesis_ReaderCodeArduinoDue/Release/arduino.ar(UARTClass.cpp.o)
                0x00086568                vtable for UARTClass
 .rodata._ZTV10USARTClass
                0x00086598       0x30 C:/Users/Labtop/Documents/sloeber-workspace/Thesis_ReaderCodeArduinoDue/Release/arduino.ar(USARTClass.cpp.o)
                0x00086598                vtable for USARTClass
 .rodata.str1.1
                0x000865c8       0x19 C:/Users/Labtop/Documents/sloeber-workspace/Thesis_ReaderCodeArduinoDue/Release/arduino.ar(syscalls_sam3.c.o)
 .rodata.STRING_PRODUCT
                0x000865e1        0xc C:/Users/Labtop/Documents/sloeber-workspace/Thesis_ReaderCodeArduinoDue/Release/arduino.ar(USBCore.cpp.o)
                0x000865e1                STRING_PRODUCT
 .rodata.USB_DeviceDescriptor
                0x000865ed       0x12 C:/Users/Labtop/Documents/sloeber-workspace/Thesis_ReaderCodeArduinoDue/Release/arduino.ar(USBCore.cpp.o)
                0x000865ed                USB_DeviceDescriptor
 *fill*         0x000865ff        0x1 
 .rodata.STRING_LANGUAGE
                0x00086600        0x4 C:/Users/Labtop/Documents/sloeber-workspace/Thesis_ReaderCodeArduinoDue/Release/arduino.ar(USBCore.cpp.o)
                0x00086600                STRING_LANGUAGE
 .rodata._ZL18test_packet_buffer
                0x00086604       0x35 C:/Users/Labtop/Documents/sloeber-workspace/Thesis_ReaderCodeArduinoDue/Release/arduino.ar(USBCore.cpp.o)
 .rodata.STRING_MANUFACTURER
                0x00086639        0xc C:/Users/Labtop/Documents/sloeber-workspace/Thesis_ReaderCodeArduinoDue/Release/arduino.ar(USBCore.cpp.o)
                0x00086639                STRING_MANUFACTURER
 .rodata.USB_DeviceDescriptorA
                0x00086645       0x12 C:/Users/Labtop/Documents/sloeber-workspace/Thesis_ReaderCodeArduinoDue/Release/arduino.ar(USBCore.cpp.o)
                0x00086645                USB_DeviceDescriptorA
 .rodata._ZL19USB_DeviceQualifier
                0x00086657        0x9 C:/Users/Labtop/Documents/sloeber-workspace/Thesis_ReaderCodeArduinoDue/Release/arduino.ar(USBCore.cpp.o)
 .rodata._ZTV7Serial_
                0x00086660       0x28 C:/Users/Labtop/Documents/sloeber-workspace/Thesis_ReaderCodeArduinoDue/Release/arduino.ar(CDC.cpp.o)
                0x00086660                vtable for Serial_
 .rodata._ZL18_cdcOtherInterface
                0x00086688       0x42 C:/Users/Labtop/Documents/sloeber-workspace/Thesis_ReaderCodeArduinoDue/Release/arduino.ar(CDC.cpp.o)
 .rodata._ZL13_cdcInterface
                0x000866ca       0x42 C:/Users/Labtop/Documents/sloeber-workspace/Thesis_ReaderCodeArduinoDue/Release/arduino.ar(CDC.cpp.o)
 .rodata        0x0008670c       0x40 C:\sloeber\arduinoPlugin\packages\arduino\hardware\sam\1.6.11\variants\arduino_due_x/libsam_sam3x8e_gcc_rel.a(adc.o)
 .rodata.str1.4
                0x0008674c        0x2 c:/sloeber/arduinoplugin/packages/arduino/tools/arm-none-eabi-gcc/4.8.3-2014q1/bin/../lib/gcc/arm-none-eabi/4.8.3/../../../../arm-none-eabi/lib/armv7-m\libg.a(lib_a-impure.o)
                                  0x4 (size before relaxing)
 *fill*         0x0008674e        0x2 
 .rodata._global_impure_ptr
                0x00086750        0x4 c:/sloeber/arduinoplugin/packages/arduino/tools/arm-none-eabi-gcc/4.8.3-2014q1/bin/../lib/gcc/arm-none-eabi/4.8.3/../../../../arm-none-eabi/lib/armv7-m\libg.a(lib_a-impure.o)
                0x00086750                _global_impure_ptr
 .rodata.blanks.6717
                0x00086754       0x10 c:/sloeber/arduinoplugin/packages/arduino/tools/arm-none-eabi-gcc/4.8.3-2014q1/bin/../lib/gcc/arm-none-eabi/4.8.3/../../../../arm-none-eabi/lib/armv7-m\libg.a(lib_a-vfiprintf.o)
 .rodata.str1.4
                0x00086764       0x30 c:/sloeber/arduinoplugin/packages/arduino/tools/arm-none-eabi-gcc/4.8.3-2014q1/bin/../lib/gcc/arm-none-eabi/4.8.3/../../../../arm-none-eabi/lib/armv7-m\libg.a(lib_a-vfiprintf.o)
 .rodata.zeroes.6718
                0x00086794       0x10 c:/sloeber/arduinoplugin/packages/arduino/tools/arm-none-eabi-gcc/4.8.3-2014q1/bin/../lib/gcc/arm-none-eabi/4.8.3/../../../../arm-none-eabi/lib/armv7-m\libg.a(lib_a-vfiprintf.o)
 *(.ARM.extab* .gnu.linkonce.armextab.*)
                0x000867a4                . = ALIGN (0x4)
 *(.init)
 .init          0x000867a4        0x4 c:/sloeber/arduinoplugin/packages/arduino/tools/arm-none-eabi-gcc/4.8.3-2014q1/bin/../lib/gcc/arm-none-eabi/4.8.3/armv7-m/crti.o
                0x000867a4                _init
 .init          0x000867a8        0x8 c:/sloeber/arduinoplugin/packages/arduino/tools/arm-none-eabi-gcc/4.8.3-2014q1/bin/../lib/gcc/arm-none-eabi/4.8.3/armv7-m/crtn.o
                0x000867b0                . = ALIGN (0x4)
                0x000867b0                __preinit_array_start = .
 *(.preinit_array)
                0x000867b0                __preinit_array_end = .
                0x000867b0                . = ALIGN (0x4)
                0x000867b0                __init_array_start = .
 *(SORT(.init_array.*))
 .init_array.00000
                0x000867b0        0x4 c:/sloeber/arduinoplugin/packages/arduino/tools/arm-none-eabi-gcc/4.8.3-2014q1/bin/../lib/gcc/arm-none-eabi/4.8.3/../../../../arm-none-eabi/lib/armv7-m\libg.a(lib_a-__call_atexit.o)
 *(.init_array)
 .init_array    0x000867b4        0x4 c:/sloeber/arduinoplugin/packages/arduino/tools/arm-none-eabi-gcc/4.8.3-2014q1/bin/../lib/gcc/arm-none-eabi/4.8.3/armv7-m/crtbegin.o
 .init_array    0x000867b8        0x4 C:/Users/Labtop/Documents/sloeber-workspace/Thesis_ReaderCodeArduinoDue/Release/arduino.ar(variant.cpp.o)
 .init_array    0x000867bc        0x4 C:/Users/Labtop/Documents/sloeber-workspace/Thesis_ReaderCodeArduinoDue/Release/arduino.ar(USBCore.cpp.o)
 .init_array    0x000867c0        0x4 C:/Users/Labtop/Documents/sloeber-workspace/Thesis_ReaderCodeArduinoDue/Release/arduino.ar(CDC.cpp.o)
                0x000867c4                __init_array_end = .
                0x000867c4                . = ALIGN (0x4)
 *crtbegin.o(.ctors)
 *(EXCLUDE_FILE(*crtend.o) .ctors)
 *(SORT(.ctors.*))
 *crtend.o(.ctors)
                0x000867c4                . = ALIGN (0x4)
 *(.fini)
 .fini          0x000867c4        0x4 c:/sloeber/arduinoplugin/packages/arduino/tools/arm-none-eabi-gcc/4.8.3-2014q1/bin/../lib/gcc/arm-none-eabi/4.8.3/armv7-m/crti.o
                0x000867c4                _fini
 .fini          0x000867c8        0x8 c:/sloeber/arduinoplugin/packages/arduino/tools/arm-none-eabi-gcc/4.8.3-2014q1/bin/../lib/gcc/arm-none-eabi/4.8.3/armv7-m/crtn.o
                0x000867d0                . = ALIGN (0x4)
                0x000867d0                __fini_array_start = .
 *(.fini_array)
 .fini_array    0x000867d0        0x4 c:/sloeber/arduinoplugin/packages/arduino/tools/arm-none-eabi-gcc/4.8.3-2014q1/bin/../lib/gcc/arm-none-eabi/4.8.3/armv7-m/crtbegin.o
 *(SORT(.fini_array.*))
                0x000867d4                __fini_array_end = .
 *crtbegin.o(.dtors)
 *(EXCLUDE_FILE(*crtend.o) .dtors)
 *(SORT(.dtors.*))
 *crtend.o(.dtors)
                0x000867d4                . = ALIGN (0x4)
                0x000867d4                _efixed = .
                0x000867d4                PROVIDE (__exidx_start, .)

.vfp11_veneer   0x000867d4        0x0
 .vfp11_veneer  0x00000000        0x0 linker stubs

.v4_bx          0x000867d4        0x0
 .v4_bx         0x00000000        0x0 linker stubs

.iplt           0x000867d4        0x0
 .iplt          0x00000000        0x0 c:/sloeber/arduinoplugin/packages/arduino/tools/arm-none-eabi-gcc/4.8.3-2014q1/bin/../lib/gcc/arm-none-eabi/4.8.3/armv7-m/crtbegin.o

.ARM.exidx      0x000867d4        0x8
 *(.ARM.exidx* .gnu.linkonce.armexidx.*)
 .ARM.exidx     0x000867d4        0x8 c:/sloeber/arduinoplugin/packages/arduino/tools/arm-none-eabi-gcc/4.8.3-2014q1/bin/../lib/gcc/arm-none-eabi/4.8.3/armv7-m\libgcc.a(_divdi3.o)
 .ARM.exidx     0x000867dc        0x0 c:/sloeber/arduinoplugin/packages/arduino/tools/arm-none-eabi-gcc/4.8.3-2014q1/bin/../lib/gcc/arm-none-eabi/4.8.3/armv7-m\libgcc.a(_udivdi3.o)
                                  0x8 (size before relaxing)
                0x000867dc                PROVIDE (__exidx_end, .)

.eh_frame       0x000867dc        0x0
 .eh_frame      0x000867dc        0x0 c:/sloeber/arduinoplugin/packages/arduino/tools/arm-none-eabi-gcc/4.8.3-2014q1/bin/../lib/gcc/arm-none-eabi/4.8.3/armv7-m/crtbegin.o

.rel.dyn        0x000867dc        0x0
 .rel.iplt      0x00000000        0x0 c:/sloeber/arduinoplugin/packages/arduino/tools/arm-none-eabi-gcc/4.8.3-2014q1/bin/../lib/gcc/arm-none-eabi/4.8.3/armv7-m/crtbegin.o

.jcr            0x000867dc        0x0
 .jcr           0x000867dc        0x0 c:/sloeber/arduinoplugin/packages/arduino/tools/arm-none-eabi-gcc/4.8.3-2014q1/bin/../lib/gcc/arm-none-eabi/4.8.3/armv7-m/crtbegin.o

.igot.plt       0x000867dc        0x0
 .igot.plt      0x00000000        0x0 c:/sloeber/arduinoplugin/packages/arduino/tools/arm-none-eabi-gcc/4.8.3-2014q1/bin/../lib/gcc/arm-none-eabi/4.8.3/armv7-m/crtbegin.o
                0x000867dc                . = ALIGN (0x4)
                0x000867dc                _etext = .

.relocate       0x20070000      0x8dc load address 0x000867dc
                0x20070000                . = ALIGN (0x4)
                0x20070000                _srelocate = .
 *(.ramfunc .ramfunc.*)
 .ramfunc       0x20070000       0x2c C:/Users/Labtop/Documents/sloeber-workspace/Thesis_ReaderCodeArduinoDue/Release/arduino.ar(Reset.cpp.o)
                0x20070000                banzai
 *(.data .data.*)
 .data.latestSelectedChannel.9384
                0x2007002c        0x4 C:/Users/Labtop/Documents/sloeber-workspace/Thesis_ReaderCodeArduinoDue/Release/arduino.ar(wiring_analog.c.o)
 .data._readResolution
                0x20070030        0x4 C:/Users/Labtop/Documents/sloeber-workspace/Thesis_ReaderCodeArduinoDue/Release/arduino.ar(wiring_analog.c.o)
 .data.EndPoints
                0x20070034       0x28 C:/Users/Labtop/Documents/sloeber-workspace/Thesis_ReaderCodeArduinoDue/Release/arduino.ar(USBCore.cpp.o)
                0x20070034                EndPoints
 .data._ZL5ticks
                0x2007005c        0x4 C:/Users/Labtop/Documents/sloeber-workspace/Thesis_ReaderCodeArduinoDue/Release/arduino.ar(Reset.cpp.o)
 .data._ZL10breakValue
                0x20070060        0x4 C:/Users/Labtop/Documents/sloeber-workspace/Thesis_ReaderCodeArduinoDue/Release/arduino.ar(CDC.cpp.o)
 .data._ZL12_usbLineInfo
                0x20070064        0x8 C:/Users/Labtop/Documents/sloeber-workspace/Thesis_ReaderCodeArduinoDue/Release/arduino.ar(CDC.cpp.o)
 .data.SystemCoreClock
                0x2007006c        0x4 C:\sloeber\arduinoPlugin\packages\arduino\hardware\sam\1.6.11\variants\arduino_due_x/libsam_sam3x8e_gcc_rel.a(system_sam3xa.o)
                0x2007006c                SystemCoreClock
 .data.g_interrupt_enabled
                0x20070070        0x4 C:\sloeber\arduinoPlugin\packages\arduino\hardware\sam\1.6.11\variants\arduino_due_x/libsam_sam3x8e_gcc_rel.a(interrupt_sam_nvic.o)
                0x20070070                g_interrupt_enabled
 *fill*         0x20070074        0x4 
 .data.impure_data
                0x20070078      0x428 c:/sloeber/arduinoplugin/packages/arduino/tools/arm-none-eabi-gcc/4.8.3-2014q1/bin/../lib/gcc/arm-none-eabi/4.8.3/../../../../arm-none-eabi/lib/armv7-m\libg.a(lib_a-impure.o)
 .data._impure_ptr
                0x200704a0        0x4 c:/sloeber/arduinoplugin/packages/arduino/tools/arm-none-eabi-gcc/4.8.3-2014q1/bin/../lib/gcc/arm-none-eabi/4.8.3/../../../../arm-none-eabi/lib/armv7-m\libg.a(lib_a-impure.o)
                0x200704a0                _impure_ptr
 .data.lc_ctype_charset
                0x200704a4       0x20 c:/sloeber/arduinoplugin/packages/arduino/tools/arm-none-eabi-gcc/4.8.3-2014q1/bin/../lib/gcc/arm-none-eabi/4.8.3/../../../../arm-none-eabi/lib/armv7-m\libg.a(lib_a-locale.o)
 .data.__mb_cur_max
                0x200704c4        0x4 c:/sloeber/arduinoplugin/packages/arduino/tools/arm-none-eabi-gcc/4.8.3-2014q1/bin/../lib/gcc/arm-none-eabi/4.8.3/../../../../arm-none-eabi/lib/armv7-m\libg.a(lib_a-locale.o)
                0x200704c4                __mb_cur_max
 .data.__malloc_av_
                0x200704c8      0x408 c:/sloeber/arduinoplugin/packages/arduino/tools/arm-none-eabi-gcc/4.8.3-2014q1/bin/../lib/gcc/arm-none-eabi/4.8.3/../../../../arm-none-eabi/lib/armv7-m\libg.a(lib_a-mallocr.o)
                0x200704c8                __malloc_av_
 .data.__malloc_trim_threshold
                0x200708d0        0x4 c:/sloeber/arduinoplugin/packages/arduino/tools/arm-none-eabi-gcc/4.8.3-2014q1/bin/../lib/gcc/arm-none-eabi/4.8.3/../../../../arm-none-eabi/lib/armv7-m\libg.a(lib_a-mallocr.o)
                0x200708d0                __malloc_trim_threshold
 .data.__malloc_sbrk_base
                0x200708d4        0x4 c:/sloeber/arduinoplugin/packages/arduino/tools/arm-none-eabi-gcc/4.8.3-2014q1/bin/../lib/gcc/arm-none-eabi/4.8.3/../../../../arm-none-eabi/lib/armv7-m\libg.a(lib_a-mallocr.o)
                0x200708d4                __malloc_sbrk_base
 .data.__wctomb
                0x200708d8        0x4 c:/sloeber/arduinoplugin/packages/arduino/tools/arm-none-eabi-gcc/4.8.3-2014q1/bin/../lib/gcc/arm-none-eabi/4.8.3/../../../../arm-none-eabi/lib/armv7-m\libg.a(lib_a-wctomb_r.o)
                0x200708d8                __wctomb
                0x200708dc                . = ALIGN (0x4)
                0x200708dc                _erelocate = .

.bss            0x200708dc     0x1a10 load address 0x000870b8
                0x200708dc                . = ALIGN (0x4)
                0x200708dc                _sbss = .
                0x200708dc                _szero = .
 *(.bss .bss.*)
 .bss           0x200708dc       0x1c c:/sloeber/arduinoplugin/packages/arduino/tools/arm-none-eabi-gcc/4.8.3-2014q1/bin/../lib/gcc/arm-none-eabi/4.8.3/armv7-m/crtbegin.o
 .bss.averageOfZero
                0x200708f8      0x7d0 .\sloeber.ino.cpp.o
                0x200708f8                averageOfZero
 .bss.readings  0x200710c8       0x3c .\sloeber.ino.cpp.o
                0x200710c8                readings
 .bss.averageOfOne
                0x20071104      0x7d0 .\sloeber.ino.cpp.o
                0x20071104                averageOfOne
 .bss.data      0x200718d4        0x5 .\sloeber.ino.cpp.o
                0x200718d4                data
 *fill*         0x200718d9        0x3 
 .bss.test      0x200718dc        0x4 .\sloeber.ino.cpp.o
                0x200718dc                test
 .bss.gpf_isr   0x200718e0        0x4 C:\sloeber\arduinoPlugin\packages\arduino\hardware\sam\1.6.11\variants\arduino_due_x/libsam_sam3x8e_gcc_rel.a(uotghs.o)
                0x200718e0                gpf_isr
 .bss.tx_buffer2
                0x200718e4       0x88 C:/Users/Labtop/Documents/sloeber-workspace/Thesis_ReaderCodeArduinoDue/Release/arduino.ar(variant.cpp.o)
                0x200718e4                tx_buffer2
 .bss.tx_buffer1
                0x2007196c       0x88 C:/Users/Labtop/Documents/sloeber-workspace/Thesis_ReaderCodeArduinoDue/Release/arduino.ar(variant.cpp.o)
                0x2007196c                tx_buffer1
 .bss.Serial    0x200719f4       0x24 C:/Users/Labtop/Documents/sloeber-workspace/Thesis_ReaderCodeArduinoDue/Release/arduino.ar(variant.cpp.o)
                0x200719f4                Serial
 .bss.rx_buffer1
                0x20071a18       0x88 C:/Users/Labtop/Documents/sloeber-workspace/Thesis_ReaderCodeArduinoDue/Release/arduino.ar(variant.cpp.o)
                0x20071a18                rx_buffer1
 .bss.Serial1   0x20071aa0       0x28 C:/Users/Labtop/Documents/sloeber-workspace/Thesis_ReaderCodeArduinoDue/Release/arduino.ar(variant.cpp.o)
                0x20071aa0                Serial1
 .bss.Serial2   0x20071ac8       0x28 C:/Users/Labtop/Documents/sloeber-workspace/Thesis_ReaderCodeArduinoDue/Release/arduino.ar(variant.cpp.o)
                0x20071ac8                Serial2
 .bss.Serial3   0x20071af0       0x28 C:/Users/Labtop/Documents/sloeber-workspace/Thesis_ReaderCodeArduinoDue/Release/arduino.ar(variant.cpp.o)
                0x20071af0                Serial3
 .bss.tx_buffer3
                0x20071b18       0x88 C:/Users/Labtop/Documents/sloeber-workspace/Thesis_ReaderCodeArduinoDue/Release/arduino.ar(variant.cpp.o)
                0x20071b18                tx_buffer3
 .bss.tx_buffer4
                0x20071ba0       0x88 C:/Users/Labtop/Documents/sloeber-workspace/Thesis_ReaderCodeArduinoDue/Release/arduino.ar(variant.cpp.o)
                0x20071ba0                tx_buffer4
 .bss.g_pinStatus
                0x20071c28       0x4f C:/Users/Labtop/Documents/sloeber-workspace/Thesis_ReaderCodeArduinoDue/Release/arduino.ar(variant.cpp.o)
                0x20071c28                g_pinStatus
 *fill*         0x20071c77        0x1 
 .bss.rx_buffer2
                0x20071c78       0x88 C:/Users/Labtop/Documents/sloeber-workspace/Thesis_ReaderCodeArduinoDue/Release/arduino.ar(variant.cpp.o)
                0x20071c78                rx_buffer2
 .bss.rx_buffer3
                0x20071d00       0x88 C:/Users/Labtop/Documents/sloeber-workspace/Thesis_ReaderCodeArduinoDue/Release/arduino.ar(variant.cpp.o)
                0x20071d00                rx_buffer3
 .bss.rx_buffer4
                0x20071d88       0x88 C:/Users/Labtop/Documents/sloeber-workspace/Thesis_ReaderCodeArduinoDue/Release/arduino.ar(variant.cpp.o)
                0x20071d88                rx_buffer4
 .bss.callbacksPioA
                0x20071e10       0x80 C:/Users/Labtop/Documents/sloeber-workspace/Thesis_ReaderCodeArduinoDue/Release/arduino.ar(WInterrupts.c.o)
 .bss.callbacksPioB
                0x20071e90       0x80 C:/Users/Labtop/Documents/sloeber-workspace/Thesis_ReaderCodeArduinoDue/Release/arduino.ar(WInterrupts.c.o)
 .bss.callbacksPioC
                0x20071f10       0x80 C:/Users/Labtop/Documents/sloeber-workspace/Thesis_ReaderCodeArduinoDue/Release/arduino.ar(WInterrupts.c.o)
 .bss.callbacksPioD
                0x20071f90       0x80 C:/Users/Labtop/Documents/sloeber-workspace/Thesis_ReaderCodeArduinoDue/Release/arduino.ar(WInterrupts.c.o)
 .bss.heap.6420
                0x20072010        0x4 C:/Users/Labtop/Documents/sloeber-workspace/Thesis_ReaderCodeArduinoDue/Release/arduino.ar(syscalls_sam3.c.o)
 .bss._cmark    0x20072014        0x2 C:/Users/Labtop/Documents/sloeber-workspace/Thesis_ReaderCodeArduinoDue/Release/arduino.ar(USBCore.cpp.o)
                0x20072014                _cmark
 .bss._ZL14isEndpointHalt
                0x20072016        0x1 C:/Users/Labtop/Documents/sloeber-workspace/Thesis_ReaderCodeArduinoDue/Release/arduino.ar(USBCore.cpp.o)
 *fill*         0x20072017        0x1 
 .bss._cdcComposite
                0x20072018        0x4 C:/Users/Labtop/Documents/sloeber-workspace/Thesis_ReaderCodeArduinoDue/Release/arduino.ar(USBCore.cpp.o)
                0x20072018                _cdcComposite
 .bss._ZL21isRemoteWakeUpEnabled
                0x2007201c        0x1 C:/Users/Labtop/Documents/sloeber-workspace/Thesis_ReaderCodeArduinoDue/Release/arduino.ar(USBCore.cpp.o)
 *fill*         0x2007201d        0x3 
 .bss._usbInitialized
                0x20072020        0x4 C:/Users/Labtop/Documents/sloeber-workspace/Thesis_ReaderCodeArduinoDue/Release/arduino.ar(USBCore.cpp.o)
                0x20072020                _usbInitialized
 .bss.USBDevice
                0x20072024        0x1 C:/Users/Labtop/Documents/sloeber-workspace/Thesis_ReaderCodeArduinoDue/Release/arduino.ar(USBCore.cpp.o)
                0x20072024                USBDevice
 *fill*         0x20072025        0x3 
 .bss._usbSetInterface
                0x20072028        0x4 C:/Users/Labtop/Documents/sloeber-workspace/Thesis_ReaderCodeArduinoDue/Release/arduino.ar(USBCore.cpp.o)
                0x20072028                _usbSetInterface
 .bss._cend     0x2007202c        0x2 C:/Users/Labtop/Documents/sloeber-workspace/Thesis_ReaderCodeArduinoDue/Release/arduino.ar(USBCore.cpp.o)
                0x2007202c                _cend
 *fill*         0x2007202e        0x2 
 .bss._usbConfiguration
                0x20072030        0x4 C:/Users/Labtop/Documents/sloeber-workspace/Thesis_ReaderCodeArduinoDue/Release/arduino.ar(USBCore.cpp.o)
                0x20072030                _usbConfiguration
 .bss.cdc_rx_buffer
                0x20072034      0x208 C:/Users/Labtop/Documents/sloeber-workspace/Thesis_ReaderCodeArduinoDue/Release/arduino.ar(CDC.cpp.o)
                0x20072034                cdc_rx_buffer
 .bss._ZZN7Serial_6acceptEvE5guard
                0x2007223c        0x4 C:/Users/Labtop/Documents/sloeber-workspace/Thesis_ReaderCodeArduinoDue/Release/arduino.ar(CDC.cpp.o)
 .bss.SerialUSB
                0x20072240       0x14 C:/Users/Labtop/Documents/sloeber-workspace/Thesis_ReaderCodeArduinoDue/Release/arduino.ar(CDC.cpp.o)
                0x20072240                SerialUSB
 .bss._ZZ12PluggableUSBvE3obj
                0x20072254        0x8 C:/Users/Labtop/Documents/sloeber-workspace/Thesis_ReaderCodeArduinoDue/Release/arduino.ar(PluggableUSB.cpp.o)
 .bss._ZGVZ12PluggableUSBvE3obj
                0x2007225c        0x4 C:/Users/Labtop/Documents/sloeber-workspace/Thesis_ReaderCodeArduinoDue/Release/arduino.ar(PluggableUSB.cpp.o)
 .bss._dwTickCount
                0x20072260        0x4 C:\sloeber\arduinoPlugin\packages\arduino\hardware\sam\1.6.11\variants\arduino_due_x/libsam_sam3x8e_gcc_rel.a(timetick.o)
 .bss.ul_recv_fifo_ptr
                0x20072264       0x28 C:\sloeber\arduinoPlugin\packages\arduino\hardware\sam\1.6.11\variants\arduino_due_x/libsam_sam3x8e_gcc_rel.a(uotghs_device.o)
 .bss.ul_send_fifo_ptr
                0x2007228c       0x28 C:\sloeber\arduinoPlugin\packages\arduino\hardware\sam\1.6.11\variants\arduino_due_x/libsam_sam3x8e_gcc_rel.a(uotghs_device.o)
 .bss.__malloc_max_total_mem
                0x200722b4        0x4 c:/sloeber/arduinoplugin/packages/arduino/tools/arm-none-eabi-gcc/4.8.3-2014q1/bin/../lib/gcc/arm-none-eabi/4.8.3/../../../../arm-none-eabi/lib/armv7-m\libg.a(lib_a-mallocr.o)
                0x200722b4                __malloc_max_total_mem
 .bss.__malloc_max_sbrked_mem
                0x200722b8        0x4 c:/sloeber/arduinoplugin/packages/arduino/tools/arm-none-eabi-gcc/4.8.3-2014q1/bin/../lib/gcc/arm-none-eabi/4.8.3/../../../../arm-none-eabi/lib/armv7-m\libg.a(lib_a-mallocr.o)
                0x200722b8                __malloc_max_sbrked_mem
 .bss.__malloc_top_pad
                0x200722bc        0x4 c:/sloeber/arduinoplugin/packages/arduino/tools/arm-none-eabi-gcc/4.8.3-2014q1/bin/../lib/gcc/arm-none-eabi/4.8.3/../../../../arm-none-eabi/lib/armv7-m\libg.a(lib_a-mallocr.o)
                0x200722bc                __malloc_top_pad
 .bss.__malloc_current_mallinfo
                0x200722c0       0x28 c:/sloeber/arduinoplugin/packages/arduino/tools/arm-none-eabi-gcc/4.8.3-2014q1/bin/../lib/gcc/arm-none-eabi/4.8.3/../../../../arm-none-eabi/lib/armv7-m\libg.a(lib_a-mallocr.o)
                0x200722c0                __malloc_current_mallinfo
 *(COMMON)
 COMMON         0x200722e8        0x4 c:/sloeber/arduinoplugin/packages/arduino/tools/arm-none-eabi-gcc/4.8.3-2014q1/bin/../lib/gcc/arm-none-eabi/4.8.3/../../../../arm-none-eabi/lib/armv7-m\libg.a(lib_a-reent.o)
                0x200722e8                errno
                0x200722ec                . = ALIGN (0x4)
                0x200722ec                _ebss = .
                0x200722ec                _ezero = .
                0x200722ec                . = ALIGN (0x4)
                0x200722ec                _end = .

.stack_dummy    0x200722ec        0x0
 *(.stack*)
                0x20088000                __StackTop = (ORIGIN (ram) + 0x18000)
                0x20088000                __StackLimit = (__StackTop - SIZEOF (.stack_dummy))
                0x20088000                PROVIDE (_sstack, __StackLimit)
                0x20088000                PROVIDE (_estack, __StackTop)
OUTPUT(C:\Users\Labtop\Documents\sloeber-workspace\Thesis_ReaderCodeArduinoDue/Release/Thesis_ReaderCodeArduinoDue.elf elf32-littlearm)

.ARM.attributes
                0x00000000       0x29
 .ARM.attributes
                0x00000000       0x1d c:/sloeber/arduinoplugin/packages/arduino/tools/arm-none-eabi-gcc/4.8.3-2014q1/bin/../lib/gcc/arm-none-eabi/4.8.3/armv7-m/crti.o
 .ARM.attributes
                0x0000001d       0x2d c:/sloeber/arduinoplugin/packages/arduino/tools/arm-none-eabi-gcc/4.8.3-2014q1/bin/../lib/gcc/arm-none-eabi/4.8.3/armv7-m/crtbegin.o
 .ARM.attributes
                0x0000004a       0x33 .\sloeber.ino.cpp.o
 .ARM.attributes
                0x0000007d       0x33 C:\sloeber\arduinoPlugin\packages\arduino\hardware\sam\1.6.11\variants\arduino_due_x/libsam_sam3x8e_gcc_rel.a(startup_sam3xa.o)
 .ARM.attributes
                0x000000b0       0x33 C:\sloeber\arduinoPlugin\packages\arduino\hardware\sam\1.6.11\variants\arduino_due_x/libsam_sam3x8e_gcc_rel.a(uotghs.o)
 .ARM.attributes
                0x000000e3       0x33 C:/Users/Labtop/Documents/sloeber-workspace/Thesis_ReaderCodeArduinoDue/Release/arduino.ar(variant.cpp.o)
 .ARM.attributes
                0x00000116       0x33 C:/Users/Labtop/Documents/sloeber-workspace/Thesis_ReaderCodeArduinoDue/Release/arduino.ar(Print.cpp.o)
 .ARM.attributes
                0x00000149       0x33 C:/Users/Labtop/Documents/sloeber-workspace/Thesis_ReaderCodeArduinoDue/Release/arduino.ar(RingBuffer.cpp.o)
 .ARM.attributes
                0x0000017c       0x33 C:/Users/Labtop/Documents/sloeber-workspace/Thesis_ReaderCodeArduinoDue/Release/arduino.ar(UARTClass.cpp.o)
 .ARM.attributes
                0x000001af       0x33 C:/Users/Labtop/Documents/sloeber-workspace/Thesis_ReaderCodeArduinoDue/Release/arduino.ar(USARTClass.cpp.o)
 .ARM.attributes
                0x000001e2       0x33 C:/Users/Labtop/Documents/sloeber-workspace/Thesis_ReaderCodeArduinoDue/Release/arduino.ar(WInterrupts.c.o)
 .ARM.attributes
                0x00000215       0x33 C:/Users/Labtop/Documents/sloeber-workspace/Thesis_ReaderCodeArduinoDue/Release/arduino.ar(cortex_handlers.c.o)
 .ARM.attributes
                0x00000248       0x33 C:/Users/Labtop/Documents/sloeber-workspace/Thesis_ReaderCodeArduinoDue/Release/arduino.ar(hooks.c.o)
 .ARM.attributes
                0x0000027b       0x33 C:/Users/Labtop/Documents/sloeber-workspace/Thesis_ReaderCodeArduinoDue/Release/arduino.ar(main.cpp.o)
 .ARM.attributes
                0x000002ae       0x33 C:/Users/Labtop/Documents/sloeber-workspace/Thesis_ReaderCodeArduinoDue/Release/arduino.ar(syscalls_sam3.c.o)
 .ARM.attributes
                0x000002e1       0x33 C:/Users/Labtop/Documents/sloeber-workspace/Thesis_ReaderCodeArduinoDue/Release/arduino.ar(watchdog.cpp.o)
 .ARM.attributes
                0x00000314       0x33 C:/Users/Labtop/Documents/sloeber-workspace/Thesis_ReaderCodeArduinoDue/Release/arduino.ar(wiring.c.o)
 .ARM.attributes
                0x00000347       0x33 C:/Users/Labtop/Documents/sloeber-workspace/Thesis_ReaderCodeArduinoDue/Release/arduino.ar(wiring_analog.c.o)
 .ARM.attributes
                0x0000037a       0x33 C:/Users/Labtop/Documents/sloeber-workspace/Thesis_ReaderCodeArduinoDue/Release/arduino.ar(wiring_digital.c.o)
 .ARM.attributes
                0x000003ad       0x33 C:/Users/Labtop/Documents/sloeber-workspace/Thesis_ReaderCodeArduinoDue/Release/arduino.ar(USBCore.cpp.o)
 .ARM.attributes
                0x000003e0       0x33 C:/Users/Labtop/Documents/sloeber-workspace/Thesis_ReaderCodeArduinoDue/Release/arduino.ar(Reset.cpp.o)
 .ARM.attributes
                0x00000413       0x33 C:/Users/Labtop/Documents/sloeber-workspace/Thesis_ReaderCodeArduinoDue/Release/arduino.ar(CDC.cpp.o)
 .ARM.attributes
                0x00000446       0x33 C:/Users/Labtop/Documents/sloeber-workspace/Thesis_ReaderCodeArduinoDue/Release/arduino.ar(PluggableUSB.cpp.o)
 .ARM.attributes
                0x00000479       0x33 C:\sloeber\arduinoPlugin\packages\arduino\hardware\sam\1.6.11\variants\arduino_due_x/libsam_sam3x8e_gcc_rel.a(pio.o)
 .ARM.attributes
                0x000004ac       0x33 C:\sloeber\arduinoPlugin\packages\arduino\hardware\sam\1.6.11\variants\arduino_due_x/libsam_sam3x8e_gcc_rel.a(pmc.o)
 .ARM.attributes
                0x000004df       0x33 C:\sloeber\arduinoPlugin\packages\arduino\hardware\sam\1.6.11\variants\arduino_due_x/libsam_sam3x8e_gcc_rel.a(timetick.o)
 .ARM.attributes
                0x00000512       0x33 C:\sloeber\arduinoPlugin\packages\arduino\hardware\sam\1.6.11\variants\arduino_due_x/libsam_sam3x8e_gcc_rel.a(wdt.o)
 .ARM.attributes
                0x00000545       0x33 C:\sloeber\arduinoPlugin\packages\arduino\hardware\sam\1.6.11\variants\arduino_due_x/libsam_sam3x8e_gcc_rel.a(system_sam3xa.o)
 .ARM.attributes
                0x00000578       0x33 C:\sloeber\arduinoPlugin\packages\arduino\hardware\sam\1.6.11\variants\arduino_due_x/libsam_sam3x8e_gcc_rel.a(adc.o)
 .ARM.attributes
                0x000005ab       0x33 C:\sloeber\arduinoPlugin\packages\arduino\hardware\sam\1.6.11\variants\arduino_due_x/libsam_sam3x8e_gcc_rel.a(interrupt_sam_nvic.o)
 .ARM.attributes
                0x000005de       0x33 C:\sloeber\arduinoPlugin\packages\arduino\hardware\sam\1.6.11\variants\arduino_due_x/libsam_sam3x8e_gcc_rel.a(uotghs_device.o)
 .ARM.attributes
                0x00000611       0x1d c:/sloeber/arduinoplugin/packages/arduino/tools/arm-none-eabi-gcc/4.8.3-2014q1/bin/../lib/gcc/arm-none-eabi/4.8.3/armv7-m\libgcc.a(_arm_addsubdf3.o)
 .ARM.attributes
                0x0000062e       0x1d c:/sloeber/arduinoplugin/packages/arduino/tools/arm-none-eabi-gcc/4.8.3-2014q1/bin/../lib/gcc/arm-none-eabi/4.8.3/armv7-m\libgcc.a(_arm_muldivdf3.o)
 .ARM.attributes
                0x0000064b       0x1d c:/sloeber/arduinoplugin/packages/arduino/tools/arm-none-eabi-gcc/4.8.3-2014q1/bin/../lib/gcc/arm-none-eabi/4.8.3/armv7-m\libgcc.a(_arm_cmpdf2.o)
 .ARM.attributes
                0x00000668       0x1d c:/sloeber/arduinoplugin/packages/arduino/tools/arm-none-eabi-gcc/4.8.3-2014q1/bin/../lib/gcc/arm-none-eabi/4.8.3/armv7-m\libgcc.a(_arm_fixunsdfsi.o)
 .ARM.attributes
                0x00000685       0x2d c:/sloeber/arduinoplugin/packages/arduino/tools/arm-none-eabi-gcc/4.8.3-2014q1/bin/../lib/gcc/arm-none-eabi/4.8.3/../../../../arm-none-eabi/lib/armv7-m\libg.a(lib_a-impure.o)
 .ARM.attributes
                0x000006b2       0x2d c:/sloeber/arduinoplugin/packages/arduino/tools/arm-none-eabi-gcc/4.8.3-2014q1/bin/../lib/gcc/arm-none-eabi/4.8.3/../../../../arm-none-eabi/lib/armv7-m\libg.a(lib_a-init.o)
 .ARM.attributes
                0x000006df       0x2d c:/sloeber/arduinoplugin/packages/arduino/tools/arm-none-eabi-gcc/4.8.3-2014q1/bin/../lib/gcc/arm-none-eabi/4.8.3/../../../../arm-none-eabi/lib/armv7-m\libg.a(lib_a-iprintf.o)
 .ARM.attributes
                0x0000070c       0x2d c:/sloeber/arduinoplugin/packages/arduino/tools/arm-none-eabi-gcc/4.8.3-2014q1/bin/../lib/gcc/arm-none-eabi/4.8.3/../../../../arm-none-eabi/lib/armv7-m\libg.a(lib_a-memset.o)
 .ARM.attributes
                0x00000739       0x2d c:/sloeber/arduinoplugin/packages/arduino/tools/arm-none-eabi-gcc/4.8.3-2014q1/bin/../lib/gcc/arm-none-eabi/4.8.3/../../../../arm-none-eabi/lib/armv7-m\libg.a(lib_a-strlen.o)
 .ARM.attributes
                0x00000766       0x2d c:/sloeber/arduinoplugin/packages/arduino/tools/arm-none-eabi-gcc/4.8.3-2014q1/bin/../lib/gcc/arm-none-eabi/4.8.3/../../../../arm-none-eabi/lib/armv7-m\libg.a(lib_a-syskill.o)
 .ARM.attributes
                0x00000793       0x2d c:/sloeber/arduinoplugin/packages/arduino/tools/arm-none-eabi-gcc/4.8.3-2014q1/bin/../lib/gcc/arm-none-eabi/4.8.3/../../../../arm-none-eabi/lib/armv7-m\libg.a(lib_a-vfiprintf.o)
 .ARM.attributes
                0x000007c0       0x2d c:/sloeber/arduinoplugin/packages/arduino/tools/arm-none-eabi-gcc/4.8.3-2014q1/bin/../lib/gcc/arm-none-eabi/4.8.3/../../../../arm-none-eabi/lib/armv7-m\libg.a(lib_a-wsetup.o)
 .ARM.attributes